
=== Electromagnetic modelling software based on the Finite-Difference Time-Domain (FDTD) method 

    www.gprmax.com   __  __
     __ _ _ __  _ __|  \/  | __ ___  __
    / _` | '_ \| '__| |\/| |/ _` \ \/ /
   | (_| | |_) | |  | |  | | (_| |>  <
    \__, | .__/|_|  |_|  |_|\__,_/_/\_\\
    |___/|_|
                     v4.0.0 (Caol Ila)

 Copyright (C) 2015-2026: The University of Edinburgh, United Kingdom

 gprMax is free software: you can redistribute it and/or modify it under the
  terms of the GNU General Public License as published by the Free Software
  Foundation, either version 3 of the License, or (at your option) any later
  version.
 gprMax is distributed in the hope that it will be useful, but WITHOUT ANY
  WARRANTY; without even the implied warranty of MERCHANTABILITY or FITNESS FOR
  A PARTICULAR PURPOSE.  See the GNU General Public License for more details.
 You should have received a copy of the GNU General Public License along with
  gprMax.  If not, see www.gnu.org/licenses.

LAPTOP-83GRKUNE | unknown unknown | unknown x unknown (16 cores, 32 cores with Hyper-Threading) | 63.2 GiB | Windows 11 (64-bit)
|--->OpenMP: 16 threads
|--->CUDA:
     |--->Device 0: NVIDIA GeForce RTX 4090 Laptop GPU | 16.0 GiB
Constants/variables used/available for Python scripting: {c: 299792458.0, current_model_run: 1, e0: 8.8541878188e-12, inputfile: E:\automation_djh\artifacts\research_checks\2026-10-05_layout_pol_3d_r1\rough_inline_y\profile.in, m0: 1.25663706127e-06, number_model_runs: 1, z0: 376.7303134118051}

Model title: 3D layout/pol control v0.1; rough inline y-pol; centre station; 8m altitude
Spatial discretisation: 0.025 x 0.025 x 0.025m
Domain size: 10 x 10 x 16m (400 x 400 x 640 = 1.024e+08 cells)
Mode: 3D
Time step (at CFL limit): 4.81458e-11 secs
Time window: 2e-07 secs (4156 iterations)
Simulation will use 2 OpenMP threads
PML thickness: x0=40, y0=40, z0=40, xmax=40, ymax=40, zmax=40
Waveform pulse of type ricker with maximum amplitude scaling 40, frequency 1e+08Hz created.
Hertzian dipole with polarity y at 4.35m, 5m, 14m, using waveform pulse created.
Receiver at 5.65m, 5m, 14m with output component(s) Ex, Ey, Ez created.
Material rock with eps_r=9, sigma=0.001 S/m; mu_r=1, sigma*=0 Ohm/m created.
Material cover with eps_r=18.017, sigma=0.003 S/m; mu_r=1, sigma*=0 Ohm/m created.
Debye disperion added to cover with delta_eps_r=7.88, and tau=6.457e-09 secs created.
PML formulation set to HORIPML
Box from 0m, 0m, 0m, to 0.25m, 10m, 2.85m of material(s) rock created, dielectric smoothing is on.
Box from 0m, 0m, 2.85m, to 0.25m, 10m, 6m of material(s) cover created, dielectric smoothing is off.
Box from 0.25m, 0m, 0m, to 0.5m, 10m, 2.85m of material(s) rock created, dielectric smoothing is on.
Box from 0.25m, 0m, 2.85m, to 0.5m, 10m, 6m of material(s) cover created, dielectric smoothing is off.
Box from 0.5m, 0m, 0m, to 0.75m, 10m, 2.85m of material(s) rock created, dielectric smoothing is on.
Box from 0.5m, 0m, 2.85m, to 0.75m, 10m, 6m of material(s) cover created, dielectric smoothing is off.
Box from 0.75m, 0m, 0m, to 1m, 10m, 2.75m of material(s) rock created, dielectric smoothing is on.
Box from 0.75m, 0m, 2.75m, to 1m, 10m, 6m of material(s) cover created, dielectric smoothing is off.
Box from 1m, 0m, 0m, to 1.25m, 10m, 2.75m of material(s) rock created, dielectric smoothing is on.
Box from 1m, 0m, 2.75m, to 1.25m, 10m, 6m of material(s) cover created, dielectric smoothing is off.
Box from 1.25m, 0m, 0m, to 1.5m, 10m, 2.65m of material(s) rock created, dielectric smoothing is on.
Box from 1.25m, 0m, 2.65m, to 1.5m, 10m, 6m of material(s) cover created, dielectric smoothing is off.
Box from 1.5m, 0m, 0m, to 1.75m, 10m, 2.65m of material(s) rock created, dielectric smoothing is on.
Box from 1.5m, 0m, 2.65m, to 1.75m, 10m, 6m of material(s) cover created, dielectric smoothing is off.
Box from 1.75m, 0m, 0m, to 2m, 10m, 2.65m of material(s) rock created, dielectric smoothing is on.
Box from 1.75m, 0m, 2.65m, to 2m, 10m, 6m of material(s) cover created, dielectric smoothing is off.
Box from 2m, 0m, 0m, to 2.25m, 10m, 2.65m of material(s) rock created, dielectric smoothing is on.
Box from 2m, 0m, 2.65m, to 2.25m, 10m, 6m of material(s) cover created, dielectric smoothing is off.
Box from 2.25m, 0m, 0m, to 2.5m, 10m, 2.75m of material(s) rock created, dielectric smoothing is on.
Box from 2.25m, 0m, 2.75m, to 2.5m, 10m, 6m of material(s) cover created, dielectric smoothing is off.
Box from 2.5m, 0m, 0m, to 2.75m, 10m, 2.75m of material(s) rock created, dielectric smoothing is on.
Box from 2.5m, 0m, 2.75m, to 2.75m, 10m, 6m of material(s) cover created, dielectric smoothing is off.
Box from 2.75m, 0m, 0m, to 3m, 10m, 2.85m of material(s) rock created, dielectric smoothing is on.
Box from 2.75m, 0m, 2.85m, to 3m, 10m, 6m of material(s) cover created, dielectric smoothing is off.
Box from 3m, 0m, 0m, to 3.25m, 10m, 2.95m of material(s) rock created, dielectric smoothing is on.
Box from 3m, 0m, 2.95m, to 3.25m, 10m, 6m of material(s) cover created, dielectric smoothing is off.
Box from 3.25m, 0m, 0m, to 3.5m, 10m, 3.05m of material(s) rock created, dielectric smoothing is on.
Box from 3.25m, 0m, 3.05m, to 3.5m, 10m, 6m of material(s) cover created, dielectric smoothing is off.
Box from 3.5m, 0m, 0m, to 3.75m, 10m, 3.15m of material(s) rock created, dielectric smoothing is on.
Box from 3.5m, 0m, 3.15m, to 3.75m, 10m, 6m of material(s) cover created, dielectric smoothing is off.
Box from 3.75m, 0m, 0m, to 4m, 10m, 3.25m of material(s) rock created, dielectric smoothing is on.
Box from 3.75m, 0m, 3.25m, to 4m, 10m, 6m of material(s) cover created, dielectric smoothing is off.
Box from 4m, 0m, 0m, to 4.25m, 10m, 3.35m of material(s) rock created, dielectric smoothing is on.
Box from 4m, 0m, 3.35m, to 4.25m, 10m, 6m of material(s) cover created, dielectric smoothing is off.
Box from 4.25m, 0m, 0m, to 4.5m, 10m, 3.35m of material(s) rock created, dielectric smoothing is on.
Box from 4.25m, 0m, 3.35m, to 4.5m, 10m, 6m of material(s) cover created, dielectric smoothing is off.
Box from 4.5m, 0m, 0m, to 4.75m, 10m, 3.45m of material(s) rock created, dielectric smoothing is on.
Box from 4.5m, 0m, 3.45m, to 4.75m, 10m, 6m of material(s) cover created, dielectric smoothing is off.
Box from 4.75m, 0m, 0m, to 5m, 10m, 3.45m of material(s) rock created, dielectric smoothing is on.
Box from 4.75m, 0m, 3.45m, to 5m, 10m, 6m of material(s) cover created, dielectric smoothing is off.
Box from 5m, 0m, 0m, to 5.25m, 10m, 3.45m of material(s) rock created, dielectric smoothing is on.
Box from 5m, 0m, 3.45m, to 5.25m, 10m, 6m of material(s) cover created, dielectric smoothing is off.
Box from 5.25m, 0m, 0m, to 5.5m, 10m, 3.45m of material(s) rock created, dielectric smoothing is on.
Box from 5.25m, 0m, 3.45m, to 5.5m, 10m, 6m of material(s) cover created, dielectric smoothing is off.
Box from 5.5m, 0m, 0m, to 5.75m, 10m, 3.45m of material(s) rock created, dielectric smoothing is on.
Box from 5.5m, 0m, 3.45m, to 5.75m, 10m, 6m of material(s) cover created, dielectric smoothing is off.
Box from 5.75m, 0m, 0m, to 6m, 10m, 3.45m of material(s) rock created, dielectric smoothing is on.
Box from 5.75m, 0m, 3.45m, to 6m, 10m, 6m of material(s) cover created, dielectric smoothing is off.
Box from 6m, 0m, 0m, to 6.25m, 10m, 3.35m of material(s) rock created, dielectric smoothing is on.
Box from 6m, 0m, 3.35m, to 6.25m, 10m, 6m of material(s) cover created, dielectric smoothing is off.
Box from 6.25m, 0m, 0m, to 6.5m, 10m, 3.35m of material(s) rock created, dielectric smoothing is on.
Box from 6.25m, 0m, 3.35m, to 6.5m, 10m, 6m of material(s) cover created, dielectric smoothing is off.
Box from 6.5m, 0m, 0m, to 6.75m, 10m, 3.25m of material(s) rock created, dielectric smoothing is on.
Box from 6.5m, 0m, 3.25m, to 6.75m, 10m, 6m of material(s) cover created, dielectric smoothing is off.
Box from 6.75m, 0m, 0m, to 7m, 10m, 3.25m of material(s) rock created, dielectric smoothing is on.
Box from 6.75m, 0m, 3.25m, to 7m, 10m, 6m of material(s) cover created, dielectric smoothing is off.
Box from 7m, 0m, 0m, to 7.25m, 10m, 3.15m of material(s) rock created, dielectric smoothing is on.
Box from 7m, 0m, 3.15m, to 7.25m, 10m, 6m of material(s) cover created, dielectric smoothing is off.
Box from 7.25m, 0m, 0m, to 7.5m, 10m, 3.05m of material(s) rock created, dielectric smoothing is on.
Box from 7.25m, 0m, 3.05m, to 7.5m, 10m, 6m of material(s) cover created, dielectric smoothing is off.
Box from 7.5m, 0m, 0m, to 7.75m, 10m, 3.05m of material(s) rock created, dielectric smoothing is on.
Box from 7.5m, 0m, 3.05m, to 7.75m, 10m, 6m of material(s) cover created, dielectric smoothing is off.
Box from 7.75m, 0m, 0m, to 8m, 10m, 2.95m of material(s) rock created, dielectric smoothing is on.
Box from 7.75m, 0m, 2.95m, to 8m, 10m, 6m of material(s) cover created, dielectric smoothing is off.
Box from 8m, 0m, 0m, to 8.25m, 10m, 2.95m of material(s) rock created, dielectric smoothing is on.
Box from 8m, 0m, 2.95m, to 8.25m, 10m, 6m of material(s) cover created, dielectric smoothing is off.
Box from 8.25m, 0m, 0m, to 8.5m, 10m, 2.95m of material(s) rock created, dielectric smoothing is on.
Box from 8.25m, 0m, 2.95m, to 8.5m, 10m, 6m of material(s) cover created, dielectric smoothing is off.
Box from 8.5m, 0m, 0m, to 8.75m, 10m, 2.95m of material(s) rock created, dielectric smoothing is on.
Box from 8.5m, 0m, 2.95m, to 8.75m, 10m, 6m of material(s) cover created, dielectric smoothing is off.
Box from 8.75m, 0m, 0m, to 9m, 10m, 2.95m of material(s) rock created, dielectric smoothing is on.
Box from 8.75m, 0m, 2.95m, to 9m, 10m, 6m of material(s) cover created, dielectric smoothing is off.
Box from 9m, 0m, 0m, to 9.25m, 10m, 2.95m of material(s) rock created, dielectric smoothing is on.
Box from 9m, 0m, 2.95m, to 9.25m, 10m, 6m of material(s) cover created, dielectric smoothing is off.
Box from 9.25m, 0m, 0m, to 9.5m, 10m, 2.95m of material(s) rock created, dielectric smoothing is on.
Box from 9.25m, 0m, 2.95m, to 9.5m, 10m, 6m of material(s) cover created, dielectric smoothing is off.
Box from 9.5m, 0m, 0m, to 9.75m, 10m, 3.05m of material(s) rock created, dielectric smoothing is on.
Box from 9.5m, 0m, 3.05m, to 9.75m, 10m, 6m of material(s) cover created, dielectric smoothing is off.
Box from 9.75m, 0m, 0m, to 10m, 10m, 3.15m of material(s) rock created, dielectric smoothing is on.
Box from 9.75m, 0m, 3.15m, to 10m, 10m, 6m of material(s) cover created, dielectric smoothing is off.

--- Model 1/1, input file: E:\automation_djh\artifacts\research_checks\2026-10-05_layout_pol_3d_r1\rough_inline_y\profile.in 


Memory required (estimated): ~14.9 GB [main_grid] + ~65.0 MB overhead = 14.9 GB

PML boundaries [main_grid]: {formulation: HORIPML, order: 1, thickness (cells): 40}


Materials [main_grid]:
    |            |         |        | sigma | Delta | tau        | omega | delta | gamma |      | sigma*  | Dielectric 
 ID | Name       | Type    | eps_r  | [S/m] | eps_r | [s]        | [Hz]  | [Hz]  | [Hz]  | mu_r | [Ohm/m] | smoothable 
----+------------+---------+--------+-------+-------+------------+-------+-------+-------+------+---------+------------
  0 | pec        | builtin | 1      | inf   |       |            |       |       |       | 1    | 0       | False      
  1 | pmc        | builtin | 1      | 0     |       |            |       |       |       | 1    | inf     | False      
  2 | free_space | builtin | 1      | 0     |       |            |       |       |       | 1    | 0       | True       
  3 | rock       |         | 9      | 0.001 |       |            |       |       |       | 1    | 0       | True       
  4 | cover      | debye   | 18.017 | 0.003 | 7.878 | 6.4567e-09 |       |       |       | 1    | 0       | False      

Spatial-resolution analysis [main_grid]: minimum 9.97 cells per phase wavelength in 'cover', at 2.82829e+08 Hz.
[main_grid] continuum phase velocity 7.04918e+07 m/s, wavelength 0.249239 m at that limiting frequency.
[main_grid] minimum 1/e amplitude attenuation length: 65.8 cells in 'cover' at 2.82829e+08 Hz. Attenuation resolution is separate from phase-wavelength sampling.
Lossless numerical dispersion estimate [main_grid]: grid-axis phase-velocity error -0.06% in 'free_space' at 2.82829e+08 Hz. Propagation axis: x. This is a homogeneous bulk estimate, not an interface or stability guarantee.
Numerical dispersion analysis [main_grid]: lossy, dispersive or anisotropic materials: numerical phase-error estimate unavailable.
Output directory: E:\automation_djh\artifacts\research_checks\2026-10-05_layout_pol_3d_r1\rough_inline_y




Model 1/1 solving on LAPTOP-83GRKUNE with CUDA backend using Device 0: NVIDIA GeForce RTX 4090 Laptop GPU

Written output file: profile.h5

Memory used (estimated): ~14.0 GB host + ~13.3 GB device
Time taken: 5 minutes and 27.3857 seconds

=== Simulation completed in 5 minutes and 44.9900 seconds ======================

