
=== Electromagnetic modelling software based on the Finite-Difference Time-Domain (FDTD) method 

    www.gprmax.com   __  __
     __ _ _ __  _ __|  \/  | __ ___  __
    / _` | '_ \| '__| |\/| |/ _` \ \/ /
   | (_| | |_) | |  | |  | | (_| |>  <
    \__, | .__/|_|  |_|  |_|\__,_/_/\_\\
    |___/|_|
                     v4.0.0 (Caol Ila)

 Copyright (C) 2015-2026: The University of Edinburgh, United Kingdom

 gprMax is free software: you can redistribute it and/or modify it under the
  terms of the GNU General Public License as published by the Free Software
  Foundation, either version 3 of the License, or (at your option) any later
  version.
 gprMax is distributed in the hope that it will be useful, but WITHOUT ANY
  WARRANTY; without even the implied warranty of MERCHANTABILITY or FITNESS FOR
  A PARTICULAR PURPOSE.  See the GNU General Public License for more details.
 You should have received a copy of the GNU General Public License along with
  gprMax.  If not, see www.gnu.org/licenses.

DESKTOP-DGLCK4J | unknown unknown | unknown x unknown (8 cores, 16 cores with Hyper-Threading) | 15.8 GiB | Windows 11 (64-bit)
|--->OpenMP: 8 threads
Constants/variables used/available for Python scripting: {c: 299792458.0, current_model_run: 1, e0: 8.8541878188e-12, inputfile: D:\自动处理\artifacts\research_checks\2026-10-05_local_uav_plane_r2\air.in, m0: 1.25663706127e-06, number_model_runs: 1, z0: 376.7303134118051}

Model title: Normal-incidence Fresnel/slab diagnostic; no antenna port
Spatial discretisation: 0.05 x 0.05 x 0.05m
Domain size: 0.4 x 0.05 x 24m (8 x 1 x 480 = 3840 cells)
#domain: 0.4 0.05 24.0 detected a 2D model from a 1-cell-thick axis (legacy, implicit style) - consider declaring '#domain_mode: TM' explicitly with 'inf' on that axis in '#domain' instead, which also supports TE mode.
Mode: 2D TMy
Time step (at CFL limit): 1.17933e-10 secs
Time window: 3e-07 secs (2545 iterations)
Simulation will use 2 OpenMP threads
PML thickness: x0=0, y0=0, z0=20, xmax=0, ymax=0, zmax=20
#symmetry_boundary: {'face': 'x0', 'type': 'pmc'} cannot currently be used in 2D mode.
NoneType: None
Error creating user object '#symmetry_boundary: x0 pmc'
Traceback (most recent call last):
  File "D:\自动处理\artifacts\local_checks\gprmax_v4_gpu_env\Lib\site-packages\gprMax\scene.py", line 122, in build_grid_objects
    grid_user_object.build(grid)
  File "D:\自动处理\artifacts\local_checks\gprmax_v4_gpu_env\Lib\site-packages\gprMax\user_objects\cmds_multiuse.py", line 5297, in build
    raise ValueError
ValueError
