Collecting colorama==0.4.6 (from -r configs/research/gprmax_v4_win_py312_dependencies.txt (line 3))
  Using cached colorama-0.4.6-py2.py3-none-any.whl.metadata (17 kB)
Collecting contourpy==1.4.0 (from -r configs/research/gprmax_v4_win_py312_dependencies.txt (line 4))
  Using cached contourpy-1.4.0-cp312-cp312-win_amd64.whl.metadata (3.8 kB)
Collecting cycler==0.12.1 (from -r configs/research/gprmax_v4_win_py312_dependencies.txt (line 5))
  Using cached cycler-0.12.1-py3-none-any.whl.metadata (3.8 kB)
Collecting Cython==3.3.0 (from -r configs/research/gprmax_v4_win_py312_dependencies.txt (line 6))
  Using cached cython-3.3.0-py3-none-any.whl
Collecting fonttools==4.66.0 (from -r configs/research/gprmax_v4_win_py312_dependencies.txt (line 7))
  Using cached fonttools-4.66.0-cp312-cp312-win_amd64.whl.metadata (131 kB)
Collecting h5py==3.16.0 (from -r configs/research/gprmax_v4_win_py312_dependencies.txt (line 8))
  Using cached h5py-3.16.0-cp312-cp312-win_amd64.whl.metadata (3.1 kB)
Collecting humanize==4.16.0 (from -r configs/research/gprmax_v4_win_py312_dependencies.txt (line 9))
  Using cached humanize-4.16.0-py3-none-any.whl.metadata (8.0 kB)
Collecting Jinja2==3.1.6 (from -r configs/research/gprmax_v4_win_py312_dependencies.txt (line 10))
  Using cached jinja2-3.1.6-py3-none-any.whl.metadata (2.9 kB)
Collecting kiwisolver==1.5.1 (from -r configs/research/gprmax_v4_win_py312_dependencies.txt (line 11))
  Using cached kiwisolver-1.5.1-cp312-cp312-win_amd64.whl.metadata (5.2 kB)
Collecting MarkupSafe==3.0.3 (from -r configs/research/gprmax_v4_win_py312_dependencies.txt (line 12))
  Using cached markupsafe-3.0.3-cp312-cp312-win_amd64.whl.metadata (2.8 kB)
Collecting matplotlib==3.11.2 (from -r configs/research/gprmax_v4_win_py312_dependencies.txt (line 13))
  Using cached matplotlib-3.11.2-cp312-cp312-win_amd64.whl.metadata (80 kB)
Collecting numpy==2.5.3 (from -r configs/research/gprmax_v4_win_py312_dependencies.txt (line 14))
  Using cached numpy-2.5.3-cp312-cp312-win_amd64.whl.metadata (6.6 kB)
Collecting numpy-stl==4.0.1 (from -r configs/research/gprmax_v4_win_py312_dependencies.txt (line 15))
  Using cached numpy_stl-4.0.1-py3-none-any.whl.metadata (9.9 kB)
Collecting packaging==26.3 (from -r configs/research/gprmax_v4_win_py312_dependencies.txt (line 16))
  Using cached packaging-26.3-py3-none-any.whl.metadata (3.5 kB)
Collecting pillow==12.3.0 (from -r configs/research/gprmax_v4_win_py312_dependencies.txt (line 17))
  Using cached pillow-12.3.0-cp312-cp312-win_amd64.whl.metadata (9.3 kB)
Collecting psutil==7.2.2 (from -r configs/research/gprmax_v4_win_py312_dependencies.txt (line 18))
  Using cached psutil-7.2.2-cp37-abi3-win_amd64.whl.metadata (22 kB)
Collecting pyparsing==3.3.3 (from -r configs/research/gprmax_v4_win_py312_dependencies.txt (line 19))
  Using cached pyparsing-3.3.3-py3-none-any.whl.metadata (5.9 kB)
Collecting python-dateutil==2.9.0.post0 (from -r configs/research/gprmax_v4_win_py312_dependencies.txt (line 20))
  Using cached python_dateutil-2.9.0.post0-py2.py3-none-any.whl.metadata (8.4 kB)
Collecting python-utils==4.0.1 (from -r configs/research/gprmax_v4_win_py312_dependencies.txt (line 21))
  Using cached python_utils-4.0.1-py3-none-any.whl.metadata (14 kB)
Collecting scipy==1.18.1 (from -r configs/research/gprmax_v4_win_py312_dependencies.txt (line 22))
  Using cached scipy-1.18.1-cp312-cp312-win_amd64.whl.metadata (61 kB)
Collecting setuptools==84.0.0 (from -r configs/research/gprmax_v4_win_py312_dependencies.txt (line 23))
  Using cached setuptools-84.0.0-py3-none-any.whl.metadata (6.6 kB)
Collecting six==1.17.0 (from -r configs/research/gprmax_v4_win_py312_dependencies.txt (line 24))
  Using cached six-1.17.0-py2.py3-none-any.whl.metadata (1.7 kB)
Collecting terminaltables==3.1.10 (from -r configs/research/gprmax_v4_win_py312_dependencies.txt (line 25))
  Using cached terminaltables-3.1.10-py2.py3-none-any.whl.metadata (3.5 kB)
Collecting tqdm==4.70.1 (from -r configs/research/gprmax_v4_win_py312_dependencies.txt (line 26))
  Using cached tqdm-4.70.1-py3-none-any.whl.metadata (57 kB)
Collecting typing_extensions==4.16.0 (from -r configs/research/gprmax_v4_win_py312_dependencies.txt (line 27))
  Using cached typing_extensions-4.16.0-py3-none-any.whl.metadata (3.3 kB)
Collecting wheel==0.48.0 (from -r configs/research/gprmax_v4_win_py312_dependencies.txt (line 28))
  Using cached wheel-0.48.0-py3-none-any.whl.metadata (2.3 kB)
Using cached colorama-0.4.6-py2.py3-none-any.whl (25 kB)
Using cached contourpy-1.4.0-cp312-cp312-win_amd64.whl (234 kB)
Using cached cycler-0.12.1-py3-none-any.whl (8.3 kB)
Using cached fonttools-4.66.0-cp312-cp312-win_amd64.whl (2.5 MB)
Using cached h5py-3.16.0-cp312-cp312-win_amd64.whl (3.2 MB)
Using cached humanize-4.16.0-py3-none-any.whl (137 kB)
Using cached jinja2-3.1.6-py3-none-any.whl (134 kB)
Using cached kiwisolver-1.5.1-cp312-cp312-win_amd64.whl (70 kB)
Using cached markupsafe-3.0.3-cp312-cp312-win_amd64.whl (15 kB)
Using cached matplotlib-3.11.2-cp312-cp312-win_amd64.whl (9.3 MB)
Using cached numpy-2.5.3-cp312-cp312-win_amd64.whl (12.6 MB)
Using cached numpy_stl-4.0.1-py3-none-any.whl (32 kB)
Using cached packaging-26.3-py3-none-any.whl (129 kB)
Using cached pillow-12.3.0-cp312-cp312-win_amd64.whl (7.2 MB)
Using cached psutil-7.2.2-cp37-abi3-win_amd64.whl (137 kB)
Using cached pyparsing-3.3.3-py3-none-any.whl (126 kB)
Using cached python_dateutil-2.9.0.post0-py2.py3-none-any.whl (229 kB)
Using cached python_utils-4.0.1-py3-none-any.whl (39 kB)
Using cached scipy-1.18.1-cp312-cp312-win_amd64.whl (36.7 MB)
Using cached setuptools-84.0.0-py3-none-any.whl (818 kB)
Using cached six-1.17.0-py2.py3-none-any.whl (11 kB)
Using cached terminaltables-3.1.10-py2.py3-none-any.whl (15 kB)
Using cached tqdm-4.70.1-py3-none-any.whl (80 kB)
Using cached typing_extensions-4.16.0-py3-none-any.whl (45 kB)
Using cached wheel-0.48.0-py3-none-any.whl (33 kB)
Installing collected packages: typing_extensions, terminaltables, six, setuptools, pyparsing, psutil, pillow, packaging, numpy, MarkupSafe, kiwisolver, humanize, fonttools, Cython, cycler, colorama, wheel, tqdm, scipy, python-utils, python-dateutil, Jinja2, h5py, contourpy, numpy-stl, matplotlib
Successfully installed Cython-3.3.0 Jinja2-3.1.6 MarkupSafe-3.0.3 colorama-0.4.6 contourpy-1.4.0 cycler-0.12.1 fonttools-4.66.0 h5py-3.16.0 humanize-4.16.0 kiwisolver-1.5.1 matplotlib-3.11.2 numpy-2.5.3 numpy-stl-4.0.1 packaging-26.3 pillow-12.3.0 psutil-7.2.2 pyparsing-3.3.3 python-dateutil-2.9.0.post0 python-utils-4.0.1 scipy-1.18.1 setuptools-84.0.0 six-1.17.0 terminaltables-3.1.10 tqdm-4.70.1 typing_extensions-4.16.0 wheel-0.48.0

[notice] A new release of pip is available: 25.0.1 -> 26.2.1
[notice] To update, run: E:\automation_djh\automation_repo\artifacts\local_checks\gprmax_v4_gpu_env\Scripts\python.exe -m pip install --upgrade pip
