Collecting pycuda==2026.1
  Using cached pycuda-2026.1.tar.gz (1.7 MB)
  Installing build dependencies: started
  Installing build dependencies: finished with status 'done'
  Getting requirements to build wheel: started
  Getting requirements to build wheel: finished with status 'done'
  Preparing metadata (pyproject.toml): started
  Preparing metadata (pyproject.toml): finished with status 'done'
Collecting pytools>=2011.2 (from pycuda==2026.1)
  Using cached pytools-2026.1.1-py3-none-any.whl.metadata (2.9 kB)
Collecting platformdirs>=2.2.0 (from pycuda==2026.1)
  Downloading platformdirs-4.11.12-py3-none-any.whl.metadata (5.5 kB)
Collecting mako (from pycuda==2026.1)
  Downloading mako-1.4.3-py3-none-any.whl.metadata (2.9 kB)
Collecting siphash24>=1.6 (from pytools>=2011.2->pycuda==2026.1)
  Downloading siphash24-1.9-cp312-cp312-win_amd64.whl.metadata (3.3 kB)
Requirement already satisfied: typing-extensions>=4.5 in e:\automation_djh\automation_repo\artifacts\local_checks\gprmax_v4_gpu_env\lib\site-packages (from pytools>=2011.2->pycuda==2026.1) (4.16.0)
Requirement already satisfied: MarkupSafe>=2.0 in e:\automation_djh\automation_repo\artifacts\local_checks\gprmax_v4_gpu_env\lib\site-packages (from mako->pycuda==2026.1) (3.0.3)
Downloading platformdirs-4.11.12-py3-none-any.whl (24 kB)
Using cached pytools-2026.1.1-py3-none-any.whl (99 kB)
Downloading mako-1.4.3-py3-none-any.whl (80 kB)
Downloading siphash24-1.9-cp312-cp312-win_amd64.whl (77 kB)
Building wheels for collected packages: pycuda
  Building wheel for pycuda (pyproject.toml): started
  Building wheel for pycuda (pyproject.toml): finished with status 'done'
  Created wheel for pycuda: filename=pycuda-2026.1-cp312-cp312-win_amd64.whl size=394925 sha256=49f9b291e88d76b4a1a20a602833f8e34b7f8e44d011223109a6e835af635189
  Stored in directory: c:\users\rog\appdata\local\pip\cache\wheels\90\2a\71\75ec0cc316cc0ff494bfffa2935e02580129cb7f859a0cfd8f
Successfully built pycuda
Installing collected packages: siphash24, platformdirs, mako, pytools, pycuda
Successfully installed mako-1.4.3 platformdirs-4.11.12 pycuda-2026.1 pytools-2026.1.1 siphash24-1.9

[notice] A new release of pip is available: 25.0.1 -> 26.2.1
[notice] To update, run: E:\automation_djh\automation_repo\artifacts\local_checks\gprmax_v4_gpu_env\Scripts\python.exe -m pip install --upgrade pip
