
=== Electromagnetic modelling software based on the Finite-Difference Time-Domain (FDTD) method 

    www.gprmax.com   __  __
     __ _ _ __  _ __|  \/  | __ ___  __
    / _` | '_ \| '__| |\/| |/ _` \ \/ /
   | (_| | |_) | |  | |  | | (_| |>  <
    \__, | .__/|_|  |_|  |_|\__,_/_/\_\\
    |___/|_|
                     v4.0.0 (Caol Ila)

 Copyright (C) 2015-2026: The University of Edinburgh, United Kingdom

 gprMax is free software: you can redistribute it and/or modify it under the
  terms of the GNU General Public License as published by the Free Software
  Foundation, either version 3 of the License, or (at your option) any later
  version.
 gprMax is distributed in the hope that it will be useful, but WITHOUT ANY
  WARRANTY; without even the implied warranty of MERCHANTABILITY or FITNESS FOR
  A PARTICULAR PURPOSE.  See the GNU General Public License for more details.
 You should have received a copy of the GNU General Public License along with
  gprMax.  If not, see www.gnu.org/licenses.

DESKTOP-DGLCK4J | unknown unknown | unknown x unknown (8 cores, 16 cores with Hyper-Threading) | 15.8 GiB | Windows 11 (64-bit)
|--->OpenMP: 8 threads
|--->CUDA:
     |--->Device 0: NVIDIA GeForce RTX 3060 Laptop GPU | 6.0 GiB
Constants/variables used/available for Python scripting: {c: 299792458.0, current_model_run: 1, e0: 8.8541878188e-12, inputfile: D:\自动处理\artifacts\research_checks\2026-10-04_hs4_height_wavefield_pilot\high_rough\profile.in, m0: 1.25663706127e-06, number_model_runs: 1, z0: 376.7303134118051}

'#snapshot: 12 0 8 24 0.05 28.1 0.15 0.05 0.15 0 snap00000 .h5' requires exactly eleven parameters
NoneType: None
