
=== Electromagnetic modelling software based on the Finite-Difference Time-Domain (FDTD) method 

    www.gprmax.com   __  __
     __ _ _ __  _ __|  \/  | __ ___  __
    / _` | '_ \| '__| |\/| |/ _` \ \/ /
   | (_| | |_) | |  | |  | | (_| |>  <
    \__, | .__/|_|  |_|  |_|\__,_/_/\_\\
    |___/|_|
                     v4.0.0 (Caol Ila)

 Copyright (C) 2015-2026: The University of Edinburgh, United Kingdom

 gprMax is free software: you can redistribute it and/or modify it under the
  terms of the GNU General Public License as published by the Free Software
  Foundation, either version 3 of the License, or (at your option) any later
  version.
 gprMax is distributed in the hope that it will be useful, but WITHOUT ANY
  WARRANTY; without even the implied warranty of MERCHANTABILITY or FITNESS FOR
  A PARTICULAR PURPOSE.  See the GNU General Public License for more details.
 You should have received a copy of the GNU General Public License along with
  gprMax.  If not, see www.gnu.org/licenses.

DESKTOP-DGLCK4J | unknown unknown | unknown x unknown (8 cores, 16 cores with Hyper-Threading) | 15.8 GiB | Windows 11 (64-bit)
|--->OpenMP: 8 threads
|--->CUDA:
     |--->Device 0: NVIDIA GeForce RTX 3060 Laptop GPU | 6.0 GiB
Constants/variables used/available for Python scripting: {c: 299792458.0, current_model_run: 1, e0: 8.8541878188e-12, inputfile: D:\自动处理\artifacts\research_checks\2026-10-03_hs4t2d_cause_controls\wide36_rough\profile.in, m0: 1.25663706127e-06, number_model_runs: 13, z0: 376.7303134118051}

Model title: HS4T2D transect-2D fast study v0.1 (kinematic companion of HS4; invariant y; profile x = 3D bi=6 transect)
Spatial discretisation: 0.05 x 0.05 x 0.05m
Domain size: 36 x 0.05 x 33m (720 x 1 x 660 = 475200 cells)
#domain: 36.0 0.05 33.0 detected a 2D model from a 1-cell-thick axis (legacy, implicit style) - consider declaring '#domain_mode: TM' explicitly with 'inf' on that axis in '#domain' instead, which also supports TE mode.
Mode: 2D TMy
Time step (at CFL limit): 1.17933e-10 secs
Time window: 6e-07 secs (5089 iterations)
Simulation will use 8 OpenMP threads
PML thickness: x0=20, y0=0, z0=20, xmax=20, ymax=0, zmax=20
Simple sources will step 0.5m, 0m, 0m for each model run.
All receivers will step 0.5m, 0m, 0m for each model run.
Waveform impulse of type impulse with maximum amplitude scaling 1, frequency 1Hz created.
Hertzian dipole with polarity y at 14.6m, 0m, 27m, using waveform impulse created.
Receiver at 15.9m, 0m, 27m with output component(s) Ey created.
Material rock with eps_r=9, sigma=0.001 S/m; mu_r=1, sigma*=0 Ohm/m created.
Material cover with eps_r=18.017, sigma=0.003 S/m; mu_r=1, sigma*=0 Ohm/m created.
Debye disperion added to cover with delta_eps_r=7.88, and tau=6.457e-09 secs created.
PML formulation set to HORIPML
Geometry view from 0m, 0m, 0m, to 36m, 0.05m, 33m, discretisation 0.05m, 0.05m, 0.05m, with filename base hs4t2d_geom created.
Box from 0m, 0m, 0m, to 36m, 0.05m, 12m of material(s) rock created, dielectric smoothing is on.
Box from 12m, 0m, 8.85m, to 12.25m, 0.05m, 12m of material(s) cover created, dielectric smoothing is off.
Box from 12.25m, 0m, 8.85m, to 12.5m, 0.05m, 12m of material(s) cover created, dielectric smoothing is off.
Box from 12.5m, 0m, 8.85m, to 12.75m, 0.05m, 12m of material(s) cover created, dielectric smoothing is off.
Box from 12.75m, 0m, 8.85m, to 13m, 0.05m, 12m of material(s) cover created, dielectric smoothing is off.
Box from 13m, 0m, 8.85m, to 13.25m, 0.05m, 12m of material(s) cover created, dielectric smoothing is off.
Box from 13.25m, 0m, 8.75m, to 13.5m, 0.05m, 12m of material(s) cover created, dielectric smoothing is off.
Box from 13.5m, 0m, 8.75m, to 13.75m, 0.05m, 12m of material(s) cover created, dielectric smoothing is off.
Box from 13.75m, 0m, 8.65m, to 14m, 0.05m, 12m of material(s) cover created, dielectric smoothing is off.
Box from 14m, 0m, 8.65m, to 14.25m, 0.05m, 12m of material(s) cover created, dielectric smoothing is off.
Box from 14.25m, 0m, 8.65m, to 14.5m, 0.05m, 12m of material(s) cover created, dielectric smoothing is off.
Box from 14.5m, 0m, 8.65m, to 14.75m, 0.05m, 12m of material(s) cover created, dielectric smoothing is off.
Box from 14.75m, 0m, 8.75m, to 15m, 0.05m, 12m of material(s) cover created, dielectric smoothing is off.
Box from 15m, 0m, 8.75m, to 15.25m, 0.05m, 12m of material(s) cover created, dielectric smoothing is off.
Box from 15.25m, 0m, 8.85m, to 15.5m, 0.05m, 12m of material(s) cover created, dielectric smoothing is off.
Box from 15.5m, 0m, 8.95m, to 15.75m, 0.05m, 12m of material(s) cover created, dielectric smoothing is off.
Box from 15.75m, 0m, 9.05m, to 16m, 0.05m, 12m of material(s) cover created, dielectric smoothing is off.
Box from 16m, 0m, 9.15m, to 16.25m, 0.05m, 12m of material(s) cover created, dielectric smoothing is off.
Box from 16.25m, 0m, 9.25m, to 16.5m, 0.05m, 12m of material(s) cover created, dielectric smoothing is off.
Box from 16.5m, 0m, 9.35m, to 16.75m, 0.05m, 12m of material(s) cover created, dielectric smoothing is off.
Box from 16.75m, 0m, 9.35m, to 17m, 0.05m, 12m of material(s) cover created, dielectric smoothing is off.
Box from 17m, 0m, 9.45m, to 17.25m, 0.05m, 12m of material(s) cover created, dielectric smoothing is off.
Box from 17.25m, 0m, 9.45m, to 17.5m, 0.05m, 12m of material(s) cover created, dielectric smoothing is off.
Box from 17.5m, 0m, 9.45m, to 17.75m, 0.05m, 12m of material(s) cover created, dielectric smoothing is off.
Box from 17.75m, 0m, 9.45m, to 18m, 0.05m, 12m of material(s) cover created, dielectric smoothing is off.
Box from 18m, 0m, 9.45m, to 18.25m, 0.05m, 12m of material(s) cover created, dielectric smoothing is off.
Box from 18.25m, 0m, 9.45m, to 18.5m, 0.05m, 12m of material(s) cover created, dielectric smoothing is off.
Box from 18.5m, 0m, 9.35m, to 18.75m, 0.05m, 12m of material(s) cover created, dielectric smoothing is off.
Box from 18.75m, 0m, 9.35m, to 19m, 0.05m, 12m of material(s) cover created, dielectric smoothing is off.
Box from 19m, 0m, 9.25m, to 19.25m, 0.05m, 12m of material(s) cover created, dielectric smoothing is off.
Box from 19.25m, 0m, 9.25m, to 19.5m, 0.05m, 12m of material(s) cover created, dielectric smoothing is off.
Box from 19.5m, 0m, 9.15m, to 19.75m, 0.05m, 12m of material(s) cover created, dielectric smoothing is off.
Box from 19.75m, 0m, 9.05m, to 20m, 0.05m, 12m of material(s) cover created, dielectric smoothing is off.
Box from 20m, 0m, 9.05m, to 20.25m, 0.05m, 12m of material(s) cover created, dielectric smoothing is off.
Box from 20.25m, 0m, 8.95m, to 20.5m, 0.05m, 12m of material(s) cover created, dielectric smoothing is off.
Box from 20.5m, 0m, 8.95m, to 20.75m, 0.05m, 12m of material(s) cover created, dielectric smoothing is off.
Box from 20.75m, 0m, 8.95m, to 21m, 0.05m, 12m of material(s) cover created, dielectric smoothing is off.
Box from 21m, 0m, 8.95m, to 21.25m, 0.05m, 12m of material(s) cover created, dielectric smoothing is off.
Box from 21.25m, 0m, 8.95m, to 21.5m, 0.05m, 12m of material(s) cover created, dielectric smoothing is off.
Box from 21.5m, 0m, 8.95m, to 21.75m, 0.05m, 12m of material(s) cover created, dielectric smoothing is off.
Box from 21.75m, 0m, 8.95m, to 22m, 0.05m, 12m of material(s) cover created, dielectric smoothing is off.
Box from 22m, 0m, 9.05m, to 22.25m, 0.05m, 12m of material(s) cover created, dielectric smoothing is off.
Box from 22.25m, 0m, 9.15m, to 22.5m, 0.05m, 12m of material(s) cover created, dielectric smoothing is off.
Box from 22.5m, 0m, 9.15m, to 22.75m, 0.05m, 12m of material(s) cover created, dielectric smoothing is off.
Box from 22.75m, 0m, 9.25m, to 23m, 0.05m, 12m of material(s) cover created, dielectric smoothing is off.
Box from 23m, 0m, 9.25m, to 23.25m, 0.05m, 12m of material(s) cover created, dielectric smoothing is off.
Box from 23.25m, 0m, 9.25m, to 23.5m, 0.05m, 12m of material(s) cover created, dielectric smoothing is off.
Box from 23.5m, 0m, 9.25m, to 23.75m, 0.05m, 12m of material(s) cover created, dielectric smoothing is off.
Box from 23.75m, 0m, 9.25m, to 24m, 0.05m, 12m of material(s) cover created, dielectric smoothing is off.
Box from 0m, 0m, 8.85m, to 12m, 0.05m, 12m of material(s) cover created, dielectric smoothing is off.
Box from 24m, 0m, 9.25m, to 36m, 0.05m, 12m of material(s) cover created, dielectric smoothing is off.

--- Model 1/13, input file: D:\自动处理\artifacts\research_checks\2026-10-03_hs4t2d_cause_controls\wide36_rough\profile.in 


Memory required (estimated): ~125.2 MB [main_grid] + ~65.0 MB overhead = 190.2 MB

PML boundaries [main_grid]: {formulation: HORIPML, order: 1, thickness (cells): x0: 20, y0: 0, z0: 20, xmax: 20, ymax: 0, zmax: 20}


Materials [main_grid]:
    |            |         |        | sigma | Delta | tau        | omega | delta | gamma |      | sigma*  | Dielectric 
 ID | Name       | Type    | eps_r  | [S/m] | eps_r | [s]        | [Hz]  | [Hz]  | [Hz]  | mu_r | [Ohm/m] | smoothable 
----+------------+---------+--------+-------+-------+------------+-------+-------+-------+------+---------+------------
  0 | pec        | builtin | 1      | inf   |       |            |       |       |       | 1    | 0       | False      
  1 | pmc        | builtin | 1      | 0     |       |            |       |       |       | 1    | inf     | False      
  2 | free_space | builtin | 1      | 0     |       |            |       |       |       | 1    | 0       | True       
  3 | rock       |         | 9      | 0.001 |       |            |       |       |       | 1    | 0       | True       
  4 | cover      | debye   | 18.017 | 0.003 | 7.878 | 6.4567e-09 |       |       |       | 1    | 0       | False      

Numerical dispersion analysis [main_grid] not carried out as impulse waveform used.
Output directory: D:\自动处理\artifacts\research_checks\2026-10-03_hs4t2d_cause_controls\wide36_rough




Model 1/13 solving on DESKTOP-DGLCK4J with CUDA backend using Device 0: NVIDIA GeForce RTX 3060 Laptop GPU

Written output file: profile1.h5

Memory used (estimated): ~119.5 MB host + ~1.2 GB device
Time taken: 1.8771 seconds


--- Model 2/13, input file (not re-processed, i.e. geometry fixed): D:\自动处理\artifacts\research_checks\2026-10-03_hs4t2d_cause_controls\wide36_rough\profile.in 


Output directory: D:\自动处理\artifacts\research_checks\2026-10-03_hs4t2d_cause_controls\wide36_rough




Model 2/13 solving on DESKTOP-DGLCK4J with CUDA backend using Device 0: NVIDIA GeForce RTX 3060 Laptop GPU

Written output file: profile2.h5

Memory used (estimated): ~198.0 MB host + ~1.2 GB device
Time taken: 2.0943 seconds


--- Model 3/13, input file (not re-processed, i.e. geometry fixed): D:\自动处理\artifacts\research_checks\2026-10-03_hs4t2d_cause_controls\wide36_rough\profile.in 


Output directory: D:\自动处理\artifacts\research_checks\2026-10-03_hs4t2d_cause_controls\wide36_rough




Model 3/13 solving on DESKTOP-DGLCK4J with CUDA backend using Device 0: NVIDIA GeForce RTX 3060 Laptop GPU

Written output file: profile3.h5

Memory used (estimated): ~198.6 MB host + ~1.2 GB device
Time taken: 2.5166 seconds


--- Model 4/13, input file (not re-processed, i.e. geometry fixed): D:\自动处理\artifacts\research_checks\2026-10-03_hs4t2d_cause_controls\wide36_rough\profile.in 


Output directory: D:\自动处理\artifacts\research_checks\2026-10-03_hs4t2d_cause_controls\wide36_rough




Model 4/13 solving on DESKTOP-DGLCK4J with CUDA backend using Device 0: NVIDIA GeForce RTX 3060 Laptop GPU

Written output file: profile4.h5

Memory used (estimated): ~197.9 MB host + ~1.2 GB device
Time taken: 2.5269 seconds


--- Model 5/13, input file (not re-processed, i.e. geometry fixed): D:\自动处理\artifacts\research_checks\2026-10-03_hs4t2d_cause_controls\wide36_rough\profile.in 


Output directory: D:\自动处理\artifacts\research_checks\2026-10-03_hs4t2d_cause_controls\wide36_rough




Model 5/13 solving on DESKTOP-DGLCK4J with CUDA backend using Device 0: NVIDIA GeForce RTX 3060 Laptop GPU

Written output file: profile5.h5

Memory used (estimated): ~198.1 MB host + ~1.2 GB device
Time taken: 2.6421 seconds


--- Model 6/13, input file (not re-processed, i.e. geometry fixed): D:\自动处理\artifacts\research_checks\2026-10-03_hs4t2d_cause_controls\wide36_rough\profile.in 


Output directory: D:\自动处理\artifacts\research_checks\2026-10-03_hs4t2d_cause_controls\wide36_rough




Model 6/13 solving on DESKTOP-DGLCK4J with CUDA backend using Device 0: NVIDIA GeForce RTX 3060 Laptop GPU

Written output file: profile6.h5

Memory used (estimated): ~198.0 MB host + ~1.2 GB device
Time taken: 3.2178 seconds


--- Model 7/13, input file (not re-processed, i.e. geometry fixed): D:\自动处理\artifacts\research_checks\2026-10-03_hs4t2d_cause_controls\wide36_rough\profile.in 


Output directory: D:\自动处理\artifacts\research_checks\2026-10-03_hs4t2d_cause_controls\wide36_rough




Model 7/13 solving on DESKTOP-DGLCK4J with CUDA backend using Device 0: NVIDIA GeForce RTX 3060 Laptop GPU

Written output file: profile7.h5

Memory used (estimated): ~198.1 MB host + ~1.2 GB device
Time taken: 3.5610 seconds


--- Model 8/13, input file (not re-processed, i.e. geometry fixed): D:\自动处理\artifacts\research_checks\2026-10-03_hs4t2d_cause_controls\wide36_rough\profile.in 


Output directory: D:\自动处理\artifacts\research_checks\2026-10-03_hs4t2d_cause_controls\wide36_rough




Model 8/13 solving on DESKTOP-DGLCK4J with CUDA backend using Device 0: NVIDIA GeForce RTX 3060 Laptop GPU

Written output file: profile8.h5

Memory used (estimated): ~198.2 MB host + ~1.2 GB device
Time taken: 2.5179 seconds


--- Model 9/13, input file (not re-processed, i.e. geometry fixed): D:\自动处理\artifacts\research_checks\2026-10-03_hs4t2d_cause_controls\wide36_rough\profile.in 


Output directory: D:\自动处理\artifacts\research_checks\2026-10-03_hs4t2d_cause_controls\wide36_rough




Model 9/13 solving on DESKTOP-DGLCK4J with CUDA backend using Device 0: NVIDIA GeForce RTX 3060 Laptop GPU

Written output file: profile9.h5

Memory used (estimated): ~198.1 MB host + ~1.2 GB device
Time taken: 2.1756 seconds


--- Model 10/13, input file (not re-processed, i.e. geometry fixed): D:\自动处理\artifacts\research_checks\2026-10-03_hs4t2d_cause_controls\wide36_rough\profile.in 


Output directory: D:\自动处理\artifacts\research_checks\2026-10-03_hs4t2d_cause_controls\wide36_rough




Model 10/13 solving on DESKTOP-DGLCK4J with CUDA backend using Device 0: NVIDIA GeForce RTX 3060 Laptop GPU

Written output file: profile10.h5

Memory used (estimated): ~197.8 MB host + ~1.2 GB device
Time taken: 2.9647 seconds


--- Model 11/13, input file (not re-processed, i.e. geometry fixed): D:\自动处理\artifacts\research_checks\2026-10-03_hs4t2d_cause_controls\wide36_rough\profile.in 


Output directory: D:\自动处理\artifacts\research_checks\2026-10-03_hs4t2d_cause_controls\wide36_rough




Model 11/13 solving on DESKTOP-DGLCK4J with CUDA backend using Device 0: NVIDIA GeForce RTX 3060 Laptop GPU

Written output file: profile11.h5

Memory used (estimated): ~198.1 MB host + ~1.2 GB device
Time taken: 2.9983 seconds


--- Model 12/13, input file (not re-processed, i.e. geometry fixed): D:\自动处理\artifacts\research_checks\2026-10-03_hs4t2d_cause_controls\wide36_rough\profile.in 


Output directory: D:\自动处理\artifacts\research_checks\2026-10-03_hs4t2d_cause_controls\wide36_rough




Model 12/13 solving on DESKTOP-DGLCK4J with CUDA backend using Device 0: NVIDIA GeForce RTX 3060 Laptop GPU

Written output file: profile12.h5

Memory used (estimated): ~198.1 MB host + ~1.2 GB device
Time taken: 3.3303 seconds


--- Model 13/13, input file (not re-processed, i.e. geometry fixed): D:\自动处理\artifacts\research_checks\2026-10-03_hs4t2d_cause_controls\wide36_rough\profile.in 


Output directory: D:\自动处理\artifacts\research_checks\2026-10-03_hs4t2d_cause_controls\wide36_rough




Model 13/13 solving on DESKTOP-DGLCK4J with CUDA backend using Device 0: NVIDIA GeForce RTX 3060 Laptop GPU

Written output file: profile13.h5

Memory used (estimated): ~198.2 MB host + ~1.2 GB device
Time taken: 3.3911 seconds

=== Simulation completed in 2 minutes and 30.9968 seconds ======================

