
=== Electromagnetic modelling software based on the Finite-Difference Time-Domain (FDTD) method 

    www.gprmax.com   __  __
     __ _ _ __  _ __|  \/  | __ ___  __
    / _` | '_ \| '__| |\/| |/ _` \ \/ /
   | (_| | |_) | |  | |  | | (_| |>  <
    \__, | .__/|_|  |_|  |_|\__,_/_/\_\\
    |___/|_|
                     v4.0.0 (Caol Ila)

 Copyright (C) 2015-2026: The University of Edinburgh, United Kingdom

 gprMax is free software: you can redistribute it and/or modify it under the
  terms of the GNU General Public License as published by the Free Software
  Foundation, either version 3 of the License, or (at your option) any later
  version.
 gprMax is distributed in the hope that it will be useful, but WITHOUT ANY
  WARRANTY; without even the implied warranty of MERCHANTABILITY or FITNESS FOR
  A PARTICULAR PURPOSE.  See the GNU General Public License for more details.
 You should have received a copy of the GNU General Public License along with
  gprMax.  If not, see www.gnu.org/licenses.

DESKTOP-DGLCK4J | unknown unknown | unknown x unknown (8 cores, 16 cores with Hyper-Threading) | 15.8 GiB | Windows 11 (64-bit)
|--->OpenMP: 8 threads
Constants/variables used/available for Python scripting: {c: 299792458.0, current_model_run: 1, e0: 8.8541878188e-12, inputfile: D:\自动处理\artifacts\research_checks\2026-10-05_local_uav_plane_domain_r7\air.in, m0: 1.25663706127e-06, number_model_runs: 1, z0: 376.7303134118051}

Model title: Normal-incidence Fresnel/slab diagnostic; no antenna port
Spatial discretisation: 0.05 x 0.05 x 0.05m
Domain size: 2 x 0.05 x 24m (40 x 1 x 480 = 19200 cells)
#domain: 2.0 0.05 24.0 detected a 2D model from a 1-cell-thick axis (legacy, implicit style) - consider declaring '#domain_mode: TM' explicitly with 'inf' on that axis in '#domain' instead, which also supports TE mode.
Mode: 2D TMy
Time step (at CFL limit): 1.17933e-10 secs
Time window: 3e-07 secs (2545 iterations)
Simulation will use 2 OpenMP threads
PML thickness: x0=5, y0=0, z0=20, xmax=5, ymax=0, zmax=20
Waveform pulse of type ricker with maximum amplitude scaling 1, frequency 1e+08Hz created.
Receiver at 1m, 0m, 8m with output component(s) Ex, Ey, Ez created.
Receiver at 0.9m, 0m, 8m with output component(s) Ex, Ey, Ez created.
Receiver at 1m, 0m, 16m with output component(s) Ex, Ey, Ez created.
PML formulation set to HORIPML
Discrete Plane Wave within the TFSF Box spanning from (0.5, inf, 3.0) m to (1.5, inf, 22.0) m, normally propagating in the z direction  with theta 0.0 degrees, phi 0.0 degrees and polarisation angle psi 0.0 degrees  using waveform pulse created.

--- Model 1/1, input file: D:\自动处理\artifacts\research_checks\2026-10-05_local_uav_plane_domain_r7\air.in 


Memory required (estimated): ~4.3 MB [main_grid] + ~65.0 MB overhead = 69.3 MB

PML boundaries [main_grid]: {formulation: HORIPML, order: 1, thickness (cells): x0: 5, y0: 0, z0: 20, xmax: 5, ymax: 0, zmax: 20}

Building PML boundaries [main_grid]:   0%|               | 0/4 [00:00<?, ?it/s]Building PML boundaries [main_grid]: 100%|█████| 4/4 [00:00<00:00, 2528.97it/s]
Building Yee cells [main_grid]:   0%|                    | 0/2 [00:00<?, ?it/s]Building Yee cells [main_grid]: 100%|██████████| 2/2 [00:00<00:00, 1285.81it/s]

Materials [main_grid]:
    |            |         |       | sigma |      | sigma*  | Dielectric 
 ID | Name       | Type    | eps_r | [S/m] | mu_r | [Ohm/m] | smoothable 
----+------------+---------+-------+-------+------+---------+------------
  0 | pec        | builtin | 1     | inf   | 1    | 0       | False      
  1 | pmc        | builtin | 1     | 0     | 1    | inf     | False      
  2 | free_space | builtin | 1     | 0     | 1    | 0       | True       

Discrete Plane Wave has been initialized with field projections (Ex, Ey, Ez, Hx, Hy, Hz) = (0.0000, -1.0000, 0.0000, 0.0027, 0.0000, 0.0000) , grid origin = (0, 0, 0) and 1D vector length = 526 cells.
Spatial-resolution analysis [main_grid]: minimum 21.2 cells per phase wavelength in 'free_space', at 2.82647e+08 Hz.
[main_grid] continuum phase velocity 2.99792e+08 m/s, wavelength 1.06066 m at that limiting frequency.
Lossless numerical dispersion estimate [main_grid]: grid-axis phase-velocity error -0.18% in 'free_space' at 2.82647e+08 Hz. Propagation axis: x. This is a homogeneous bulk estimate, not an interface or stability guarantee.
Output directory: D:\自动处理\artifacts\research_checks\2026-10-05_local_uav_plane_domain_r7



Model 1/1 on DESKTOP-DGLCK4J with OpenMP backend using 2 thread(s)
|--->:   0%|                                          | 0/2545 [00:00<?, ?it/s]|--->:   9%|██▌                           | 220/2545 [00:00<00:01, 2184.75it/s]|--->:  19%|█████▊                        | 490/2545 [00:00<00:00, 2474.12it/s]|--->:  30%|█████████                     | 773/2545 [00:00<00:00, 2635.32it/s]|--->:  41%|███████████▊                 | 1037/2545 [00:00<00:00, 2553.62it/s]|--->:  51%|██████████████▋              | 1293/2545 [00:00<00:00, 2400.82it/s]|--->:  62%|█████████████████▉           | 1576/2545 [00:00<00:00, 2535.47it/s]|--->:  72%|████████████████████▉        | 1832/2545 [00:00<00:00, 2475.30it/s]|--->:  82%|███████████████████████▋     | 2081/2545 [00:00<00:00, 2479.53it/s]|--->:  92%|██████████████████████████▊  | 2350/2545 [00:00<00:00, 2539.99it/s]|--->: 100%|█████████████████████████████| 2545/2545 [00:01<00:00, 2476.78it/s]

Written output file: air.h5

Memory used (estimated): ~95.7 MB
Time taken: 1.0279 seconds

=== Simulation completed in 1.1329 seconds =====================================

