
=== Electromagnetic modelling software based on the Finite-Difference Time-Domain (FDTD) method 

    www.gprmax.com   __  __
     __ _ _ __  _ __|  \/  | __ ___  __
    / _` | '_ \| '__| |\/| |/ _` \ \/ /
   | (_| | |_) | |  | |  | | (_| |>  <
    \__, | .__/|_|  |_|  |_|\__,_/_/\_\\
    |___/|_|
                     v4.0.0 (Caol Ila)

 Copyright (C) 2015-2026: The University of Edinburgh, United Kingdom

 gprMax is free software: you can redistribute it and/or modify it under the
  terms of the GNU General Public License as published by the Free Software
  Foundation, either version 3 of the License, or (at your option) any later
  version.
 gprMax is distributed in the hope that it will be useful, but WITHOUT ANY
  WARRANTY; without even the implied warranty of MERCHANTABILITY or FITNESS FOR
  A PARTICULAR PURPOSE.  See the GNU General Public License for more details.
 You should have received a copy of the GNU General Public License along with
  gprMax.  If not, see www.gnu.org/licenses.

DESKTOP-DGLCK4J | unknown unknown | unknown x unknown (8 cores, 16 cores with Hyper-Threading) | 15.8 GiB | Windows 11 (64-bit)
|--->OpenMP: 8 threads
Constants/variables used/available for Python scripting: {c: 299792458.0, current_model_run: 1, e0: 8.8541878188e-12, inputfile: D:\自动处理\artifacts\research_checks\2026-10-05_local_uav_plane_r4\air.in, m0: 1.25663706127e-06, number_model_runs: 1, z0: 376.7303134118051}

Model title: Normal-incidence Fresnel/slab diagnostic; no antenna port
Spatial discretisation: 0.05 x 0.05 x 0.05m
Domain size: 12 x 0.05 x 24m (240 x 1 x 480 = 115200 cells)
#domain: 12.0 0.05 24.0 detected a 2D model from a 1-cell-thick axis (legacy, implicit style) - consider declaring '#domain_mode: TM' explicitly with 'inf' on that axis in '#domain' instead, which also supports TE mode.
Mode: 2D TMy
Time step (at CFL limit): 1.17933e-10 secs
Time window: 3e-07 secs (2545 iterations)
Simulation will use 2 OpenMP threads
PML thickness: x0=20, y0=0, z0=20, xmax=20, ymax=0, zmax=20
Waveform pulse of type ricker with maximum amplitude scaling 1, frequency 1e+08Hz created.
Receiver at 6m, 0m, 8m with output component(s) Ex, Ey, Ez created.
Receiver at 5.9m, 0m, 8m with output component(s) Ex, Ey, Ez created.
Receiver at 6m, 0m, 16m with output component(s) Ex, Ey, Ez created.
PML formulation set to HORIPML
Discrete Plane Wave within the TFSF Box spanning from (2.0, inf, 3.0) m to (10.0, inf, 22.0) m, normally propagating in the z direction  with theta 0.0 degrees, phi 0.0 degrees and polarisation angle psi 90.0 degrees  using waveform pulse created.

--- Model 1/1, input file: D:\自动处理\artifacts\research_checks\2026-10-05_local_uav_plane_r4\air.in 


Memory required (estimated): ~25.0 MB [main_grid] + ~65.0 MB overhead = 90.0 MB

PML boundaries [main_grid]: {formulation: HORIPML, order: 1, thickness (cells): x0: 20, y0: 0, z0: 20, xmax: 20, ymax: 0, zmax: 20}

Building PML boundaries [main_grid]:   0%|               | 0/4 [00:00<?, ?it/s]Building PML boundaries [main_grid]: 100%|█████| 4/4 [00:00<00:00, 1333.22it/s]
Building Yee cells [main_grid]:   0%|                    | 0/2 [00:00<?, ?it/s]Building Yee cells [main_grid]: 100%|███████████| 2/2 [00:00<00:00, 142.78it/s]

Materials [main_grid]:
    |            |         |       | sigma |      | sigma*  | Dielectric 
 ID | Name       | Type    | eps_r | [S/m] | mu_r | [Ohm/m] | smoothable 
----+------------+---------+-------+-------+------+---------+------------
  0 | pec        | builtin | 1     | inf   | 1    | 0       | False      
  1 | pmc        | builtin | 1     | 0     | 1    | inf     | False      
  2 | free_space | builtin | 1     | 0     | 1    | 0       | True       

Discrete plane wave: in 2D TMy mode the polarisation must not excite the structurally-dead field components, but the following incident-field projections are nonzero: Ex = -1, Hy = -0.00265442. Adjust psi (for a mode invariant in z, TM requires psi = 90 or 270 degrees).
NoneType: None
