
=== Electromagnetic modelling software based on the Finite-Difference Time-Domain (FDTD) method 

    www.gprmax.com   __  __
     __ _ _ __  _ __|  \/  | __ ___  __
    / _` | '_ \| '__| |\/| |/ _` \ \/ /
   | (_| | |_) | |  | |  | | (_| |>  <
    \__, | .__/|_|  |_|  |_|\__,_/_/\_\\
    |___/|_|
                     v4.0.0 (Caol Ila)

 Copyright (C) 2015-2026: The University of Edinburgh, United Kingdom

 gprMax is free software: you can redistribute it and/or modify it under the
  terms of the GNU General Public License as published by the Free Software
  Foundation, either version 3 of the License, or (at your option) any later
  version.
 gprMax is distributed in the hope that it will be useful, but WITHOUT ANY
  WARRANTY; without even the implied warranty of MERCHANTABILITY or FITNESS FOR
  A PARTICULAR PURPOSE.  See the GNU General Public License for more details.
 You should have received a copy of the GNU General Public License along with
  gprMax.  If not, see www.gnu.org/licenses.

LAPTOP-83GRKUNE | unknown unknown | unknown x unknown (16 cores, 32 cores with Hyper-Threading) | 63.2 GiB | Windows 11 (64-bit)
|--->OpenMP: 16 threads
|--->CUDA:
     |--->Device 0: NVIDIA GeForce RTX 4090 Laptop GPU | 16.0 GiB
Constants/variables used/available for Python scripting: {c: 299792458.0, current_model_run: 1, e0: 8.8541878188e-12, inputfile: E:\automation_djh\artifacts\research_checks\2026-10-04_hs4_large_domain_target_r1\centre_rough\profile.in, m0: 1.25663706127e-06, number_model_runs: 1, z0: 376.7303134118051}

Model title: HS4T2D transect-2D fast study v0.1 (kinematic companion of HS4; invariant y; profile x = 3D bi=6 transect)
Spatial discretisation: 0.025 x 0.05 x 0.025m
Dispersive material averaging: disabled
Domain size: 108 x 0.05 x 33m (4320 x 1 x 1320 = 5.7024e+06 cells)
#domain: 108.0 0.05 33.0 detected a 2D model from a 1-cell-thick axis (legacy, implicit style) - consider declaring '#domain_mode: TM' explicitly with 'inf' on that axis in '#domain' instead, which also supports TE mode.
Mode: 2D TMy
Time step (at CFL limit): 5.89664e-11 secs
Time window: 6e-07 secs (10177 iterations)
Simulation will use 8 OpenMP threads
PML thickness: x0=80, y0=0, z0=40, xmax=80, ymax=0, zmax=40
Waveform impulse of type impulse with maximum amplitude scaling 1, frequency 1Hz created.
Hertzian dipole with polarity y at 53.6m, 0m, 27m, using waveform impulse created.
Receiver at 54.9m, 0m, 27m with output component(s) Ey created.
Material rock with eps_r=9, sigma=0.001 S/m; mu_r=1, sigma*=0 Ohm/m created.
Material cover with eps_r=18.017, sigma=0.003 S/m; mu_r=1, sigma*=0 Ohm/m created.
Debye disperion added to cover with delta_eps_r=7.88, and tau=6.457e-09 secs created.
PML formulation set to HORIPML
Geometry view from 0m, 0m, 0m, to 108m, 0.05m, 33m, discretisation 0.025m, 0.05m, 0.025m, with filename base hs4t2d_geom created.
Box from 0m, 0m, 0m, to 108m, 0.05m, 12m of material(s) rock created, dielectric smoothing is on.
Box from 48m, 0m, 8.85m, to 48.25m, 0.05m, 12m of material(s) cover created, dielectric smoothing is off.
Box from 48.25m, 0m, 8.85m, to 48.5m, 0.05m, 12m of material(s) cover created, dielectric smoothing is off.
Box from 48.5m, 0m, 8.85m, to 48.75m, 0.05m, 12m of material(s) cover created, dielectric smoothing is off.
Box from 48.75m, 0m, 8.85m, to 49m, 0.05m, 12m of material(s) cover created, dielectric smoothing is off.
Box from 49m, 0m, 8.85m, to 49.25m, 0.05m, 12m of material(s) cover created, dielectric smoothing is off.
Box from 49.25m, 0m, 8.75m, to 49.5m, 0.05m, 12m of material(s) cover created, dielectric smoothing is off.
Box from 49.5m, 0m, 8.75m, to 49.75m, 0.05m, 12m of material(s) cover created, dielectric smoothing is off.
Box from 49.75m, 0m, 8.65m, to 50m, 0.05m, 12m of material(s) cover created, dielectric smoothing is off.
Box from 50m, 0m, 8.65m, to 50.25m, 0.05m, 12m of material(s) cover created, dielectric smoothing is off.
Box from 50.25m, 0m, 8.65m, to 50.5m, 0.05m, 12m of material(s) cover created, dielectric smoothing is off.
Box from 50.5m, 0m, 8.65m, to 50.75m, 0.05m, 12m of material(s) cover created, dielectric smoothing is off.
Box from 50.75m, 0m, 8.75m, to 51m, 0.05m, 12m of material(s) cover created, dielectric smoothing is off.
Box from 51m, 0m, 8.75m, to 51.25m, 0.05m, 12m of material(s) cover created, dielectric smoothing is off.
Box from 51.25m, 0m, 8.85m, to 51.5m, 0.05m, 12m of material(s) cover created, dielectric smoothing is off.
Box from 51.5m, 0m, 8.95m, to 51.75m, 0.05m, 12m of material(s) cover created, dielectric smoothing is off.
Box from 51.75m, 0m, 9.05m, to 52m, 0.05m, 12m of material(s) cover created, dielectric smoothing is off.
Box from 52m, 0m, 9.15m, to 52.25m, 0.05m, 12m of material(s) cover created, dielectric smoothing is off.
Box from 52.25m, 0m, 9.25m, to 52.5m, 0.05m, 12m of material(s) cover created, dielectric smoothing is off.
Box from 52.5m, 0m, 9.35m, to 52.75m, 0.05m, 12m of material(s) cover created, dielectric smoothing is off.
Box from 52.75m, 0m, 9.35m, to 53m, 0.05m, 12m of material(s) cover created, dielectric smoothing is off.
Box from 53m, 0m, 9.45m, to 53.25m, 0.05m, 12m of material(s) cover created, dielectric smoothing is off.
Box from 53.25m, 0m, 9.45m, to 53.5m, 0.05m, 12m of material(s) cover created, dielectric smoothing is off.
Box from 53.5m, 0m, 9.45m, to 53.75m, 0.05m, 12m of material(s) cover created, dielectric smoothing is off.
Box from 53.75m, 0m, 9.45m, to 54m, 0.05m, 12m of material(s) cover created, dielectric smoothing is off.
Box from 54m, 0m, 9.45m, to 54.25m, 0.05m, 12m of material(s) cover created, dielectric smoothing is off.
Box from 54.25m, 0m, 9.45m, to 54.5m, 0.05m, 12m of material(s) cover created, dielectric smoothing is off.
Box from 54.5m, 0m, 9.35m, to 54.75m, 0.05m, 12m of material(s) cover created, dielectric smoothing is off.
Box from 54.75m, 0m, 9.35m, to 55m, 0.05m, 12m of material(s) cover created, dielectric smoothing is off.
Box from 55m, 0m, 9.25m, to 55.25m, 0.05m, 12m of material(s) cover created, dielectric smoothing is off.
Box from 55.25m, 0m, 9.25m, to 55.5m, 0.05m, 12m of material(s) cover created, dielectric smoothing is off.
Box from 55.5m, 0m, 9.15m, to 55.75m, 0.05m, 12m of material(s) cover created, dielectric smoothing is off.
Box from 55.75m, 0m, 9.05m, to 56m, 0.05m, 12m of material(s) cover created, dielectric smoothing is off.
Box from 56m, 0m, 9.05m, to 56.25m, 0.05m, 12m of material(s) cover created, dielectric smoothing is off.
Box from 56.25m, 0m, 8.95m, to 56.5m, 0.05m, 12m of material(s) cover created, dielectric smoothing is off.
Box from 56.5m, 0m, 8.95m, to 56.75m, 0.05m, 12m of material(s) cover created, dielectric smoothing is off.
Box from 56.75m, 0m, 8.95m, to 57m, 0.05m, 12m of material(s) cover created, dielectric smoothing is off.
Box from 57m, 0m, 8.95m, to 57.25m, 0.05m, 12m of material(s) cover created, dielectric smoothing is off.
Box from 57.25m, 0m, 8.95m, to 57.5m, 0.05m, 12m of material(s) cover created, dielectric smoothing is off.
Box from 57.5m, 0m, 8.95m, to 57.75m, 0.05m, 12m of material(s) cover created, dielectric smoothing is off.
Box from 57.75m, 0m, 8.95m, to 58m, 0.05m, 12m of material(s) cover created, dielectric smoothing is off.
Box from 58m, 0m, 9.05m, to 58.25m, 0.05m, 12m of material(s) cover created, dielectric smoothing is off.
Box from 58.25m, 0m, 9.15m, to 58.5m, 0.05m, 12m of material(s) cover created, dielectric smoothing is off.
Box from 58.5m, 0m, 9.15m, to 58.75m, 0.05m, 12m of material(s) cover created, dielectric smoothing is off.
Box from 58.75m, 0m, 9.25m, to 59m, 0.05m, 12m of material(s) cover created, dielectric smoothing is off.
Box from 59m, 0m, 9.25m, to 59.25m, 0.05m, 12m of material(s) cover created, dielectric smoothing is off.
Box from 59.25m, 0m, 9.25m, to 59.5m, 0.05m, 12m of material(s) cover created, dielectric smoothing is off.
Box from 59.5m, 0m, 9.25m, to 59.75m, 0.05m, 12m of material(s) cover created, dielectric smoothing is off.
Box from 59.75m, 0m, 9.25m, to 60m, 0.05m, 12m of material(s) cover created, dielectric smoothing is off.
Box from 0m, 0m, 8.85m, to 48m, 0.05m, 12m of material(s) cover created, dielectric smoothing is off.
Box from 60m, 0m, 9.25m, to 108m, 0.05m, 12m of material(s) cover created, dielectric smoothing is off.

--- Model 1/1, input file: E:\automation_djh\artifacts\research_checks\2026-10-04_hs4_large_domain_target_r1\centre_rough\profile.in 


Memory required (estimated): ~1.5 GB [main_grid] + ~65.0 MB overhead = 1.6 GB

PML boundaries [main_grid]: {formulation: HORIPML, order: 1, thickness (cells): x0: 80, y0: 0, z0: 40, xmax: 80, ymax: 0, zmax: 40}


Materials [main_grid]:
    |            |         |        | sigma | Delta | tau        | omega | delta | gamma |      | sigma*  | Dielectric 
 ID | Name       | Type    | eps_r  | [S/m] | eps_r | [s]        | [Hz]  | [Hz]  | [Hz]  | mu_r | [Ohm/m] | smoothable 
----+------------+---------+--------+-------+-------+------------+-------+-------+-------+------+---------+------------
  0 | pec        | builtin | 1      | inf   |       |            |       |       |       | 1    | 0       | False      
  1 | pmc        | builtin | 1      | 0     |       |            |       |       |       | 1    | inf     | False      
  2 | free_space | builtin | 1      | 0     |       |            |       |       |       | 1    | 0       | True       
  3 | rock       |         | 9      | 0.001 |       |            |       |       |       | 1    | 0       | True       
  4 | cover      | debye   | 18.017 | 0.003 | 7.878 | 6.4567e-09 |       |       |       | 1    | 0       | False      

Numerical dispersion analysis [main_grid] not carried out as impulse waveform used.
Output directory: E:\automation_djh\artifacts\research_checks\2026-10-04_hs4_large_domain_target_r1\centre_rough




Model 1/1 solving on LAPTOP-83GRKUNE with CUDA backend using Device 0: NVIDIA GeForce RTX 4090 Laptop GPU

Written output file: profile.h5

Memory used (estimated): ~1.4 GB host + ~2.5 GB device
Time taken: 23.2800 seconds

=== Simulation completed in 34.2767 seconds ====================================

