
=== Electromagnetic modelling software based on the Finite-Difference Time-Domain (FDTD) method 

    www.gprmax.com   __  __
     __ _ _ __  _ __|  \/  | __ ___  __
    / _` | '_ \| '__| |\/| |/ _` \ \/ /
   | (_| | |_) | |  | |  | | (_| |>  <
    \__, | .__/|_|  |_|  |_|\__,_/_/\_\\
    |___/|_|
                     v4.0.0 (Caol Ila)

 Copyright (C) 2015-2026: The University of Edinburgh, United Kingdom

 gprMax is free software: you can redistribute it and/or modify it under the
  terms of the GNU General Public License as published by the Free Software
  Foundation, either version 3 of the License, or (at your option) any later
  version.
 gprMax is distributed in the hope that it will be useful, but WITHOUT ANY
  WARRANTY; without even the implied warranty of MERCHANTABILITY or FITNESS FOR
  A PARTICULAR PURPOSE.  See the GNU General Public License for more details.
 You should have received a copy of the GNU General Public License along with
  gprMax.  If not, see www.gnu.org/licenses.

LAPTOP-83GRKUNE | unknown unknown | unknown x unknown (16 cores, 32 cores with Hyper-Threading) | 63.2 GiB | Windows 11 (64-bit)
|--->OpenMP: 16 threads
|--->CUDA:
     |--->Device 0: NVIDIA GeForce RTX 4090 Laptop GPU | 16.0 GiB
Constants/variables used/available for Python scripting: {c: 299792458.0, current_model_run: 1, e0: 8.8541878188e-12, inputfile: E:\automation_djh\artifacts\research_checks\2026-10-04_hs4_permittivity_scan\eps18nd_centre_halfspace\profile.in, m0: 1.25663706127e-06, number_model_runs: 1, z0: 376.7303134118051}

Model title: HS4T2D cover-permittivity scan v0.1 (eps_r=18.017, non-dispersive cover; companion of joint-grid 15 m study)
Spatial discretisation: 0.025 x 0.05 x 0.025m
Domain size: 36 x 0.05 x 33m (1440 x 1 x 1320 = 1.9008e+06 cells)
#domain: 36.0 0.05 33.0 detected a 2D model from a 1-cell-thick axis (legacy, implicit style) - consider declaring '#domain_mode: TM' explicitly with 'inf' on that axis in '#domain' instead, which also supports TE mode.
Mode: 2D TMy
Time step (at CFL limit): 5.89664e-11 secs
Time window: 6e-07 secs (10177 iterations)
Simulation will use 8 OpenMP threads
PML thickness: x0=80, y0=0, z0=40, xmax=80, ymax=0, zmax=40
Waveform impulse of type impulse with maximum amplitude scaling 1, frequency 1Hz created.
Hertzian dipole with polarity y at 17.6m, 0m, 27m, using waveform impulse created.
Receiver at 18.9m, 0m, 27m with output component(s) Ey created.
Material rock with eps_r=9, sigma=0.001 S/m; mu_r=1, sigma*=0 Ohm/m created.
Material cover with eps_r=18.017, sigma=0.003 S/m; mu_r=1, sigma*=0 Ohm/m created.
PML formulation set to HORIPML
Geometry view from 0m, 0m, 0m, to 36m, 0.05m, 33m, discretisation 0.025m, 0.05m, 0.025m, with filename base hs4t2d_geom created.
Box from 0m, 0m, 0m, to 36m, 0.05m, 12m of material(s) rock created, dielectric smoothing is on.
Box from 0m, 0m, 0m, to 36m, 0.05m, 12m of material(s) cover created, dielectric smoothing is on.

--- Model 1/1, input file: E:\automation_djh\artifacts\research_checks\2026-10-04_hs4_permittivity_scan\eps18nd_centre_halfspace\profile.in 


Memory required (estimated): ~409.2 MB [main_grid] + ~65.0 MB overhead = 474.2 MB

PML boundaries [main_grid]: {formulation: HORIPML, order: 1, thickness (cells): x0: 80, y0: 0, z0: 40, xmax: 80, ymax: 0, zmax: 40}


Materials [main_grid]:
    |                                        |                     |        | sigma  |      | sigma*  | Dielectric 
 ID | Name                                   | Type                | eps_r  | [S/m]  | mu_r | [Ohm/m] | smoothable 
----+----------------------------------------+---------------------+--------+--------+------+---------+------------
  0 | pec                                    | builtin             | 1      | inf    | 1    | 0       | False      
  1 | pmc                                    | builtin             | 1      | 0      | 1    | inf     | False      
  2 | free_space                             | builtin             | 1      | 0      | 1    | 0       | True       
  3 | rock                                   |                     | 9      | 0.001  | 1    | 0       | True       
  4 | cover                                  |                     | 18.017 | 0.003  | 1    | 0       | True       
  5 | cover+cover+free_space+free_space      | dielectric-smoothed | 9.5085 | 0.0015 | 1    | 0       | True       
  6 | Hmag_cover+cover+free_space+free_space | dielectric-smoothed | 9.5085 | 0.0015 | 1    | 0       | True       

Numerical dispersion analysis [main_grid] not carried out as impulse waveform used.
Output directory: E:\automation_djh\artifacts\research_checks\2026-10-04_hs4_permittivity_scan\eps18nd_centre_halfspace




Model 1/1 solving on LAPTOP-83GRKUNE with CUDA backend using Device 0: NVIDIA GeForce RTX 4090 Laptop GPU

Written output file: profile.h5

Memory used (estimated): ~447.7 MB host + ~1.7 GB device
Time taken: 5.3075 seconds

=== Simulation completed in 8.8408 seconds =====================================

