
=== Electromagnetic modelling software based on the Finite-Difference Time-Domain (FDTD) method 

    www.gprmax.com   __  __
     __ _ _ __  _ __|  \/  | __ ___  __
    / _` | '_ \| '__| |\/| |/ _` \ \/ /
   | (_| | |_) | |  | |  | | (_| |>  <
    \__, | .__/|_|  |_|  |_|\__,_/_/\_\\
    |___/|_|
                     v4.0.0 (Caol Ila)

 Copyright (C) 2015-2026: The University of Edinburgh, United Kingdom

 gprMax is free software: you can redistribute it and/or modify it under the
  terms of the GNU General Public License as published by the Free Software
  Foundation, either version 3 of the License, or (at your option) any later
  version.
 gprMax is distributed in the hope that it will be useful, but WITHOUT ANY
  WARRANTY; without even the implied warranty of MERCHANTABILITY or FITNESS FOR
  A PARTICULAR PURPOSE.  See the GNU General Public License for more details.
 You should have received a copy of the GNU General Public License along with
  gprMax.  If not, see www.gnu.org/licenses.

DESKTOP-DGLCK4J | unknown unknown | unknown x unknown (8 cores, 16 cores with Hyper-Threading) | 15.8 GiB | Windows 11 (64-bit)
|--->OpenMP: 8 threads
|--->CUDA:
     |--->Device 0: NVIDIA GeForce RTX 3060 Laptop GPU | 6.0 GiB
Constants/variables used/available for Python scripting: {c: 299792458.0, current_model_run: 1, e0: 8.8541878188e-12, inputfile: D:\自动处理\artifacts\simulations\2026-10-03_hs4t2d_relief08_cuda_cached_att4\flat\profile.in, m0: 1.25663706127e-06, number_model_runs: 121, z0: 376.7303134118051}

Model title: HS4T2D transect-2D fast study v0.1 (kinematic companion of HS4; invariant y; profile x = 3D bi=6 transect)
Spatial discretisation: 0.05 x 0.05 x 0.05m
Domain size: 12 x 0.05 x 33m (240 x 1 x 660 = 158400 cells)
#domain: 12.0 0.05 33.0 detected a 2D model from a 1-cell-thick axis (legacy, implicit style) - consider declaring '#domain_mode: TM' explicitly with 'inf' on that axis in '#domain' instead, which also supports TE mode.
Mode: 2D TMy
Time step (at CFL limit): 1.17933e-10 secs
Time window: 6e-07 secs (5089 iterations)
Simulation will use 8 OpenMP threads
PML thickness: x0=20, y0=0, z0=20, xmax=20, ymax=0, zmax=20
Simple sources will step 0.05m, 0m, 0m for each model run.
All receivers will step 0.05m, 0m, 0m for each model run.
Waveform impulse of type impulse with maximum amplitude scaling 1, frequency 1Hz created.
Hertzian dipole with polarity y at 2.6m, 0m, 27m, using waveform impulse created.
Receiver at 3.9m, 0m, 27m with output component(s) Ey created.
Material rock with eps_r=9, sigma=0.001 S/m; mu_r=1, sigma*=0 Ohm/m created.
Material cover with eps_r=18.017, sigma=0.003 S/m; mu_r=1, sigma*=0 Ohm/m created.
Debye disperion added to cover with delta_eps_r=7.88, and tau=6.457e-09 secs created.
PML formulation set to HORIPML
Geometry view from 0m, 0m, 0m, to 12m, 0.05m, 33m, discretisation 0.05m, 0.05m, 0.05m, with filename base hs4t2d_geom created.
Box from 0m, 0m, 0m, to 12m, 0.05m, 12m of material(s) rock created, dielectric smoothing is on.
Box from 0m, 0m, 9.05m, to 0.25m, 0.05m, 12m of material(s) cover created, dielectric smoothing is off.
Box from 0.25m, 0m, 9.05m, to 0.5m, 0.05m, 12m of material(s) cover created, dielectric smoothing is off.
Box from 0.5m, 0m, 9.05m, to 0.75m, 0.05m, 12m of material(s) cover created, dielectric smoothing is off.
Box from 0.75m, 0m, 9.05m, to 1m, 0.05m, 12m of material(s) cover created, dielectric smoothing is off.
Box from 1m, 0m, 9.05m, to 1.25m, 0.05m, 12m of material(s) cover created, dielectric smoothing is off.
Box from 1.25m, 0m, 9.05m, to 1.5m, 0.05m, 12m of material(s) cover created, dielectric smoothing is off.
Box from 1.5m, 0m, 9.05m, to 1.75m, 0.05m, 12m of material(s) cover created, dielectric smoothing is off.
Box from 1.75m, 0m, 9.05m, to 2m, 0.05m, 12m of material(s) cover created, dielectric smoothing is off.
Box from 2m, 0m, 9.05m, to 2.25m, 0.05m, 12m of material(s) cover created, dielectric smoothing is off.
Box from 2.25m, 0m, 9.05m, to 2.5m, 0.05m, 12m of material(s) cover created, dielectric smoothing is off.
Box from 2.5m, 0m, 9.05m, to 2.75m, 0.05m, 12m of material(s) cover created, dielectric smoothing is off.
Box from 2.75m, 0m, 9.05m, to 3m, 0.05m, 12m of material(s) cover created, dielectric smoothing is off.
Box from 3m, 0m, 9.05m, to 3.25m, 0.05m, 12m of material(s) cover created, dielectric smoothing is off.
Box from 3.25m, 0m, 9.05m, to 3.5m, 0.05m, 12m of material(s) cover created, dielectric smoothing is off.
Box from 3.5m, 0m, 9.05m, to 3.75m, 0.05m, 12m of material(s) cover created, dielectric smoothing is off.
Box from 3.75m, 0m, 9.05m, to 4m, 0.05m, 12m of material(s) cover created, dielectric smoothing is off.
Box from 4m, 0m, 9.05m, to 4.25m, 0.05m, 12m of material(s) cover created, dielectric smoothing is off.
Box from 4.25m, 0m, 9.05m, to 4.5m, 0.05m, 12m of material(s) cover created, dielectric smoothing is off.
Box from 4.5m, 0m, 9.05m, to 4.75m, 0.05m, 12m of material(s) cover created, dielectric smoothing is off.
Box from 4.75m, 0m, 9.05m, to 5m, 0.05m, 12m of material(s) cover created, dielectric smoothing is off.
Box from 5m, 0m, 9.05m, to 5.25m, 0.05m, 12m of material(s) cover created, dielectric smoothing is off.
Box from 5.25m, 0m, 9.05m, to 5.5m, 0.05m, 12m of material(s) cover created, dielectric smoothing is off.
Box from 5.5m, 0m, 9.05m, to 5.75m, 0.05m, 12m of material(s) cover created, dielectric smoothing is off.
Box from 5.75m, 0m, 9.05m, to 6m, 0.05m, 12m of material(s) cover created, dielectric smoothing is off.
Box from 6m, 0m, 9.05m, to 6.25m, 0.05m, 12m of material(s) cover created, dielectric smoothing is off.
Box from 6.25m, 0m, 9.05m, to 6.5m, 0.05m, 12m of material(s) cover created, dielectric smoothing is off.
Box from 6.5m, 0m, 9.05m, to 6.75m, 0.05m, 12m of material(s) cover created, dielectric smoothing is off.
Box from 6.75m, 0m, 9.05m, to 7m, 0.05m, 12m of material(s) cover created, dielectric smoothing is off.
Box from 7m, 0m, 9.05m, to 7.25m, 0.05m, 12m of material(s) cover created, dielectric smoothing is off.
Box from 7.25m, 0m, 9.05m, to 7.5m, 0.05m, 12m of material(s) cover created, dielectric smoothing is off.
Box from 7.5m, 0m, 9.05m, to 7.75m, 0.05m, 12m of material(s) cover created, dielectric smoothing is off.
Box from 7.75m, 0m, 9.05m, to 8m, 0.05m, 12m of material(s) cover created, dielectric smoothing is off.
Box from 8m, 0m, 9.05m, to 8.25m, 0.05m, 12m of material(s) cover created, dielectric smoothing is off.
Box from 8.25m, 0m, 9.05m, to 8.5m, 0.05m, 12m of material(s) cover created, dielectric smoothing is off.
Box from 8.5m, 0m, 9.05m, to 8.75m, 0.05m, 12m of material(s) cover created, dielectric smoothing is off.
Box from 8.75m, 0m, 9.05m, to 9m, 0.05m, 12m of material(s) cover created, dielectric smoothing is off.
Box from 9m, 0m, 9.05m, to 9.25m, 0.05m, 12m of material(s) cover created, dielectric smoothing is off.
Box from 9.25m, 0m, 9.05m, to 9.5m, 0.05m, 12m of material(s) cover created, dielectric smoothing is off.
Box from 9.5m, 0m, 9.05m, to 9.75m, 0.05m, 12m of material(s) cover created, dielectric smoothing is off.
Box from 9.75m, 0m, 9.05m, to 10m, 0.05m, 12m of material(s) cover created, dielectric smoothing is off.
Box from 10m, 0m, 9.05m, to 10.25m, 0.05m, 12m of material(s) cover created, dielectric smoothing is off.
Box from 10.25m, 0m, 9.05m, to 10.5m, 0.05m, 12m of material(s) cover created, dielectric smoothing is off.
Box from 10.5m, 0m, 9.05m, to 10.75m, 0.05m, 12m of material(s) cover created, dielectric smoothing is off.
Box from 10.75m, 0m, 9.05m, to 11m, 0.05m, 12m of material(s) cover created, dielectric smoothing is off.
Box from 11m, 0m, 9.05m, to 11.25m, 0.05m, 12m of material(s) cover created, dielectric smoothing is off.
Box from 11.25m, 0m, 9.05m, to 11.5m, 0.05m, 12m of material(s) cover created, dielectric smoothing is off.
Box from 11.5m, 0m, 9.05m, to 11.75m, 0.05m, 12m of material(s) cover created, dielectric smoothing is off.
Box from 11.75m, 0m, 9.05m, to 12m, 0.05m, 12m of material(s) cover created, dielectric smoothing is off.

--- Model 1/121, input file: D:\自动处理\artifacts\simulations\2026-10-03_hs4t2d_relief08_cuda_cached_att4\flat\profile.in 


Memory required (estimated): ~42.0 MB [main_grid] + ~65.0 MB overhead = 107.0 MB

PML boundaries [main_grid]: {formulation: HORIPML, order: 1, thickness (cells): x0: 20, y0: 0, z0: 20, xmax: 20, ymax: 0, zmax: 20}


Materials [main_grid]:
    |            |         |        | sigma | Delta | tau        | omega | delta | gamma |      | sigma*  | Dielectric 
 ID | Name       | Type    | eps_r  | [S/m] | eps_r | [s]        | [Hz]  | [Hz]  | [Hz]  | mu_r | [Ohm/m] | smoothable 
----+------------+---------+--------+-------+-------+------------+-------+-------+-------+------+---------+------------
  0 | pec        | builtin | 1      | inf   |       |            |       |       |       | 1    | 0       | False      
  1 | pmc        | builtin | 1      | 0     |       |            |       |       |       | 1    | inf     | False      
  2 | free_space | builtin | 1      | 0     |       |            |       |       |       | 1    | 0       | True       
  3 | rock       |         | 9      | 0.001 |       |            |       |       |       | 1    | 0       | True       
  4 | cover      | debye   | 18.017 | 0.003 | 7.878 | 6.4567e-09 |       |       |       | 1    | 0       | False      

Numerical dispersion analysis [main_grid] not carried out as impulse waveform used.
Output directory: D:\自动处理\artifacts\simulations\2026-10-03_hs4t2d_relief08_cuda_cached_att4\flat




Model 1/121 solving on DESKTOP-DGLCK4J with CUDA backend using Device 0: NVIDIA GeForce RTX 3060 Laptop GPU

Written output file: profile1.h5

Memory used (estimated): ~144.8 MB host + ~1.1 GB device
Time taken: 1.7758 seconds


--- Model 2/121, input file (not re-processed, i.e. geometry fixed): D:\自动处理\artifacts\simulations\2026-10-03_hs4t2d_relief08_cuda_cached_att4\flat\profile.in 


Output directory: D:\自动处理\artifacts\simulations\2026-10-03_hs4t2d_relief08_cuda_cached_att4\flat




Model 2/121 solving on DESKTOP-DGLCK4J with CUDA backend using Device 0: NVIDIA GeForce RTX 3060 Laptop GPU

Written output file: profile2.h5

Memory used (estimated): ~145.4 MB host + ~1.1 GB device
Time taken: 1.7586 seconds


--- Model 3/121, input file (not re-processed, i.e. geometry fixed): D:\自动处理\artifacts\simulations\2026-10-03_hs4t2d_relief08_cuda_cached_att4\flat\profile.in 


Output directory: D:\自动处理\artifacts\simulations\2026-10-03_hs4t2d_relief08_cuda_cached_att4\flat




Model 3/121 solving on DESKTOP-DGLCK4J with CUDA backend using Device 0: NVIDIA GeForce RTX 3060 Laptop GPU

Written output file: profile3.h5

Memory used (estimated): ~145.9 MB host + ~1.1 GB device
Time taken: 1.6979 seconds


--- Model 4/121, input file (not re-processed, i.e. geometry fixed): D:\自动处理\artifacts\simulations\2026-10-03_hs4t2d_relief08_cuda_cached_att4\flat\profile.in 


Output directory: D:\自动处理\artifacts\simulations\2026-10-03_hs4t2d_relief08_cuda_cached_att4\flat




Model 4/121 solving on DESKTOP-DGLCK4J with CUDA backend using Device 0: NVIDIA GeForce RTX 3060 Laptop GPU

Written output file: profile4.h5

Memory used (estimated): ~145.6 MB host + ~1.1 GB device
Time taken: 1.7304 seconds


--- Model 5/121, input file (not re-processed, i.e. geometry fixed): D:\自动处理\artifacts\simulations\2026-10-03_hs4t2d_relief08_cuda_cached_att4\flat\profile.in 


Output directory: D:\自动处理\artifacts\simulations\2026-10-03_hs4t2d_relief08_cuda_cached_att4\flat




Model 5/121 solving on DESKTOP-DGLCK4J with CUDA backend using Device 0: NVIDIA GeForce RTX 3060 Laptop GPU

Written output file: profile5.h5

Memory used (estimated): ~145.4 MB host + ~1.1 GB device
Time taken: 1.8286 seconds


--- Model 6/121, input file (not re-processed, i.e. geometry fixed): D:\自动处理\artifacts\simulations\2026-10-03_hs4t2d_relief08_cuda_cached_att4\flat\profile.in 


Output directory: D:\自动处理\artifacts\simulations\2026-10-03_hs4t2d_relief08_cuda_cached_att4\flat




Model 6/121 solving on DESKTOP-DGLCK4J with CUDA backend using Device 0: NVIDIA GeForce RTX 3060 Laptop GPU

Written output file: profile6.h5

Memory used (estimated): ~145.5 MB host + ~1.1 GB device
Time taken: 1.7345 seconds


--- Model 7/121, input file (not re-processed, i.e. geometry fixed): D:\自动处理\artifacts\simulations\2026-10-03_hs4t2d_relief08_cuda_cached_att4\flat\profile.in 


Output directory: D:\自动处理\artifacts\simulations\2026-10-03_hs4t2d_relief08_cuda_cached_att4\flat




Model 7/121 solving on DESKTOP-DGLCK4J with CUDA backend using Device 0: NVIDIA GeForce RTX 3060 Laptop GPU

Written output file: profile7.h5

Memory used (estimated): ~145.5 MB host + ~1.1 GB device
Time taken: 1.6783 seconds


--- Model 8/121, input file (not re-processed, i.e. geometry fixed): D:\自动处理\artifacts\simulations\2026-10-03_hs4t2d_relief08_cuda_cached_att4\flat\profile.in 


Output directory: D:\自动处理\artifacts\simulations\2026-10-03_hs4t2d_relief08_cuda_cached_att4\flat




Model 8/121 solving on DESKTOP-DGLCK4J with CUDA backend using Device 0: NVIDIA GeForce RTX 3060 Laptop GPU

Written output file: profile8.h5

Memory used (estimated): ~145.5 MB host + ~1.1 GB device
Time taken: 1.7981 seconds


--- Model 9/121, input file (not re-processed, i.e. geometry fixed): D:\自动处理\artifacts\simulations\2026-10-03_hs4t2d_relief08_cuda_cached_att4\flat\profile.in 


Output directory: D:\自动处理\artifacts\simulations\2026-10-03_hs4t2d_relief08_cuda_cached_att4\flat




Model 9/121 solving on DESKTOP-DGLCK4J with CUDA backend using Device 0: NVIDIA GeForce RTX 3060 Laptop GPU

Written output file: profile9.h5

Memory used (estimated): ~145.5 MB host + ~1.1 GB device
Time taken: 1.6964 seconds


--- Model 10/121, input file (not re-processed, i.e. geometry fixed): D:\自动处理\artifacts\simulations\2026-10-03_hs4t2d_relief08_cuda_cached_att4\flat\profile.in 


Output directory: D:\自动处理\artifacts\simulations\2026-10-03_hs4t2d_relief08_cuda_cached_att4\flat




Model 10/121 solving on DESKTOP-DGLCK4J with CUDA backend using Device 0: NVIDIA GeForce RTX 3060 Laptop GPU

Written output file: profile10.h5

Memory used (estimated): ~145.4 MB host + ~1.1 GB device
Time taken: 1.7075 seconds


--- Model 11/121, input file (not re-processed, i.e. geometry fixed): D:\自动处理\artifacts\simulations\2026-10-03_hs4t2d_relief08_cuda_cached_att4\flat\profile.in 


Output directory: D:\自动处理\artifacts\simulations\2026-10-03_hs4t2d_relief08_cuda_cached_att4\flat




Model 11/121 solving on DESKTOP-DGLCK4J with CUDA backend using Device 0: NVIDIA GeForce RTX 3060 Laptop GPU

Written output file: profile11.h5

Memory used (estimated): ~145.2 MB host + ~1.1 GB device
Time taken: 1.7014 seconds


--- Model 12/121, input file (not re-processed, i.e. geometry fixed): D:\自动处理\artifacts\simulations\2026-10-03_hs4t2d_relief08_cuda_cached_att4\flat\profile.in 


Output directory: D:\自动处理\artifacts\simulations\2026-10-03_hs4t2d_relief08_cuda_cached_att4\flat




Model 12/121 solving on DESKTOP-DGLCK4J with CUDA backend using Device 0: NVIDIA GeForce RTX 3060 Laptop GPU

Written output file: profile12.h5

Memory used (estimated): ~145.2 MB host + ~1.1 GB device
Time taken: 1.8575 seconds


--- Model 13/121, input file (not re-processed, i.e. geometry fixed): D:\自动处理\artifacts\simulations\2026-10-03_hs4t2d_relief08_cuda_cached_att4\flat\profile.in 


Output directory: D:\自动处理\artifacts\simulations\2026-10-03_hs4t2d_relief08_cuda_cached_att4\flat




Model 13/121 solving on DESKTOP-DGLCK4J with CUDA backend using Device 0: NVIDIA GeForce RTX 3060 Laptop GPU

Written output file: profile13.h5

Memory used (estimated): ~145.4 MB host + ~1.1 GB device
Time taken: 1.6550 seconds


--- Model 14/121, input file (not re-processed, i.e. geometry fixed): D:\自动处理\artifacts\simulations\2026-10-03_hs4t2d_relief08_cuda_cached_att4\flat\profile.in 


Output directory: D:\自动处理\artifacts\simulations\2026-10-03_hs4t2d_relief08_cuda_cached_att4\flat




Model 14/121 solving on DESKTOP-DGLCK4J with CUDA backend using Device 0: NVIDIA GeForce RTX 3060 Laptop GPU

Written output file: profile14.h5

Memory used (estimated): ~145.6 MB host + ~1.1 GB device
Time taken: 1.7356 seconds


--- Model 15/121, input file (not re-processed, i.e. geometry fixed): D:\自动处理\artifacts\simulations\2026-10-03_hs4t2d_relief08_cuda_cached_att4\flat\profile.in 


Output directory: D:\自动处理\artifacts\simulations\2026-10-03_hs4t2d_relief08_cuda_cached_att4\flat




Model 15/121 solving on DESKTOP-DGLCK4J with CUDA backend using Device 0: NVIDIA GeForce RTX 3060 Laptop GPU

Written output file: profile15.h5

Memory used (estimated): ~146.0 MB host + ~1.1 GB device
Time taken: 1.7746 seconds


--- Model 16/121, input file (not re-processed, i.e. geometry fixed): D:\自动处理\artifacts\simulations\2026-10-03_hs4t2d_relief08_cuda_cached_att4\flat\profile.in 


Output directory: D:\自动处理\artifacts\simulations\2026-10-03_hs4t2d_relief08_cuda_cached_att4\flat




Model 16/121 solving on DESKTOP-DGLCK4J with CUDA backend using Device 0: NVIDIA GeForce RTX 3060 Laptop GPU

Written output file: profile16.h5

Memory used (estimated): ~145.6 MB host + ~1.1 GB device
Time taken: 1.7091 seconds


--- Model 17/121, input file (not re-processed, i.e. geometry fixed): D:\自动处理\artifacts\simulations\2026-10-03_hs4t2d_relief08_cuda_cached_att4\flat\profile.in 


Output directory: D:\自动处理\artifacts\simulations\2026-10-03_hs4t2d_relief08_cuda_cached_att4\flat




Model 17/121 solving on DESKTOP-DGLCK4J with CUDA backend using Device 0: NVIDIA GeForce RTX 3060 Laptop GPU

Written output file: profile17.h5

Memory used (estimated): ~145.4 MB host + ~1.1 GB device
Time taken: 1.7643 seconds


--- Model 18/121, input file (not re-processed, i.e. geometry fixed): D:\自动处理\artifacts\simulations\2026-10-03_hs4t2d_relief08_cuda_cached_att4\flat\profile.in 


Output directory: D:\自动处理\artifacts\simulations\2026-10-03_hs4t2d_relief08_cuda_cached_att4\flat




Model 18/121 solving on DESKTOP-DGLCK4J with CUDA backend using Device 0: NVIDIA GeForce RTX 3060 Laptop GPU

Written output file: profile18.h5

Memory used (estimated): ~146.1 MB host + ~1.1 GB device
Time taken: 1.7324 seconds


--- Model 19/121, input file (not re-processed, i.e. geometry fixed): D:\自动处理\artifacts\simulations\2026-10-03_hs4t2d_relief08_cuda_cached_att4\flat\profile.in 


Output directory: D:\自动处理\artifacts\simulations\2026-10-03_hs4t2d_relief08_cuda_cached_att4\flat




Model 19/121 solving on DESKTOP-DGLCK4J with CUDA backend using Device 0: NVIDIA GeForce RTX 3060 Laptop GPU

Written output file: profile19.h5

Memory used (estimated): ~145.2 MB host + ~1.1 GB device
Time taken: 1.9636 seconds


--- Model 20/121, input file (not re-processed, i.e. geometry fixed): D:\自动处理\artifacts\simulations\2026-10-03_hs4t2d_relief08_cuda_cached_att4\flat\profile.in 


Output directory: D:\自动处理\artifacts\simulations\2026-10-03_hs4t2d_relief08_cuda_cached_att4\flat




Model 20/121 solving on DESKTOP-DGLCK4J with CUDA backend using Device 0: NVIDIA GeForce RTX 3060 Laptop GPU

Written output file: profile20.h5

Memory used (estimated): ~145.4 MB host + ~1.1 GB device
Time taken: 1.8270 seconds


--- Model 21/121, input file (not re-processed, i.e. geometry fixed): D:\自动处理\artifacts\simulations\2026-10-03_hs4t2d_relief08_cuda_cached_att4\flat\profile.in 


Output directory: D:\自动处理\artifacts\simulations\2026-10-03_hs4t2d_relief08_cuda_cached_att4\flat




Model 21/121 solving on DESKTOP-DGLCK4J with CUDA backend using Device 0: NVIDIA GeForce RTX 3060 Laptop GPU

Written output file: profile21.h5

Memory used (estimated): ~145.9 MB host + ~1.1 GB device
Time taken: 1.7696 seconds


--- Model 22/121, input file (not re-processed, i.e. geometry fixed): D:\自动处理\artifacts\simulations\2026-10-03_hs4t2d_relief08_cuda_cached_att4\flat\profile.in 


Output directory: D:\自动处理\artifacts\simulations\2026-10-03_hs4t2d_relief08_cuda_cached_att4\flat




Model 22/121 solving on DESKTOP-DGLCK4J with CUDA backend using Device 0: NVIDIA GeForce RTX 3060 Laptop GPU

Written output file: profile22.h5

Memory used (estimated): ~145.5 MB host + ~1.1 GB device
Time taken: 1.7066 seconds


--- Model 23/121, input file (not re-processed, i.e. geometry fixed): D:\自动处理\artifacts\simulations\2026-10-03_hs4t2d_relief08_cuda_cached_att4\flat\profile.in 


Output directory: D:\自动处理\artifacts\simulations\2026-10-03_hs4t2d_relief08_cuda_cached_att4\flat




Model 23/121 solving on DESKTOP-DGLCK4J with CUDA backend using Device 0: NVIDIA GeForce RTX 3060 Laptop GPU

Written output file: profile23.h5

Memory used (estimated): ~145.4 MB host + ~1.1 GB device
Time taken: 1.7561 seconds


--- Model 24/121, input file (not re-processed, i.e. geometry fixed): D:\自动处理\artifacts\simulations\2026-10-03_hs4t2d_relief08_cuda_cached_att4\flat\profile.in 


Output directory: D:\自动处理\artifacts\simulations\2026-10-03_hs4t2d_relief08_cuda_cached_att4\flat




Model 24/121 solving on DESKTOP-DGLCK4J with CUDA backend using Device 0: NVIDIA GeForce RTX 3060 Laptop GPU

Written output file: profile24.h5

Memory used (estimated): ~146.1 MB host + ~1.1 GB device
Time taken: 1.7093 seconds


--- Model 25/121, input file (not re-processed, i.e. geometry fixed): D:\自动处理\artifacts\simulations\2026-10-03_hs4t2d_relief08_cuda_cached_att4\flat\profile.in 


Output directory: D:\自动处理\artifacts\simulations\2026-10-03_hs4t2d_relief08_cuda_cached_att4\flat




Model 25/121 solving on DESKTOP-DGLCK4J with CUDA backend using Device 0: NVIDIA GeForce RTX 3060 Laptop GPU

Written output file: profile25.h5

Memory used (estimated): ~145.4 MB host + ~1.1 GB device
Time taken: 1.7680 seconds


--- Model 26/121, input file (not re-processed, i.e. geometry fixed): D:\自动处理\artifacts\simulations\2026-10-03_hs4t2d_relief08_cuda_cached_att4\flat\profile.in 


Output directory: D:\自动处理\artifacts\simulations\2026-10-03_hs4t2d_relief08_cuda_cached_att4\flat




Model 26/121 solving on DESKTOP-DGLCK4J with CUDA backend using Device 0: NVIDIA GeForce RTX 3060 Laptop GPU

Written output file: profile26.h5

Memory used (estimated): ~145.9 MB host + ~1.1 GB device
Time taken: 1.8272 seconds


--- Model 27/121, input file (not re-processed, i.e. geometry fixed): D:\自动处理\artifacts\simulations\2026-10-03_hs4t2d_relief08_cuda_cached_att4\flat\profile.in 


Output directory: D:\自动处理\artifacts\simulations\2026-10-03_hs4t2d_relief08_cuda_cached_att4\flat




Model 27/121 solving on DESKTOP-DGLCK4J with CUDA backend using Device 0: NVIDIA GeForce RTX 3060 Laptop GPU

Written output file: profile27.h5

Memory used (estimated): ~145.5 MB host + ~1.1 GB device
Time taken: 1.8741 seconds


--- Model 28/121, input file (not re-processed, i.e. geometry fixed): D:\自动处理\artifacts\simulations\2026-10-03_hs4t2d_relief08_cuda_cached_att4\flat\profile.in 


Output directory: D:\自动处理\artifacts\simulations\2026-10-03_hs4t2d_relief08_cuda_cached_att4\flat




Model 28/121 solving on DESKTOP-DGLCK4J with CUDA backend using Device 0: NVIDIA GeForce RTX 3060 Laptop GPU

Written output file: profile28.h5

Memory used (estimated): ~145.5 MB host + ~1.1 GB device
Time taken: 1.7710 seconds


--- Model 29/121, input file (not re-processed, i.e. geometry fixed): D:\自动处理\artifacts\simulations\2026-10-03_hs4t2d_relief08_cuda_cached_att4\flat\profile.in 


Output directory: D:\自动处理\artifacts\simulations\2026-10-03_hs4t2d_relief08_cuda_cached_att4\flat




Model 29/121 solving on DESKTOP-DGLCK4J with CUDA backend using Device 0: NVIDIA GeForce RTX 3060 Laptop GPU

Written output file: profile29.h5

Memory used (estimated): ~145.3 MB host + ~1.1 GB device
Time taken: 1.8259 seconds


--- Model 30/121, input file (not re-processed, i.e. geometry fixed): D:\自动处理\artifacts\simulations\2026-10-03_hs4t2d_relief08_cuda_cached_att4\flat\profile.in 


Output directory: D:\自动处理\artifacts\simulations\2026-10-03_hs4t2d_relief08_cuda_cached_att4\flat




Model 30/121 solving on DESKTOP-DGLCK4J with CUDA backend using Device 0: NVIDIA GeForce RTX 3060 Laptop GPU

Written output file: profile30.h5

Memory used (estimated): ~145.8 MB host + ~1.1 GB device
Time taken: 1.7806 seconds


--- Model 31/121, input file (not re-processed, i.e. geometry fixed): D:\自动处理\artifacts\simulations\2026-10-03_hs4t2d_relief08_cuda_cached_att4\flat\profile.in 


Output directory: D:\自动处理\artifacts\simulations\2026-10-03_hs4t2d_relief08_cuda_cached_att4\flat




Model 31/121 solving on DESKTOP-DGLCK4J with CUDA backend using Device 0: NVIDIA GeForce RTX 3060 Laptop GPU

Written output file: profile31.h5

Memory used (estimated): ~145.2 MB host + ~1.1 GB device
Time taken: 1.7705 seconds


--- Model 32/121, input file (not re-processed, i.e. geometry fixed): D:\自动处理\artifacts\simulations\2026-10-03_hs4t2d_relief08_cuda_cached_att4\flat\profile.in 


Output directory: D:\自动处理\artifacts\simulations\2026-10-03_hs4t2d_relief08_cuda_cached_att4\flat




Model 32/121 solving on DESKTOP-DGLCK4J with CUDA backend using Device 0: NVIDIA GeForce RTX 3060 Laptop GPU

Written output file: profile32.h5

Memory used (estimated): ~145.6 MB host + ~1.1 GB device
Time taken: 1.7675 seconds


--- Model 33/121, input file (not re-processed, i.e. geometry fixed): D:\自动处理\artifacts\simulations\2026-10-03_hs4t2d_relief08_cuda_cached_att4\flat\profile.in 


Output directory: D:\自动处理\artifacts\simulations\2026-10-03_hs4t2d_relief08_cuda_cached_att4\flat




Model 33/121 solving on DESKTOP-DGLCK4J with CUDA backend using Device 0: NVIDIA GeForce RTX 3060 Laptop GPU

Written output file: profile33.h5

Memory used (estimated): ~145.3 MB host + ~1.1 GB device
Time taken: 1.7677 seconds


--- Model 34/121, input file (not re-processed, i.e. geometry fixed): D:\自动处理\artifacts\simulations\2026-10-03_hs4t2d_relief08_cuda_cached_att4\flat\profile.in 


Output directory: D:\自动处理\artifacts\simulations\2026-10-03_hs4t2d_relief08_cuda_cached_att4\flat




Model 34/121 solving on DESKTOP-DGLCK4J with CUDA backend using Device 0: NVIDIA GeForce RTX 3060 Laptop GPU

Written output file: profile34.h5

Memory used (estimated): ~145.8 MB host + ~1.1 GB device
Time taken: 1.8283 seconds


--- Model 35/121, input file (not re-processed, i.e. geometry fixed): D:\自动处理\artifacts\simulations\2026-10-03_hs4t2d_relief08_cuda_cached_att4\flat\profile.in 


Output directory: D:\自动处理\artifacts\simulations\2026-10-03_hs4t2d_relief08_cuda_cached_att4\flat




Model 35/121 solving on DESKTOP-DGLCK4J with CUDA backend using Device 0: NVIDIA GeForce RTX 3060 Laptop GPU

Written output file: profile35.h5

Memory used (estimated): ~145.2 MB host + ~1.1 GB device
Time taken: 1.7573 seconds


--- Model 36/121, input file (not re-processed, i.e. geometry fixed): D:\自动处理\artifacts\simulations\2026-10-03_hs4t2d_relief08_cuda_cached_att4\flat\profile.in 


Output directory: D:\自动处理\artifacts\simulations\2026-10-03_hs4t2d_relief08_cuda_cached_att4\flat




Model 36/121 solving on DESKTOP-DGLCK4J with CUDA backend using Device 0: NVIDIA GeForce RTX 3060 Laptop GPU

Written output file: profile36.h5

Memory used (estimated): ~148.3 MB host + ~1.1 GB device
Time taken: 1.7923 seconds


--- Model 37/121, input file (not re-processed, i.e. geometry fixed): D:\自动处理\artifacts\simulations\2026-10-03_hs4t2d_relief08_cuda_cached_att4\flat\profile.in 


Output directory: D:\自动处理\artifacts\simulations\2026-10-03_hs4t2d_relief08_cuda_cached_att4\flat




Model 37/121 solving on DESKTOP-DGLCK4J with CUDA backend using Device 0: NVIDIA GeForce RTX 3060 Laptop GPU

Written output file: profile37.h5

Memory used (estimated): ~145.3 MB host + ~1.1 GB device
Time taken: 1.7973 seconds


--- Model 38/121, input file (not re-processed, i.e. geometry fixed): D:\自动处理\artifacts\simulations\2026-10-03_hs4t2d_relief08_cuda_cached_att4\flat\profile.in 


Output directory: D:\自动处理\artifacts\simulations\2026-10-03_hs4t2d_relief08_cuda_cached_att4\flat




Model 38/121 solving on DESKTOP-DGLCK4J with CUDA backend using Device 0: NVIDIA GeForce RTX 3060 Laptop GPU

Written output file: profile38.h5

Memory used (estimated): ~148.3 MB host + ~1.1 GB device
Time taken: 1.7977 seconds


--- Model 39/121, input file (not re-processed, i.e. geometry fixed): D:\自动处理\artifacts\simulations\2026-10-03_hs4t2d_relief08_cuda_cached_att4\flat\profile.in 


Output directory: D:\自动处理\artifacts\simulations\2026-10-03_hs4t2d_relief08_cuda_cached_att4\flat




Model 39/121 solving on DESKTOP-DGLCK4J with CUDA backend using Device 0: NVIDIA GeForce RTX 3060 Laptop GPU

Written output file: profile39.h5

Memory used (estimated): ~148.1 MB host + ~1.1 GB device
Time taken: 1.7362 seconds


--- Model 40/121, input file (not re-processed, i.e. geometry fixed): D:\自动处理\artifacts\simulations\2026-10-03_hs4t2d_relief08_cuda_cached_att4\flat\profile.in 


Output directory: D:\自动处理\artifacts\simulations\2026-10-03_hs4t2d_relief08_cuda_cached_att4\flat




Model 40/121 solving on DESKTOP-DGLCK4J with CUDA backend using Device 0: NVIDIA GeForce RTX 3060 Laptop GPU

Written output file: profile40.h5

Memory used (estimated): ~148.0 MB host + ~1.1 GB device
Time taken: 1.7513 seconds


--- Model 41/121, input file (not re-processed, i.e. geometry fixed): D:\自动处理\artifacts\simulations\2026-10-03_hs4t2d_relief08_cuda_cached_att4\flat\profile.in 


Output directory: D:\自动处理\artifacts\simulations\2026-10-03_hs4t2d_relief08_cuda_cached_att4\flat




Model 41/121 solving on DESKTOP-DGLCK4J with CUDA backend using Device 0: NVIDIA GeForce RTX 3060 Laptop GPU

Written output file: profile41.h5

Memory used (estimated): ~148.0 MB host + ~1.1 GB device
Time taken: 2.0867 seconds


--- Model 42/121, input file (not re-processed, i.e. geometry fixed): D:\自动处理\artifacts\simulations\2026-10-03_hs4t2d_relief08_cuda_cached_att4\flat\profile.in 


Output directory: D:\自动处理\artifacts\simulations\2026-10-03_hs4t2d_relief08_cuda_cached_att4\flat




Model 42/121 solving on DESKTOP-DGLCK4J with CUDA backend using Device 0: NVIDIA GeForce RTX 3060 Laptop GPU

Written output file: profile42.h5

Memory used (estimated): ~145.5 MB host + ~1.1 GB device
Time taken: 1.9306 seconds


--- Model 43/121, input file (not re-processed, i.e. geometry fixed): D:\自动处理\artifacts\simulations\2026-10-03_hs4t2d_relief08_cuda_cached_att4\flat\profile.in 


Output directory: D:\自动处理\artifacts\simulations\2026-10-03_hs4t2d_relief08_cuda_cached_att4\flat




Model 43/121 solving on DESKTOP-DGLCK4J with CUDA backend using Device 0: NVIDIA GeForce RTX 3060 Laptop GPU

Written output file: profile43.h5

Memory used (estimated): ~145.2 MB host + ~1.1 GB device
Time taken: 1.7969 seconds


--- Model 44/121, input file (not re-processed, i.e. geometry fixed): D:\自动处理\artifacts\simulations\2026-10-03_hs4t2d_relief08_cuda_cached_att4\flat\profile.in 


Output directory: D:\自动处理\artifacts\simulations\2026-10-03_hs4t2d_relief08_cuda_cached_att4\flat




Model 44/121 solving on DESKTOP-DGLCK4J with CUDA backend using Device 0: NVIDIA GeForce RTX 3060 Laptop GPU

Written output file: profile44.h5

Memory used (estimated): ~146.3 MB host + ~1.1 GB device
Time taken: 1.7961 seconds


--- Model 45/121, input file (not re-processed, i.e. geometry fixed): D:\自动处理\artifacts\simulations\2026-10-03_hs4t2d_relief08_cuda_cached_att4\flat\profile.in 


Output directory: D:\自动处理\artifacts\simulations\2026-10-03_hs4t2d_relief08_cuda_cached_att4\flat




Model 45/121 solving on DESKTOP-DGLCK4J with CUDA backend using Device 0: NVIDIA GeForce RTX 3060 Laptop GPU

Written output file: profile45.h5

Memory used (estimated): ~147.9 MB host + ~1.1 GB device
Time taken: 1.8381 seconds


--- Model 46/121, input file (not re-processed, i.e. geometry fixed): D:\自动处理\artifacts\simulations\2026-10-03_hs4t2d_relief08_cuda_cached_att4\flat\profile.in 


Output directory: D:\自动处理\artifacts\simulations\2026-10-03_hs4t2d_relief08_cuda_cached_att4\flat




Model 46/121 solving on DESKTOP-DGLCK4J with CUDA backend using Device 0: NVIDIA GeForce RTX 3060 Laptop GPU

Written output file: profile46.h5

Memory used (estimated): ~146.0 MB host + ~1.1 GB device
Time taken: 1.7440 seconds


--- Model 47/121, input file (not re-processed, i.e. geometry fixed): D:\自动处理\artifacts\simulations\2026-10-03_hs4t2d_relief08_cuda_cached_att4\flat\profile.in 


Output directory: D:\自动处理\artifacts\simulations\2026-10-03_hs4t2d_relief08_cuda_cached_att4\flat




Model 47/121 solving on DESKTOP-DGLCK4J with CUDA backend using Device 0: NVIDIA GeForce RTX 3060 Laptop GPU

Written output file: profile47.h5

Memory used (estimated): ~147.5 MB host + ~1.1 GB device
Time taken: 1.8150 seconds


--- Model 48/121, input file (not re-processed, i.e. geometry fixed): D:\自动处理\artifacts\simulations\2026-10-03_hs4t2d_relief08_cuda_cached_att4\flat\profile.in 


Output directory: D:\自动处理\artifacts\simulations\2026-10-03_hs4t2d_relief08_cuda_cached_att4\flat




Model 48/121 solving on DESKTOP-DGLCK4J with CUDA backend using Device 0: NVIDIA GeForce RTX 3060 Laptop GPU

Written output file: profile48.h5

Memory used (estimated): ~145.6 MB host + ~1.1 GB device
Time taken: 1.8358 seconds


--- Model 49/121, input file (not re-processed, i.e. geometry fixed): D:\自动处理\artifacts\simulations\2026-10-03_hs4t2d_relief08_cuda_cached_att4\flat\profile.in 


Output directory: D:\自动处理\artifacts\simulations\2026-10-03_hs4t2d_relief08_cuda_cached_att4\flat




Model 49/121 solving on DESKTOP-DGLCK4J with CUDA backend using Device 0: NVIDIA GeForce RTX 3060 Laptop GPU

Written output file: profile49.h5

Memory used (estimated): ~145.9 MB host + ~1.1 GB device
Time taken: 1.7919 seconds


--- Model 50/121, input file (not re-processed, i.e. geometry fixed): D:\自动处理\artifacts\simulations\2026-10-03_hs4t2d_relief08_cuda_cached_att4\flat\profile.in 


Output directory: D:\自动处理\artifacts\simulations\2026-10-03_hs4t2d_relief08_cuda_cached_att4\flat




Model 50/121 solving on DESKTOP-DGLCK4J with CUDA backend using Device 0: NVIDIA GeForce RTX 3060 Laptop GPU

Written output file: profile50.h5

Memory used (estimated): ~154.5 MB host + ~1.1 GB device
Time taken: 1.7798 seconds


--- Model 51/121, input file (not re-processed, i.e. geometry fixed): D:\自动处理\artifacts\simulations\2026-10-03_hs4t2d_relief08_cuda_cached_att4\flat\profile.in 


Output directory: D:\自动处理\artifacts\simulations\2026-10-03_hs4t2d_relief08_cuda_cached_att4\flat




Model 51/121 solving on DESKTOP-DGLCK4J with CUDA backend using Device 0: NVIDIA GeForce RTX 3060 Laptop GPU

Written output file: profile51.h5

Memory used (estimated): ~155.2 MB host + ~1.1 GB device
Time taken: 1.7764 seconds


--- Model 52/121, input file (not re-processed, i.e. geometry fixed): D:\自动处理\artifacts\simulations\2026-10-03_hs4t2d_relief08_cuda_cached_att4\flat\profile.in 


Output directory: D:\自动处理\artifacts\simulations\2026-10-03_hs4t2d_relief08_cuda_cached_att4\flat




Model 52/121 solving on DESKTOP-DGLCK4J with CUDA backend using Device 0: NVIDIA GeForce RTX 3060 Laptop GPU

Written output file: profile52.h5

Memory used (estimated): ~147.1 MB host + ~1.1 GB device
Time taken: 1.7568 seconds


--- Model 53/121, input file (not re-processed, i.e. geometry fixed): D:\自动处理\artifacts\simulations\2026-10-03_hs4t2d_relief08_cuda_cached_att4\flat\profile.in 


Output directory: D:\自动处理\artifacts\simulations\2026-10-03_hs4t2d_relief08_cuda_cached_att4\flat




Model 53/121 solving on DESKTOP-DGLCK4J with CUDA backend using Device 0: NVIDIA GeForce RTX 3060 Laptop GPU

Written output file: profile53.h5

Memory used (estimated): ~145.8 MB host + ~1.1 GB device
Time taken: 1.8144 seconds


--- Model 54/121, input file (not re-processed, i.e. geometry fixed): D:\自动处理\artifacts\simulations\2026-10-03_hs4t2d_relief08_cuda_cached_att4\flat\profile.in 


Output directory: D:\自动处理\artifacts\simulations\2026-10-03_hs4t2d_relief08_cuda_cached_att4\flat




Model 54/121 solving on DESKTOP-DGLCK4J with CUDA backend using Device 0: NVIDIA GeForce RTX 3060 Laptop GPU

Written output file: profile54.h5

Memory used (estimated): ~154.0 MB host + ~1.1 GB device
Time taken: 1.8015 seconds


--- Model 55/121, input file (not re-processed, i.e. geometry fixed): D:\自动处理\artifacts\simulations\2026-10-03_hs4t2d_relief08_cuda_cached_att4\flat\profile.in 


Output directory: D:\自动处理\artifacts\simulations\2026-10-03_hs4t2d_relief08_cuda_cached_att4\flat




Model 55/121 solving on DESKTOP-DGLCK4J with CUDA backend using Device 0: NVIDIA GeForce RTX 3060 Laptop GPU

Written output file: profile55.h5

Memory used (estimated): ~154.8 MB host + ~1.1 GB device
Time taken: 1.7623 seconds


--- Model 56/121, input file (not re-processed, i.e. geometry fixed): D:\自动处理\artifacts\simulations\2026-10-03_hs4t2d_relief08_cuda_cached_att4\flat\profile.in 


Output directory: D:\自动处理\artifacts\simulations\2026-10-03_hs4t2d_relief08_cuda_cached_att4\flat




Model 56/121 solving on DESKTOP-DGLCK4J with CUDA backend using Device 0: NVIDIA GeForce RTX 3060 Laptop GPU

Written output file: profile56.h5

Memory used (estimated): ~155.3 MB host + ~1.1 GB device
Time taken: 1.7364 seconds


--- Model 57/121, input file (not re-processed, i.e. geometry fixed): D:\自动处理\artifacts\simulations\2026-10-03_hs4t2d_relief08_cuda_cached_att4\flat\profile.in 


Output directory: D:\自动处理\artifacts\simulations\2026-10-03_hs4t2d_relief08_cuda_cached_att4\flat




Model 57/121 solving on DESKTOP-DGLCK4J with CUDA backend using Device 0: NVIDIA GeForce RTX 3060 Laptop GPU

Written output file: profile57.h5

Memory used (estimated): ~154.9 MB host + ~1.1 GB device
Time taken: 1.9570 seconds


--- Model 58/121, input file (not re-processed, i.e. geometry fixed): D:\自动处理\artifacts\simulations\2026-10-03_hs4t2d_relief08_cuda_cached_att4\flat\profile.in 


Output directory: D:\自动处理\artifacts\simulations\2026-10-03_hs4t2d_relief08_cuda_cached_att4\flat




Model 58/121 solving on DESKTOP-DGLCK4J with CUDA backend using Device 0: NVIDIA GeForce RTX 3060 Laptop GPU

Written output file: profile58.h5

Memory used (estimated): ~147.2 MB host + ~1.1 GB device
Time taken: 1.8829 seconds


--- Model 59/121, input file (not re-processed, i.e. geometry fixed): D:\自动处理\artifacts\simulations\2026-10-03_hs4t2d_relief08_cuda_cached_att4\flat\profile.in 


Output directory: D:\自动处理\artifacts\simulations\2026-10-03_hs4t2d_relief08_cuda_cached_att4\flat




Model 59/121 solving on DESKTOP-DGLCK4J with CUDA backend using Device 0: NVIDIA GeForce RTX 3060 Laptop GPU

Written output file: profile59.h5

Memory used (estimated): ~154.1 MB host + ~1.1 GB device
Time taken: 1.7835 seconds


--- Model 60/121, input file (not re-processed, i.e. geometry fixed): D:\自动处理\artifacts\simulations\2026-10-03_hs4t2d_relief08_cuda_cached_att4\flat\profile.in 


Output directory: D:\自动处理\artifacts\simulations\2026-10-03_hs4t2d_relief08_cuda_cached_att4\flat




Model 60/121 solving on DESKTOP-DGLCK4J with CUDA backend using Device 0: NVIDIA GeForce RTX 3060 Laptop GPU

Written output file: profile60.h5

Memory used (estimated): ~155.3 MB host + ~1.1 GB device
Time taken: 1.8848 seconds


--- Model 61/121, input file (not re-processed, i.e. geometry fixed): D:\自动处理\artifacts\simulations\2026-10-03_hs4t2d_relief08_cuda_cached_att4\flat\profile.in 


Output directory: D:\自动处理\artifacts\simulations\2026-10-03_hs4t2d_relief08_cuda_cached_att4\flat




Model 61/121 solving on DESKTOP-DGLCK4J with CUDA backend using Device 0: NVIDIA GeForce RTX 3060 Laptop GPU

Written output file: profile61.h5

Memory used (estimated): ~147.1 MB host + ~1.1 GB device
Time taken: 1.8809 seconds


--- Model 62/121, input file (not re-processed, i.e. geometry fixed): D:\自动处理\artifacts\simulations\2026-10-03_hs4t2d_relief08_cuda_cached_att4\flat\profile.in 


Output directory: D:\自动处理\artifacts\simulations\2026-10-03_hs4t2d_relief08_cuda_cached_att4\flat




Model 62/121 solving on DESKTOP-DGLCK4J with CUDA backend using Device 0: NVIDIA GeForce RTX 3060 Laptop GPU

Written output file: profile62.h5

Memory used (estimated): ~154.2 MB host + ~1.1 GB device
Time taken: 1.9487 seconds


--- Model 63/121, input file (not re-processed, i.e. geometry fixed): D:\自动处理\artifacts\simulations\2026-10-03_hs4t2d_relief08_cuda_cached_att4\flat\profile.in 


Output directory: D:\自动处理\artifacts\simulations\2026-10-03_hs4t2d_relief08_cuda_cached_att4\flat




Model 63/121 solving on DESKTOP-DGLCK4J with CUDA backend using Device 0: NVIDIA GeForce RTX 3060 Laptop GPU

Written output file: profile63.h5

Memory used (estimated): ~148.4 MB host + ~1.1 GB device
Time taken: 1.8254 seconds


--- Model 64/121, input file (not re-processed, i.e. geometry fixed): D:\自动处理\artifacts\simulations\2026-10-03_hs4t2d_relief08_cuda_cached_att4\flat\profile.in 


Output directory: D:\自动处理\artifacts\simulations\2026-10-03_hs4t2d_relief08_cuda_cached_att4\flat




Model 64/121 solving on DESKTOP-DGLCK4J with CUDA backend using Device 0: NVIDIA GeForce RTX 3060 Laptop GPU

Written output file: profile64.h5

Memory used (estimated): ~153.5 MB host + ~1.1 GB device
Time taken: 1.7971 seconds


--- Model 65/121, input file (not re-processed, i.e. geometry fixed): D:\自动处理\artifacts\simulations\2026-10-03_hs4t2d_relief08_cuda_cached_att4\flat\profile.in 


Output directory: D:\自动处理\artifacts\simulations\2026-10-03_hs4t2d_relief08_cuda_cached_att4\flat




Model 65/121 solving on DESKTOP-DGLCK4J with CUDA backend using Device 0: NVIDIA GeForce RTX 3060 Laptop GPU

Written output file: profile65.h5

Memory used (estimated): ~155.0 MB host + ~1.1 GB device
Time taken: 1.7327 seconds


--- Model 66/121, input file (not re-processed, i.e. geometry fixed): D:\自动处理\artifacts\simulations\2026-10-03_hs4t2d_relief08_cuda_cached_att4\flat\profile.in 


Output directory: D:\自动处理\artifacts\simulations\2026-10-03_hs4t2d_relief08_cuda_cached_att4\flat




Model 66/121 solving on DESKTOP-DGLCK4J with CUDA backend using Device 0: NVIDIA GeForce RTX 3060 Laptop GPU

Written output file: profile66.h5

Memory used (estimated): ~146.9 MB host + ~1.1 GB device
Time taken: 1.8277 seconds


--- Model 67/121, input file (not re-processed, i.e. geometry fixed): D:\自动处理\artifacts\simulations\2026-10-03_hs4t2d_relief08_cuda_cached_att4\flat\profile.in 


Output directory: D:\自动处理\artifacts\simulations\2026-10-03_hs4t2d_relief08_cuda_cached_att4\flat




Model 67/121 solving on DESKTOP-DGLCK4J with CUDA backend using Device 0: NVIDIA GeForce RTX 3060 Laptop GPU

Written output file: profile67.h5

Memory used (estimated): ~153.6 MB host + ~1.1 GB device
Time taken: 1.7648 seconds


--- Model 68/121, input file (not re-processed, i.e. geometry fixed): D:\自动处理\artifacts\simulations\2026-10-03_hs4t2d_relief08_cuda_cached_att4\flat\profile.in 


Output directory: D:\自动处理\artifacts\simulations\2026-10-03_hs4t2d_relief08_cuda_cached_att4\flat




Model 68/121 solving on DESKTOP-DGLCK4J with CUDA backend using Device 0: NVIDIA GeForce RTX 3060 Laptop GPU

Written output file: profile68.h5

Memory used (estimated): ~145.8 MB host + ~1.1 GB device
Time taken: 1.8073 seconds


--- Model 69/121, input file (not re-processed, i.e. geometry fixed): D:\自动处理\artifacts\simulations\2026-10-03_hs4t2d_relief08_cuda_cached_att4\flat\profile.in 


Output directory: D:\自动处理\artifacts\simulations\2026-10-03_hs4t2d_relief08_cuda_cached_att4\flat




Model 69/121 solving on DESKTOP-DGLCK4J with CUDA backend using Device 0: NVIDIA GeForce RTX 3060 Laptop GPU

Written output file: profile69.h5

Memory used (estimated): ~153.8 MB host + ~1.1 GB device
Time taken: 1.8952 seconds


--- Model 70/121, input file (not re-processed, i.e. geometry fixed): D:\自动处理\artifacts\simulations\2026-10-03_hs4t2d_relief08_cuda_cached_att4\flat\profile.in 


Output directory: D:\自动处理\artifacts\simulations\2026-10-03_hs4t2d_relief08_cuda_cached_att4\flat




Model 70/121 solving on DESKTOP-DGLCK4J with CUDA backend using Device 0: NVIDIA GeForce RTX 3060 Laptop GPU

Written output file: profile70.h5

Memory used (estimated): ~154.7 MB host + ~1.1 GB device
Time taken: 1.7299 seconds


--- Model 71/121, input file (not re-processed, i.e. geometry fixed): D:\自动处理\artifacts\simulations\2026-10-03_hs4t2d_relief08_cuda_cached_att4\flat\profile.in 


Output directory: D:\自动处理\artifacts\simulations\2026-10-03_hs4t2d_relief08_cuda_cached_att4\flat




Model 71/121 solving on DESKTOP-DGLCK4J with CUDA backend using Device 0: NVIDIA GeForce RTX 3060 Laptop GPU

Written output file: profile71.h5

Memory used (estimated): ~155.5 MB host + ~1.1 GB device
Time taken: 1.8285 seconds


--- Model 72/121, input file (not re-processed, i.e. geometry fixed): D:\自动处理\artifacts\simulations\2026-10-03_hs4t2d_relief08_cuda_cached_att4\flat\profile.in 


Output directory: D:\自动处理\artifacts\simulations\2026-10-03_hs4t2d_relief08_cuda_cached_att4\flat




Model 72/121 solving on DESKTOP-DGLCK4J with CUDA backend using Device 0: NVIDIA GeForce RTX 3060 Laptop GPU

Written output file: profile72.h5

Memory used (estimated): ~156.0 MB host + ~1.1 GB device
Time taken: 1.7370 seconds


--- Model 73/121, input file (not re-processed, i.e. geometry fixed): D:\自动处理\artifacts\simulations\2026-10-03_hs4t2d_relief08_cuda_cached_att4\flat\profile.in 


Output directory: D:\自动处理\artifacts\simulations\2026-10-03_hs4t2d_relief08_cuda_cached_att4\flat




Model 73/121 solving on DESKTOP-DGLCK4J with CUDA backend using Device 0: NVIDIA GeForce RTX 3060 Laptop GPU

Written output file: profile73.h5

Memory used (estimated): ~156.3 MB host + ~1.1 GB device
Time taken: 1.8087 seconds


--- Model 74/121, input file (not re-processed, i.e. geometry fixed): D:\自动处理\artifacts\simulations\2026-10-03_hs4t2d_relief08_cuda_cached_att4\flat\profile.in 


Output directory: D:\自动处理\artifacts\simulations\2026-10-03_hs4t2d_relief08_cuda_cached_att4\flat




Model 74/121 solving on DESKTOP-DGLCK4J with CUDA backend using Device 0: NVIDIA GeForce RTX 3060 Laptop GPU

Written output file: profile74.h5

Memory used (estimated): ~156.6 MB host + ~1.1 GB device
Time taken: 1.8299 seconds


--- Model 75/121, input file (not re-processed, i.e. geometry fixed): D:\自动处理\artifacts\simulations\2026-10-03_hs4t2d_relief08_cuda_cached_att4\flat\profile.in 


Output directory: D:\自动处理\artifacts\simulations\2026-10-03_hs4t2d_relief08_cuda_cached_att4\flat




Model 75/121 solving on DESKTOP-DGLCK4J with CUDA backend using Device 0: NVIDIA GeForce RTX 3060 Laptop GPU

Written output file: profile75.h5

Memory used (estimated): ~156.6 MB host + ~1.1 GB device
Time taken: 1.8012 seconds


--- Model 76/121, input file (not re-processed, i.e. geometry fixed): D:\自动处理\artifacts\simulations\2026-10-03_hs4t2d_relief08_cuda_cached_att4\flat\profile.in 


Output directory: D:\自动处理\artifacts\simulations\2026-10-03_hs4t2d_relief08_cuda_cached_att4\flat




Model 76/121 solving on DESKTOP-DGLCK4J with CUDA backend using Device 0: NVIDIA GeForce RTX 3060 Laptop GPU

Written output file: profile76.h5

Memory used (estimated): ~156.6 MB host + ~1.1 GB device
Time taken: 1.9065 seconds


--- Model 77/121, input file (not re-processed, i.e. geometry fixed): D:\自动处理\artifacts\simulations\2026-10-03_hs4t2d_relief08_cuda_cached_att4\flat\profile.in 


Output directory: D:\自动处理\artifacts\simulations\2026-10-03_hs4t2d_relief08_cuda_cached_att4\flat




Model 77/121 solving on DESKTOP-DGLCK4J with CUDA backend using Device 0: NVIDIA GeForce RTX 3060 Laptop GPU

Written output file: profile77.h5

Memory used (estimated): ~156.7 MB host + ~1.1 GB device
Time taken: 1.8240 seconds


--- Model 78/121, input file (not re-processed, i.e. geometry fixed): D:\自动处理\artifacts\simulations\2026-10-03_hs4t2d_relief08_cuda_cached_att4\flat\profile.in 


Output directory: D:\自动处理\artifacts\simulations\2026-10-03_hs4t2d_relief08_cuda_cached_att4\flat




Model 78/121 solving on DESKTOP-DGLCK4J with CUDA backend using Device 0: NVIDIA GeForce RTX 3060 Laptop GPU

Written output file: profile78.h5

Memory used (estimated): ~156.8 MB host + ~1.1 GB device
Time taken: 1.8156 seconds


--- Model 79/121, input file (not re-processed, i.e. geometry fixed): D:\自动处理\artifacts\simulations\2026-10-03_hs4t2d_relief08_cuda_cached_att4\flat\profile.in 


Output directory: D:\自动处理\artifacts\simulations\2026-10-03_hs4t2d_relief08_cuda_cached_att4\flat




Model 79/121 solving on DESKTOP-DGLCK4J with CUDA backend using Device 0: NVIDIA GeForce RTX 3060 Laptop GPU

Written output file: profile79.h5

Memory used (estimated): ~147.2 MB host + ~1.1 GB device
Time taken: 1.8538 seconds


--- Model 80/121, input file (not re-processed, i.e. geometry fixed): D:\自动处理\artifacts\simulations\2026-10-03_hs4t2d_relief08_cuda_cached_att4\flat\profile.in 


Output directory: D:\自动处理\artifacts\simulations\2026-10-03_hs4t2d_relief08_cuda_cached_att4\flat




Model 80/121 solving on DESKTOP-DGLCK4J with CUDA backend using Device 0: NVIDIA GeForce RTX 3060 Laptop GPU

Written output file: profile80.h5

Memory used (estimated): ~154.3 MB host + ~1.1 GB device
Time taken: 1.9239 seconds


--- Model 81/121, input file (not re-processed, i.e. geometry fixed): D:\自动处理\artifacts\simulations\2026-10-03_hs4t2d_relief08_cuda_cached_att4\flat\profile.in 


Output directory: D:\自动处理\artifacts\simulations\2026-10-03_hs4t2d_relief08_cuda_cached_att4\flat




Model 81/121 solving on DESKTOP-DGLCK4J with CUDA backend using Device 0: NVIDIA GeForce RTX 3060 Laptop GPU

Written output file: profile81.h5

Memory used (estimated): ~155.4 MB host + ~1.1 GB device
Time taken: 1.7813 seconds


--- Model 82/121, input file (not re-processed, i.e. geometry fixed): D:\自动处理\artifacts\simulations\2026-10-03_hs4t2d_relief08_cuda_cached_att4\flat\profile.in 


Output directory: D:\自动处理\artifacts\simulations\2026-10-03_hs4t2d_relief08_cuda_cached_att4\flat




Model 82/121 solving on DESKTOP-DGLCK4J with CUDA backend using Device 0: NVIDIA GeForce RTX 3060 Laptop GPU

Written output file: profile82.h5

Memory used (estimated): ~155.8 MB host + ~1.1 GB device
Time taken: 1.7425 seconds


--- Model 83/121, input file (not re-processed, i.e. geometry fixed): D:\自动处理\artifacts\simulations\2026-10-03_hs4t2d_relief08_cuda_cached_att4\flat\profile.in 


Output directory: D:\自动处理\artifacts\simulations\2026-10-03_hs4t2d_relief08_cuda_cached_att4\flat




Model 83/121 solving on DESKTOP-DGLCK4J with CUDA backend using Device 0: NVIDIA GeForce RTX 3060 Laptop GPU

Written output file: profile83.h5

Memory used (estimated): ~156.0 MB host + ~1.1 GB device
Time taken: 1.7943 seconds


--- Model 84/121, input file (not re-processed, i.e. geometry fixed): D:\自动处理\artifacts\simulations\2026-10-03_hs4t2d_relief08_cuda_cached_att4\flat\profile.in 


Output directory: D:\自动处理\artifacts\simulations\2026-10-03_hs4t2d_relief08_cuda_cached_att4\flat




Model 84/121 solving on DESKTOP-DGLCK4J with CUDA backend using Device 0: NVIDIA GeForce RTX 3060 Laptop GPU

Written output file: profile84.h5

Memory used (estimated): ~148.9 MB host + ~1.1 GB device
Time taken: 1.7686 seconds


--- Model 85/121, input file (not re-processed, i.e. geometry fixed): D:\自动处理\artifacts\simulations\2026-10-03_hs4t2d_relief08_cuda_cached_att4\flat\profile.in 


Output directory: D:\自动处理\artifacts\simulations\2026-10-03_hs4t2d_relief08_cuda_cached_att4\flat




Model 85/121 solving on DESKTOP-DGLCK4J with CUDA backend using Device 0: NVIDIA GeForce RTX 3060 Laptop GPU

Written output file: profile85.h5

Memory used (estimated): ~145.8 MB host + ~1.1 GB device
Time taken: 1.8641 seconds


--- Model 86/121, input file (not re-processed, i.e. geometry fixed): D:\自动处理\artifacts\simulations\2026-10-03_hs4t2d_relief08_cuda_cached_att4\flat\profile.in 


Output directory: D:\自动处理\artifacts\simulations\2026-10-03_hs4t2d_relief08_cuda_cached_att4\flat




Model 86/121 solving on DESKTOP-DGLCK4J with CUDA backend using Device 0: NVIDIA GeForce RTX 3060 Laptop GPU

Written output file: profile86.h5

Memory used (estimated): ~154.1 MB host + ~1.1 GB device
Time taken: 1.7381 seconds


--- Model 87/121, input file (not re-processed, i.e. geometry fixed): D:\自动处理\artifacts\simulations\2026-10-03_hs4t2d_relief08_cuda_cached_att4\flat\profile.in 


Output directory: D:\自动处理\artifacts\simulations\2026-10-03_hs4t2d_relief08_cuda_cached_att4\flat




Model 87/121 solving on DESKTOP-DGLCK4J with CUDA backend using Device 0: NVIDIA GeForce RTX 3060 Laptop GPU

Written output file: profile87.h5

Memory used (estimated): ~155.0 MB host + ~1.1 GB device
Time taken: 1.8793 seconds


--- Model 88/121, input file (not re-processed, i.e. geometry fixed): D:\自动处理\artifacts\simulations\2026-10-03_hs4t2d_relief08_cuda_cached_att4\flat\profile.in 


Output directory: D:\自动处理\artifacts\simulations\2026-10-03_hs4t2d_relief08_cuda_cached_att4\flat




Model 88/121 solving on DESKTOP-DGLCK4J with CUDA backend using Device 0: NVIDIA GeForce RTX 3060 Laptop GPU

Written output file: profile88.h5

Memory used (estimated): ~155.3 MB host + ~1.1 GB device
Time taken: 1.8224 seconds


--- Model 89/121, input file (not re-processed, i.e. geometry fixed): D:\自动处理\artifacts\simulations\2026-10-03_hs4t2d_relief08_cuda_cached_att4\flat\profile.in 


Output directory: D:\自动处理\artifacts\simulations\2026-10-03_hs4t2d_relief08_cuda_cached_att4\flat




Model 89/121 solving on DESKTOP-DGLCK4J with CUDA backend using Device 0: NVIDIA GeForce RTX 3060 Laptop GPU

Written output file: profile89.h5

Memory used (estimated): ~148.1 MB host + ~1.1 GB device
Time taken: 1.7712 seconds


--- Model 90/121, input file (not re-processed, i.e. geometry fixed): D:\自动处理\artifacts\simulations\2026-10-03_hs4t2d_relief08_cuda_cached_att4\flat\profile.in 


Output directory: D:\自动处理\artifacts\simulations\2026-10-03_hs4t2d_relief08_cuda_cached_att4\flat




Model 90/121 solving on DESKTOP-DGLCK4J with CUDA backend using Device 0: NVIDIA GeForce RTX 3060 Laptop GPU

Written output file: profile90.h5

Memory used (estimated): ~154.3 MB host + ~1.1 GB device
Time taken: 1.8069 seconds


--- Model 91/121, input file (not re-processed, i.e. geometry fixed): D:\自动处理\artifacts\simulations\2026-10-03_hs4t2d_relief08_cuda_cached_att4\flat\profile.in 


Output directory: D:\自动处理\artifacts\simulations\2026-10-03_hs4t2d_relief08_cuda_cached_att4\flat




Model 91/121 solving on DESKTOP-DGLCK4J with CUDA backend using Device 0: NVIDIA GeForce RTX 3060 Laptop GPU

Written output file: profile91.h5

Memory used (estimated): ~155.0 MB host + ~1.1 GB device
Time taken: 1.7659 seconds


--- Model 92/121, input file (not re-processed, i.e. geometry fixed): D:\自动处理\artifacts\simulations\2026-10-03_hs4t2d_relief08_cuda_cached_att4\flat\profile.in 


Output directory: D:\自动处理\artifacts\simulations\2026-10-03_hs4t2d_relief08_cuda_cached_att4\flat




Model 92/121 solving on DESKTOP-DGLCK4J with CUDA backend using Device 0: NVIDIA GeForce RTX 3060 Laptop GPU

Written output file: profile92.h5

Memory used (estimated): ~155.4 MB host + ~1.1 GB device
Time taken: 1.8521 seconds


--- Model 93/121, input file (not re-processed, i.e. geometry fixed): D:\自动处理\artifacts\simulations\2026-10-03_hs4t2d_relief08_cuda_cached_att4\flat\profile.in 


Output directory: D:\自动处理\artifacts\simulations\2026-10-03_hs4t2d_relief08_cuda_cached_att4\flat




Model 93/121 solving on DESKTOP-DGLCK4J with CUDA backend using Device 0: NVIDIA GeForce RTX 3060 Laptop GPU

Written output file: profile93.h5

Memory used (estimated): ~155.6 MB host + ~1.1 GB device
Time taken: 1.8956 seconds


--- Model 94/121, input file (not re-processed, i.e. geometry fixed): D:\自动处理\artifacts\simulations\2026-10-03_hs4t2d_relief08_cuda_cached_att4\flat\profile.in 


Output directory: D:\自动处理\artifacts\simulations\2026-10-03_hs4t2d_relief08_cuda_cached_att4\flat




Model 94/121 solving on DESKTOP-DGLCK4J with CUDA backend using Device 0: NVIDIA GeForce RTX 3060 Laptop GPU

Written output file: profile94.h5

Memory used (estimated): ~155.8 MB host + ~1.1 GB device
Time taken: 2.0206 seconds


--- Model 95/121, input file (not re-processed, i.e. geometry fixed): D:\自动处理\artifacts\simulations\2026-10-03_hs4t2d_relief08_cuda_cached_att4\flat\profile.in 


Output directory: D:\自动处理\artifacts\simulations\2026-10-03_hs4t2d_relief08_cuda_cached_att4\flat




Model 95/121 solving on DESKTOP-DGLCK4J with CUDA backend using Device 0: NVIDIA GeForce RTX 3060 Laptop GPU

Written output file: profile95.h5

Memory used (estimated): ~156.0 MB host + ~1.1 GB device
Time taken: 1.9259 seconds


--- Model 96/121, input file (not re-processed, i.e. geometry fixed): D:\自动处理\artifacts\simulations\2026-10-03_hs4t2d_relief08_cuda_cached_att4\flat\profile.in 


Output directory: D:\自动处理\artifacts\simulations\2026-10-03_hs4t2d_relief08_cuda_cached_att4\flat




Model 96/121 solving on DESKTOP-DGLCK4J with CUDA backend using Device 0: NVIDIA GeForce RTX 3060 Laptop GPU

Written output file: profile96.h5

Memory used (estimated): ~156.1 MB host + ~1.1 GB device
Time taken: 1.7560 seconds


--- Model 97/121, input file (not re-processed, i.e. geometry fixed): D:\自动处理\artifacts\simulations\2026-10-03_hs4t2d_relief08_cuda_cached_att4\flat\profile.in 


Output directory: D:\自动处理\artifacts\simulations\2026-10-03_hs4t2d_relief08_cuda_cached_att4\flat




Model 97/121 solving on DESKTOP-DGLCK4J with CUDA backend using Device 0: NVIDIA GeForce RTX 3060 Laptop GPU

Written output file: profile97.h5

Memory used (estimated): ~156.1 MB host + ~1.1 GB device
Time taken: 1.9768 seconds


--- Model 98/121, input file (not re-processed, i.e. geometry fixed): D:\自动处理\artifacts\simulations\2026-10-03_hs4t2d_relief08_cuda_cached_att4\flat\profile.in 


Output directory: D:\自动处理\artifacts\simulations\2026-10-03_hs4t2d_relief08_cuda_cached_att4\flat




Model 98/121 solving on DESKTOP-DGLCK4J with CUDA backend using Device 0: NVIDIA GeForce RTX 3060 Laptop GPU

Written output file: profile98.h5

Memory used (estimated): ~156.1 MB host + ~1.1 GB device
Time taken: 1.7885 seconds


--- Model 99/121, input file (not re-processed, i.e. geometry fixed): D:\自动处理\artifacts\simulations\2026-10-03_hs4t2d_relief08_cuda_cached_att4\flat\profile.in 


Output directory: D:\自动处理\artifacts\simulations\2026-10-03_hs4t2d_relief08_cuda_cached_att4\flat




Model 99/121 solving on DESKTOP-DGLCK4J with CUDA backend using Device 0: NVIDIA GeForce RTX 3060 Laptop GPU

Written output file: profile99.h5

Memory used (estimated): ~156.2 MB host + ~1.1 GB device
Time taken: 1.7988 seconds


--- Model 100/121, input file (not re-processed, i.e. geometry fixed): D:\自动处理\artifacts\simulations\2026-10-03_hs4t2d_relief08_cuda_cached_att4\flat\profile.in 


Output directory: D:\自动处理\artifacts\simulations\2026-10-03_hs4t2d_relief08_cuda_cached_att4\flat




Model 100/121 solving on DESKTOP-DGLCK4J with CUDA backend using Device 0: NVIDIA GeForce RTX 3060 Laptop GPU

Written output file: profile100.h5

Memory used (estimated): ~146.6 MB host + ~1.1 GB device
Time taken: 1.7530 seconds


--- Model 101/121, input file (not re-processed, i.e. geometry fixed): D:\自动处理\artifacts\simulations\2026-10-03_hs4t2d_relief08_cuda_cached_att4\flat\profile.in 


Output directory: D:\自动处理\artifacts\simulations\2026-10-03_hs4t2d_relief08_cuda_cached_att4\flat




Model 101/121 solving on DESKTOP-DGLCK4J with CUDA backend using Device 0: NVIDIA GeForce RTX 3060 Laptop GPU

Written output file: profile101.h5

Memory used (estimated): ~154.2 MB host + ~1.1 GB device
Time taken: 1.7622 seconds


--- Model 102/121, input file (not re-processed, i.e. geometry fixed): D:\自动处理\artifacts\simulations\2026-10-03_hs4t2d_relief08_cuda_cached_att4\flat\profile.in 


Output directory: D:\自动处理\artifacts\simulations\2026-10-03_hs4t2d_relief08_cuda_cached_att4\flat




Model 102/121 solving on DESKTOP-DGLCK4J with CUDA backend using Device 0: NVIDIA GeForce RTX 3060 Laptop GPU

Written output file: profile102.h5

Memory used (estimated): ~154.9 MB host + ~1.1 GB device
Time taken: 1.7979 seconds


--- Model 103/121, input file (not re-processed, i.e. geometry fixed): D:\自动处理\artifacts\simulations\2026-10-03_hs4t2d_relief08_cuda_cached_att4\flat\profile.in 


Output directory: D:\自动处理\artifacts\simulations\2026-10-03_hs4t2d_relief08_cuda_cached_att4\flat




Model 103/121 solving on DESKTOP-DGLCK4J with CUDA backend using Device 0: NVIDIA GeForce RTX 3060 Laptop GPU

Written output file: profile103.h5

Memory used (estimated): ~155.7 MB host + ~1.1 GB device
Time taken: 1.8100 seconds


--- Model 104/121, input file (not re-processed, i.e. geometry fixed): D:\自动处理\artifacts\simulations\2026-10-03_hs4t2d_relief08_cuda_cached_att4\flat\profile.in 


Output directory: D:\自动处理\artifacts\simulations\2026-10-03_hs4t2d_relief08_cuda_cached_att4\flat




Model 104/121 solving on DESKTOP-DGLCK4J with CUDA backend using Device 0: NVIDIA GeForce RTX 3060 Laptop GPU

Written output file: profile104.h5

Memory used (estimated): ~155.9 MB host + ~1.1 GB device
Time taken: 1.7413 seconds


--- Model 105/121, input file (not re-processed, i.e. geometry fixed): D:\自动处理\artifacts\simulations\2026-10-03_hs4t2d_relief08_cuda_cached_att4\flat\profile.in 


Output directory: D:\自动处理\artifacts\simulations\2026-10-03_hs4t2d_relief08_cuda_cached_att4\flat




Model 105/121 solving on DESKTOP-DGLCK4J with CUDA backend using Device 0: NVIDIA GeForce RTX 3060 Laptop GPU

Written output file: profile105.h5

Memory used (estimated): ~149.1 MB host + ~1.1 GB device
Time taken: 1.7907 seconds


--- Model 106/121, input file (not re-processed, i.e. geometry fixed): D:\自动处理\artifacts\simulations\2026-10-03_hs4t2d_relief08_cuda_cached_att4\flat\profile.in 


Output directory: D:\自动处理\artifacts\simulations\2026-10-03_hs4t2d_relief08_cuda_cached_att4\flat




Model 106/121 solving on DESKTOP-DGLCK4J with CUDA backend using Device 0: NVIDIA GeForce RTX 3060 Laptop GPU

Written output file: profile106.h5

Memory used (estimated): ~153.8 MB host + ~1.1 GB device
Time taken: 1.8025 seconds


--- Model 107/121, input file (not re-processed, i.e. geometry fixed): D:\自动处理\artifacts\simulations\2026-10-03_hs4t2d_relief08_cuda_cached_att4\flat\profile.in 


Output directory: D:\自动处理\artifacts\simulations\2026-10-03_hs4t2d_relief08_cuda_cached_att4\flat




Model 107/121 solving on DESKTOP-DGLCK4J with CUDA backend using Device 0: NVIDIA GeForce RTX 3060 Laptop GPU

Written output file: profile107.h5

Memory used (estimated): ~155.0 MB host + ~1.1 GB device
Time taken: 1.7768 seconds


--- Model 108/121, input file (not re-processed, i.e. geometry fixed): D:\自动处理\artifacts\simulations\2026-10-03_hs4t2d_relief08_cuda_cached_att4\flat\profile.in 


Output directory: D:\自动处理\artifacts\simulations\2026-10-03_hs4t2d_relief08_cuda_cached_att4\flat




Model 108/121 solving on DESKTOP-DGLCK4J with CUDA backend using Device 0: NVIDIA GeForce RTX 3060 Laptop GPU

Written output file: profile108.h5

Memory used (estimated): ~155.5 MB host + ~1.1 GB device
Time taken: 1.7975 seconds


--- Model 109/121, input file (not re-processed, i.e. geometry fixed): D:\自动处理\artifacts\simulations\2026-10-03_hs4t2d_relief08_cuda_cached_att4\flat\profile.in 


Output directory: D:\自动处理\artifacts\simulations\2026-10-03_hs4t2d_relief08_cuda_cached_att4\flat




Model 109/121 solving on DESKTOP-DGLCK4J with CUDA backend using Device 0: NVIDIA GeForce RTX 3060 Laptop GPU

Written output file: profile109.h5

Memory used (estimated): ~155.7 MB host + ~1.1 GB device
Time taken: 1.8393 seconds


--- Model 110/121, input file (not re-processed, i.e. geometry fixed): D:\自动处理\artifacts\simulations\2026-10-03_hs4t2d_relief08_cuda_cached_att4\flat\profile.in 


Output directory: D:\自动处理\artifacts\simulations\2026-10-03_hs4t2d_relief08_cuda_cached_att4\flat




Model 110/121 solving on DESKTOP-DGLCK4J with CUDA backend using Device 0: NVIDIA GeForce RTX 3060 Laptop GPU

Written output file: profile110.h5

Memory used (estimated): ~155.8 MB host + ~1.1 GB device
Time taken: 1.8163 seconds


--- Model 111/121, input file (not re-processed, i.e. geometry fixed): D:\自动处理\artifacts\simulations\2026-10-03_hs4t2d_relief08_cuda_cached_att4\flat\profile.in 


Output directory: D:\自动处理\artifacts\simulations\2026-10-03_hs4t2d_relief08_cuda_cached_att4\flat




Model 111/121 solving on DESKTOP-DGLCK4J with CUDA backend using Device 0: NVIDIA GeForce RTX 3060 Laptop GPU

Written output file: profile111.h5

Memory used (estimated): ~155.9 MB host + ~1.1 GB device
Time taken: 1.7797 seconds


--- Model 112/121, input file (not re-processed, i.e. geometry fixed): D:\自动处理\artifacts\simulations\2026-10-03_hs4t2d_relief08_cuda_cached_att4\flat\profile.in 


Output directory: D:\自动处理\artifacts\simulations\2026-10-03_hs4t2d_relief08_cuda_cached_att4\flat




Model 112/121 solving on DESKTOP-DGLCK4J with CUDA backend using Device 0: NVIDIA GeForce RTX 3060 Laptop GPU

Written output file: profile112.h5

Memory used (estimated): ~153.7 MB host + ~1.1 GB device
Time taken: 1.8286 seconds


--- Model 113/121, input file (not re-processed, i.e. geometry fixed): D:\自动处理\artifacts\simulations\2026-10-03_hs4t2d_relief08_cuda_cached_att4\flat\profile.in 


Output directory: D:\自动处理\artifacts\simulations\2026-10-03_hs4t2d_relief08_cuda_cached_att4\flat




Model 113/121 solving on DESKTOP-DGLCK4J with CUDA backend using Device 0: NVIDIA GeForce RTX 3060 Laptop GPU

Written output file: profile113.h5

Memory used (estimated): ~155.2 MB host + ~1.1 GB device
Time taken: 1.7420 seconds


--- Model 114/121, input file (not re-processed, i.e. geometry fixed): D:\自动处理\artifacts\simulations\2026-10-03_hs4t2d_relief08_cuda_cached_att4\flat\profile.in 


Output directory: D:\自动处理\artifacts\simulations\2026-10-03_hs4t2d_relief08_cuda_cached_att4\flat




Model 114/121 solving on DESKTOP-DGLCK4J with CUDA backend using Device 0: NVIDIA GeForce RTX 3060 Laptop GPU

Written output file: profile114.h5

Memory used (estimated): ~155.6 MB host + ~1.1 GB device
Time taken: 1.8794 seconds


--- Model 115/121, input file (not re-processed, i.e. geometry fixed): D:\自动处理\artifacts\simulations\2026-10-03_hs4t2d_relief08_cuda_cached_att4\flat\profile.in 


Output directory: D:\自动处理\artifacts\simulations\2026-10-03_hs4t2d_relief08_cuda_cached_att4\flat




Model 115/121 solving on DESKTOP-DGLCK4J with CUDA backend using Device 0: NVIDIA GeForce RTX 3060 Laptop GPU

Written output file: profile115.h5

Memory used (estimated): ~155.7 MB host + ~1.1 GB device
Time taken: 1.7810 seconds


--- Model 116/121, input file (not re-processed, i.e. geometry fixed): D:\自动处理\artifacts\simulations\2026-10-03_hs4t2d_relief08_cuda_cached_att4\flat\profile.in 


Output directory: D:\自动处理\artifacts\simulations\2026-10-03_hs4t2d_relief08_cuda_cached_att4\flat




Model 116/121 solving on DESKTOP-DGLCK4J with CUDA backend using Device 0: NVIDIA GeForce RTX 3060 Laptop GPU

Written output file: profile116.h5

Memory used (estimated): ~147.7 MB host + ~1.1 GB device
Time taken: 1.8385 seconds


--- Model 117/121, input file (not re-processed, i.e. geometry fixed): D:\自动处理\artifacts\simulations\2026-10-03_hs4t2d_relief08_cuda_cached_att4\flat\profile.in 


Output directory: D:\自动处理\artifacts\simulations\2026-10-03_hs4t2d_relief08_cuda_cached_att4\flat




Model 117/121 solving on DESKTOP-DGLCK4J with CUDA backend using Device 0: NVIDIA GeForce RTX 3060 Laptop GPU

Written output file: profile117.h5

Memory used (estimated): ~154.4 MB host + ~1.1 GB device
Time taken: 1.9258 seconds


--- Model 118/121, input file (not re-processed, i.e. geometry fixed): D:\自动处理\artifacts\simulations\2026-10-03_hs4t2d_relief08_cuda_cached_att4\flat\profile.in 


Output directory: D:\自动处理\artifacts\simulations\2026-10-03_hs4t2d_relief08_cuda_cached_att4\flat




Model 118/121 solving on DESKTOP-DGLCK4J with CUDA backend using Device 0: NVIDIA GeForce RTX 3060 Laptop GPU

Written output file: profile118.h5

Memory used (estimated): ~155.2 MB host + ~1.1 GB device
Time taken: 1.9023 seconds


--- Model 119/121, input file (not re-processed, i.e. geometry fixed): D:\自动处理\artifacts\simulations\2026-10-03_hs4t2d_relief08_cuda_cached_att4\flat\profile.in 


Output directory: D:\自动处理\artifacts\simulations\2026-10-03_hs4t2d_relief08_cuda_cached_att4\flat




Model 119/121 solving on DESKTOP-DGLCK4J with CUDA backend using Device 0: NVIDIA GeForce RTX 3060 Laptop GPU

Written output file: profile119.h5

Memory used (estimated): ~155.6 MB host + ~1.1 GB device
Time taken: 1.8143 seconds


--- Model 120/121, input file (not re-processed, i.e. geometry fixed): D:\自动处理\artifacts\simulations\2026-10-03_hs4t2d_relief08_cuda_cached_att4\flat\profile.in 


Output directory: D:\自动处理\artifacts\simulations\2026-10-03_hs4t2d_relief08_cuda_cached_att4\flat




Model 120/121 solving on DESKTOP-DGLCK4J with CUDA backend using Device 0: NVIDIA GeForce RTX 3060 Laptop GPU

Written output file: profile120.h5

Memory used (estimated): ~155.8 MB host + ~1.1 GB device
Time taken: 2.1261 seconds


--- Model 121/121, input file (not re-processed, i.e. geometry fixed): D:\自动处理\artifacts\simulations\2026-10-03_hs4t2d_relief08_cuda_cached_att4\flat\profile.in 


Output directory: D:\自动处理\artifacts\simulations\2026-10-03_hs4t2d_relief08_cuda_cached_att4\flat




Model 121/121 solving on DESKTOP-DGLCK4J with CUDA backend using Device 0: NVIDIA GeForce RTX 3060 Laptop GPU

Written output file: profile121.h5

Memory used (estimated): ~148.9 MB host + ~1.1 GB device
Time taken: 1.8497 seconds

=== Simulation completed in 4 minutes and 54.5410 seconds ======================

