
=== Electromagnetic modelling software based on the Finite-Difference Time-Domain (FDTD) method 

    www.gprmax.com   __  __
     __ _ _ __  _ __|  \/  | __ ___  __
    / _` | '_ \| '__| |\/| |/ _` \ \/ /
   | (_| | |_) | |  | |  | | (_| |>  <
    \__, | .__/|_|  |_|  |_|\__,_/_/\_\\
    |___/|_|
                     v4.0.0 (Caol Ila)

 Copyright (C) 2015-2026: The University of Edinburgh, United Kingdom

 gprMax is free software: you can redistribute it and/or modify it under the
  terms of the GNU General Public License as published by the Free Software
  Foundation, either version 3 of the License, or (at your option) any later
  version.
 gprMax is distributed in the hope that it will be useful, but WITHOUT ANY
  WARRANTY; without even the implied warranty of MERCHANTABILITY or FITNESS FOR
  A PARTICULAR PURPOSE.  See the GNU General Public License for more details.
 You should have received a copy of the GNU General Public License along with
  gprMax.  If not, see www.gnu.org/licenses.

LAPTOP-83GRKUNE | unknown unknown | unknown x unknown (16 cores, 32 cores with Hyper-Threading) | 63.2 GiB | Windows 11 (64-bit)
|--->OpenMP: 16 threads
|--->CUDA:
     |--->Device 0: NVIDIA GeForce RTX 4090 Laptop GPU | 16.0 GiB
Constants/variables used/available for Python scripting: {c: 299792458.0, current_model_run: 1, e0: 8.8541878188e-12, inputfile: E:\automation_djh\artifacts\research_checks\2026-10-05_slope_bscan_2d_r1\slope_rough_s06\profile.in, m0: 1.25663706127e-06, number_model_runs: 1, z0: 376.7303134118051}

Model title: 2D gentle-slope B-scan v0.1; slope_rough; tx=18; terrain-follow 8m AGL
Spatial discretisation: 0.025 x 0.05 x 0.025m
Domain size: 36 x 0.05 x 31.5m (1440 x 1 x 1260 = 1.8144e+06 cells)
#domain: 36.0 0.05 31.5 detected a 2D model from a 1-cell-thick axis (legacy, implicit style) - consider declaring '#domain_mode: TM' explicitly with 'inf' on that axis in '#domain' instead, which also supports TE mode.
Mode: 2D TMy
Time step (at CFL limit): 5.89664e-11 secs
Time window: 2e-07 secs (3393 iterations)
Simulation will use 2 OpenMP threads
PML thickness: x0=80, y0=0, z0=40, xmax=80, ymax=0, zmax=40
Waveform pulse of type ricker with maximum amplitude scaling 40, frequency 1e+08Hz created.
Hertzian dipole with polarity y at 18m, 0m, 28.5m, using waveform pulse created.
Receiver at 19.3m, 0m, 28.5m with output component(s) Ey created.
Material rock with eps_r=9, sigma=0.001 S/m; mu_r=1, sigma*=0 Ohm/m created.
Material cover with eps_r=11, sigma=0.001 S/m; mu_r=1, sigma*=0 Ohm/m created.
Debye disperion added to cover with delta_eps_r=0.50, and tau=6.457e-09 secs created.
PML formulation set to HORIPML
Snapshot from 8m, 0m, 14m, to 28.1m, 0.05m, 31.4m, discretisation 0.15m, 0.05m, 0.15m, at 0 secs (iteration 0; magnetic fields at -2.94832e-11 secs) with field outputs Ex, Ey, Ez, Hx, Hy, Hz  and filename snap0000.h5 will be created.
Snapshot from 8m, 0m, 14m, to 28.1m, 0.05m, 31.4m, discretisation 0.15m, 0.05m, 0.15m, at 1.00243e-09 secs (iteration 17; magnetic fields at 9.72945e-10 secs) with field outputs Ex, Ey, Ez, Hx, Hy, Hz  and filename snap0001.h5 will be created.
Snapshot from 8m, 0m, 14m, to 28.1m, 0.05m, 31.4m, discretisation 0.15m, 0.05m, 0.15m, at 2.00486e-09 secs (iteration 34; magnetic fields at 1.97537e-09 secs) with field outputs Ex, Ey, Ez, Hx, Hy, Hz  and filename snap0002.h5 will be created.
Snapshot from 8m, 0m, 14m, to 28.1m, 0.05m, 31.4m, discretisation 0.15m, 0.05m, 0.15m, at 3.00728e-09 secs (iteration 51; magnetic fields at 2.9778e-09 secs) with field outputs Ex, Ey, Ez, Hx, Hy, Hz  and filename snap0003.h5 will be created.
Snapshot from 8m, 0m, 14m, to 28.1m, 0.05m, 31.4m, discretisation 0.15m, 0.05m, 0.15m, at 4.00971e-09 secs (iteration 68; magnetic fields at 3.98023e-09 secs) with field outputs Ex, Ey, Ez, Hx, Hy, Hz  and filename snap0004.h5 will be created.
Snapshot from 8m, 0m, 14m, to 28.1m, 0.05m, 31.4m, discretisation 0.15m, 0.05m, 0.15m, at 5.01214e-09 secs (iteration 85; magnetic fields at 4.98266e-09 secs) with field outputs Ex, Ey, Ez, Hx, Hy, Hz  and filename snap0005.h5 will be created.
Snapshot from 8m, 0m, 14m, to 28.1m, 0.05m, 31.4m, discretisation 0.15m, 0.05m, 0.15m, at 6.01457e-09 secs (iteration 102; magnetic fields at 5.98509e-09 secs) with field outputs Ex, Ey, Ez, Hx, Hy, Hz  and filename snap0006.h5 will be created.
Snapshot from 8m, 0m, 14m, to 28.1m, 0.05m, 31.4m, discretisation 0.15m, 0.05m, 0.15m, at 7.017e-09 secs (iteration 119; magnetic fields at 6.98751e-09 secs) with field outputs Ex, Ey, Ez, Hx, Hy, Hz  and filename snap0007.h5 will be created.
Snapshot from 8m, 0m, 14m, to 28.1m, 0.05m, 31.4m, discretisation 0.15m, 0.05m, 0.15m, at 8.01942e-09 secs (iteration 136; magnetic fields at 7.98994e-09 secs) with field outputs Ex, Ey, Ez, Hx, Hy, Hz  and filename snap0008.h5 will be created.
Snapshot from 8m, 0m, 14m, to 28.1m, 0.05m, 31.4m, discretisation 0.15m, 0.05m, 0.15m, at 9.02185e-09 secs (iteration 153; magnetic fields at 8.99237e-09 secs) with field outputs Ex, Ey, Ez, Hx, Hy, Hz  and filename snap0009.h5 will be created.
Snapshot from 8m, 0m, 14m, to 28.1m, 0.05m, 31.4m, discretisation 0.15m, 0.05m, 0.15m, at 1.00243e-08 secs (iteration 170; magnetic fields at 9.9948e-09 secs) with field outputs Ex, Ey, Ez, Hx, Hy, Hz  and filename snap0010.h5 will be created.
Snapshot from 8m, 0m, 14m, to 28.1m, 0.05m, 31.4m, discretisation 0.15m, 0.05m, 0.15m, at 1.10267e-08 secs (iteration 187; magnetic fields at 1.09972e-08 secs) with field outputs Ex, Ey, Ez, Hx, Hy, Hz  and filename snap0011.h5 will be created.
Snapshot from 8m, 0m, 14m, to 28.1m, 0.05m, 31.4m, discretisation 0.15m, 0.05m, 0.15m, at 1.20291e-08 secs (iteration 204; magnetic fields at 1.19997e-08 secs) with field outputs Ex, Ey, Ez, Hx, Hy, Hz  and filename snap0012.h5 will be created.
Snapshot from 8m, 0m, 14m, to 28.1m, 0.05m, 31.4m, discretisation 0.15m, 0.05m, 0.15m, at 1.30316e-08 secs (iteration 221; magnetic fields at 1.30021e-08 secs) with field outputs Ex, Ey, Ez, Hx, Hy, Hz  and filename snap0013.h5 will be created.
Snapshot from 8m, 0m, 14m, to 28.1m, 0.05m, 31.4m, discretisation 0.15m, 0.05m, 0.15m, at 1.4034e-08 secs (iteration 238; magnetic fields at 1.40045e-08 secs) with field outputs Ex, Ey, Ez, Hx, Hy, Hz  and filename snap0014.h5 will be created.
Snapshot from 8m, 0m, 14m, to 28.1m, 0.05m, 31.4m, discretisation 0.15m, 0.05m, 0.15m, at 1.50364e-08 secs (iteration 255; magnetic fields at 1.50069e-08 secs) with field outputs Ex, Ey, Ez, Hx, Hy, Hz  and filename snap0015.h5 will be created.
Snapshot from 8m, 0m, 14m, to 28.1m, 0.05m, 31.4m, discretisation 0.15m, 0.05m, 0.15m, at 1.60388e-08 secs (iteration 272; magnetic fields at 1.60094e-08 secs) with field outputs Ex, Ey, Ez, Hx, Hy, Hz  and filename snap0016.h5 will be created.
Snapshot from 8m, 0m, 14m, to 28.1m, 0.05m, 31.4m, discretisation 0.15m, 0.05m, 0.15m, at 1.70413e-08 secs (iteration 289; magnetic fields at 1.70118e-08 secs) with field outputs Ex, Ey, Ez, Hx, Hy, Hz  and filename snap0017.h5 will be created.
Snapshot from 8m, 0m, 14m, to 28.1m, 0.05m, 31.4m, discretisation 0.15m, 0.05m, 0.15m, at 1.80437e-08 secs (iteration 306; magnetic fields at 1.80142e-08 secs) with field outputs Ex, Ey, Ez, Hx, Hy, Hz  and filename snap0018.h5 will be created.
Snapshot from 8m, 0m, 14m, to 28.1m, 0.05m, 31.4m, discretisation 0.15m, 0.05m, 0.15m, at 1.90461e-08 secs (iteration 323; magnetic fields at 1.90167e-08 secs) with field outputs Ex, Ey, Ez, Hx, Hy, Hz  and filename snap0019.h5 will be created.
Snapshot from 8m, 0m, 14m, to 28.1m, 0.05m, 31.4m, discretisation 0.15m, 0.05m, 0.15m, at 2.00486e-08 secs (iteration 340; magnetic fields at 2.00191e-08 secs) with field outputs Ex, Ey, Ez, Hx, Hy, Hz  and filename snap0020.h5 will be created.
Snapshot from 8m, 0m, 14m, to 28.1m, 0.05m, 31.4m, discretisation 0.15m, 0.05m, 0.15m, at 2.1051e-08 secs (iteration 357; magnetic fields at 2.10215e-08 secs) with field outputs Ex, Ey, Ez, Hx, Hy, Hz  and filename snap0021.h5 will be created.
Snapshot from 8m, 0m, 14m, to 28.1m, 0.05m, 31.4m, discretisation 0.15m, 0.05m, 0.15m, at 2.20534e-08 secs (iteration 374; magnetic fields at 2.20239e-08 secs) with field outputs Ex, Ey, Ez, Hx, Hy, Hz  and filename snap0022.h5 will be created.
Snapshot from 8m, 0m, 14m, to 28.1m, 0.05m, 31.4m, discretisation 0.15m, 0.05m, 0.15m, at 2.30558e-08 secs (iteration 391; magnetic fields at 2.30264e-08 secs) with field outputs Ex, Ey, Ez, Hx, Hy, Hz  and filename snap0023.h5 will be created.
Snapshot from 8m, 0m, 14m, to 28.1m, 0.05m, 31.4m, discretisation 0.15m, 0.05m, 0.15m, at 2.40583e-08 secs (iteration 408; magnetic fields at 2.40288e-08 secs) with field outputs Ex, Ey, Ez, Hx, Hy, Hz  and filename snap0024.h5 will be created.
Snapshot from 8m, 0m, 14m, to 28.1m, 0.05m, 31.4m, discretisation 0.15m, 0.05m, 0.15m, at 2.50607e-08 secs (iteration 425; magnetic fields at 2.50312e-08 secs) with field outputs Ex, Ey, Ez, Hx, Hy, Hz  and filename snap0025.h5 will be created.
Snapshot from 8m, 0m, 14m, to 28.1m, 0.05m, 31.4m, discretisation 0.15m, 0.05m, 0.15m, at 2.60631e-08 secs (iteration 442; magnetic fields at 2.60336e-08 secs) with field outputs Ex, Ey, Ez, Hx, Hy, Hz  and filename snap0026.h5 will be created.
Snapshot from 8m, 0m, 14m, to 28.1m, 0.05m, 31.4m, discretisation 0.15m, 0.05m, 0.15m, at 2.70656e-08 secs (iteration 459; magnetic fields at 2.70361e-08 secs) with field outputs Ex, Ey, Ez, Hx, Hy, Hz  and filename snap0027.h5 will be created.
Snapshot from 8m, 0m, 14m, to 28.1m, 0.05m, 31.4m, discretisation 0.15m, 0.05m, 0.15m, at 2.8068e-08 secs (iteration 476; magnetic fields at 2.80385e-08 secs) with field outputs Ex, Ey, Ez, Hx, Hy, Hz  and filename snap0028.h5 will be created.
Snapshot from 8m, 0m, 14m, to 28.1m, 0.05m, 31.4m, discretisation 0.15m, 0.05m, 0.15m, at 2.90704e-08 secs (iteration 493; magnetic fields at 2.90409e-08 secs) with field outputs Ex, Ey, Ez, Hx, Hy, Hz  and filename snap0029.h5 will be created.
Snapshot from 8m, 0m, 14m, to 28.1m, 0.05m, 31.4m, discretisation 0.15m, 0.05m, 0.15m, at 3.00728e-08 secs (iteration 510; magnetic fields at 3.00434e-08 secs) with field outputs Ex, Ey, Ez, Hx, Hy, Hz  and filename snap0030.h5 will be created.
Snapshot from 8m, 0m, 14m, to 28.1m, 0.05m, 31.4m, discretisation 0.15m, 0.05m, 0.15m, at 3.10753e-08 secs (iteration 527; magnetic fields at 3.10458e-08 secs) with field outputs Ex, Ey, Ez, Hx, Hy, Hz  and filename snap0031.h5 will be created.
Snapshot from 8m, 0m, 14m, to 28.1m, 0.05m, 31.4m, discretisation 0.15m, 0.05m, 0.15m, at 3.20777e-08 secs (iteration 544; magnetic fields at 3.20482e-08 secs) with field outputs Ex, Ey, Ez, Hx, Hy, Hz  and filename snap0032.h5 will be created.
Snapshot from 8m, 0m, 14m, to 28.1m, 0.05m, 31.4m, discretisation 0.15m, 0.05m, 0.15m, at 3.30801e-08 secs (iteration 561; magnetic fields at 3.30506e-08 secs) with field outputs Ex, Ey, Ez, Hx, Hy, Hz  and filename snap0033.h5 will be created.
Snapshot from 8m, 0m, 14m, to 28.1m, 0.05m, 31.4m, discretisation 0.15m, 0.05m, 0.15m, at 3.40826e-08 secs (iteration 578; magnetic fields at 3.40531e-08 secs) with field outputs Ex, Ey, Ez, Hx, Hy, Hz  and filename snap0034.h5 will be created.
Snapshot from 8m, 0m, 14m, to 28.1m, 0.05m, 31.4m, discretisation 0.15m, 0.05m, 0.15m, at 3.5085e-08 secs (iteration 595; magnetic fields at 3.50555e-08 secs) with field outputs Ex, Ey, Ez, Hx, Hy, Hz  and filename snap0035.h5 will be created.
Snapshot from 8m, 0m, 14m, to 28.1m, 0.05m, 31.4m, discretisation 0.15m, 0.05m, 0.15m, at 3.60874e-08 secs (iteration 612; magnetic fields at 3.60579e-08 secs) with field outputs Ex, Ey, Ez, Hx, Hy, Hz  and filename snap0036.h5 will be created.
Snapshot from 8m, 0m, 14m, to 28.1m, 0.05m, 31.4m, discretisation 0.15m, 0.05m, 0.15m, at 3.70898e-08 secs (iteration 629; magnetic fields at 3.70604e-08 secs) with field outputs Ex, Ey, Ez, Hx, Hy, Hz  and filename snap0037.h5 will be created.
Snapshot from 8m, 0m, 14m, to 28.1m, 0.05m, 31.4m, discretisation 0.15m, 0.05m, 0.15m, at 3.80923e-08 secs (iteration 646; magnetic fields at 3.80628e-08 secs) with field outputs Ex, Ey, Ez, Hx, Hy, Hz  and filename snap0038.h5 will be created.
Snapshot from 8m, 0m, 14m, to 28.1m, 0.05m, 31.4m, discretisation 0.15m, 0.05m, 0.15m, at 3.90947e-08 secs (iteration 663; magnetic fields at 3.90652e-08 secs) with field outputs Ex, Ey, Ez, Hx, Hy, Hz  and filename snap0039.h5 will be created.
Snapshot from 8m, 0m, 14m, to 28.1m, 0.05m, 31.4m, discretisation 0.15m, 0.05m, 0.15m, at 4.00971e-08 secs (iteration 680; magnetic fields at 4.00676e-08 secs) with field outputs Ex, Ey, Ez, Hx, Hy, Hz  and filename snap0040.h5 will be created.
Snapshot from 8m, 0m, 14m, to 28.1m, 0.05m, 31.4m, discretisation 0.15m, 0.05m, 0.15m, at 4.10996e-08 secs (iteration 697; magnetic fields at 4.10701e-08 secs) with field outputs Ex, Ey, Ez, Hx, Hy, Hz  and filename snap0041.h5 will be created.
Snapshot from 8m, 0m, 14m, to 28.1m, 0.05m, 31.4m, discretisation 0.15m, 0.05m, 0.15m, at 4.2102e-08 secs (iteration 714; magnetic fields at 4.20725e-08 secs) with field outputs Ex, Ey, Ez, Hx, Hy, Hz  and filename snap0042.h5 will be created.
Snapshot from 8m, 0m, 14m, to 28.1m, 0.05m, 31.4m, discretisation 0.15m, 0.05m, 0.15m, at 4.31044e-08 secs (iteration 731; magnetic fields at 4.30749e-08 secs) with field outputs Ex, Ey, Ez, Hx, Hy, Hz  and filename snap0043.h5 will be created.
Snapshot from 8m, 0m, 14m, to 28.1m, 0.05m, 31.4m, discretisation 0.15m, 0.05m, 0.15m, at 4.41068e-08 secs (iteration 748; magnetic fields at 4.40774e-08 secs) with field outputs Ex, Ey, Ez, Hx, Hy, Hz  and filename snap0044.h5 will be created.
Snapshot from 8m, 0m, 14m, to 28.1m, 0.05m, 31.4m, discretisation 0.15m, 0.05m, 0.15m, at 4.51093e-08 secs (iteration 765; magnetic fields at 4.50798e-08 secs) with field outputs Ex, Ey, Ez, Hx, Hy, Hz  and filename snap0045.h5 will be created.
Snapshot from 8m, 0m, 14m, to 28.1m, 0.05m, 31.4m, discretisation 0.15m, 0.05m, 0.15m, at 4.61117e-08 secs (iteration 782; magnetic fields at 4.60822e-08 secs) with field outputs Ex, Ey, Ez, Hx, Hy, Hz  and filename snap0046.h5 will be created.
Snapshot from 8m, 0m, 14m, to 28.1m, 0.05m, 31.4m, discretisation 0.15m, 0.05m, 0.15m, at 4.71141e-08 secs (iteration 799; magnetic fields at 4.70846e-08 secs) with field outputs Ex, Ey, Ez, Hx, Hy, Hz  and filename snap0047.h5 will be created.
Snapshot from 8m, 0m, 14m, to 28.1m, 0.05m, 31.4m, discretisation 0.15m, 0.05m, 0.15m, at 4.81165e-08 secs (iteration 816; magnetic fields at 4.80871e-08 secs) with field outputs Ex, Ey, Ez, Hx, Hy, Hz  and filename snap0048.h5 will be created.
Snapshot from 8m, 0m, 14m, to 28.1m, 0.05m, 31.4m, discretisation 0.15m, 0.05m, 0.15m, at 4.9119e-08 secs (iteration 833; magnetic fields at 4.90895e-08 secs) with field outputs Ex, Ey, Ez, Hx, Hy, Hz  and filename snap0049.h5 will be created.
Snapshot from 8m, 0m, 14m, to 28.1m, 0.05m, 31.4m, discretisation 0.15m, 0.05m, 0.15m, at 5.01214e-08 secs (iteration 850; magnetic fields at 5.00919e-08 secs) with field outputs Ex, Ey, Ez, Hx, Hy, Hz  and filename snap0050.h5 will be created.
Snapshot from 8m, 0m, 14m, to 28.1m, 0.05m, 31.4m, discretisation 0.15m, 0.05m, 0.15m, at 5.11238e-08 secs (iteration 867; magnetic fields at 5.10943e-08 secs) with field outputs Ex, Ey, Ez, Hx, Hy, Hz  and filename snap0051.h5 will be created.
Snapshot from 8m, 0m, 14m, to 28.1m, 0.05m, 31.4m, discretisation 0.15m, 0.05m, 0.15m, at 5.21263e-08 secs (iteration 884; magnetic fields at 5.20968e-08 secs) with field outputs Ex, Ey, Ez, Hx, Hy, Hz  and filename snap0052.h5 will be created.
Snapshot from 8m, 0m, 14m, to 28.1m, 0.05m, 31.4m, discretisation 0.15m, 0.05m, 0.15m, at 5.31287e-08 secs (iteration 901; magnetic fields at 5.30992e-08 secs) with field outputs Ex, Ey, Ez, Hx, Hy, Hz  and filename snap0053.h5 will be created.
Snapshot from 8m, 0m, 14m, to 28.1m, 0.05m, 31.4m, discretisation 0.15m, 0.05m, 0.15m, at 5.41311e-08 secs (iteration 918; magnetic fields at 5.41016e-08 secs) with field outputs Ex, Ey, Ez, Hx, Hy, Hz  and filename snap0054.h5 will be created.
Snapshot from 8m, 0m, 14m, to 28.1m, 0.05m, 31.4m, discretisation 0.15m, 0.05m, 0.15m, at 5.51335e-08 secs (iteration 935; magnetic fields at 5.51041e-08 secs) with field outputs Ex, Ey, Ez, Hx, Hy, Hz  and filename snap0055.h5 will be created.
Snapshot from 8m, 0m, 14m, to 28.1m, 0.05m, 31.4m, discretisation 0.15m, 0.05m, 0.15m, at 5.6136e-08 secs (iteration 952; magnetic fields at 5.61065e-08 secs) with field outputs Ex, Ey, Ez, Hx, Hy, Hz  and filename snap0056.h5 will be created.
Snapshot from 8m, 0m, 14m, to 28.1m, 0.05m, 31.4m, discretisation 0.15m, 0.05m, 0.15m, at 5.71384e-08 secs (iteration 969; magnetic fields at 5.71089e-08 secs) with field outputs Ex, Ey, Ez, Hx, Hy, Hz  and filename snap0057.h5 will be created.
Snapshot from 8m, 0m, 14m, to 28.1m, 0.05m, 31.4m, discretisation 0.15m, 0.05m, 0.15m, at 5.81408e-08 secs (iteration 986; magnetic fields at 5.81113e-08 secs) with field outputs Ex, Ey, Ez, Hx, Hy, Hz  and filename snap0058.h5 will be created.
Snapshot from 8m, 0m, 14m, to 28.1m, 0.05m, 31.4m, discretisation 0.15m, 0.05m, 0.15m, at 5.91433e-08 secs (iteration 1003; magnetic fields at 5.91138e-08 secs) with field outputs Ex, Ey, Ez, Hx, Hy, Hz  and filename snap0059.h5 will be created.
Snapshot from 8m, 0m, 14m, to 28.1m, 0.05m, 31.4m, discretisation 0.15m, 0.05m, 0.15m, at 6.01457e-08 secs (iteration 1020; magnetic fields at 6.01162e-08 secs) with field outputs Ex, Ey, Ez, Hx, Hy, Hz  and filename snap0060.h5 will be created.
Snapshot from 8m, 0m, 14m, to 28.1m, 0.05m, 31.4m, discretisation 0.15m, 0.05m, 0.15m, at 6.11481e-08 secs (iteration 1037; magnetic fields at 6.11186e-08 secs) with field outputs Ex, Ey, Ez, Hx, Hy, Hz  and filename snap0061.h5 will be created.
Snapshot from 8m, 0m, 14m, to 28.1m, 0.05m, 31.4m, discretisation 0.15m, 0.05m, 0.15m, at 6.21505e-08 secs (iteration 1054; magnetic fields at 6.21211e-08 secs) with field outputs Ex, Ey, Ez, Hx, Hy, Hz  and filename snap0062.h5 will be created.
Snapshot from 8m, 0m, 14m, to 28.1m, 0.05m, 31.4m, discretisation 0.15m, 0.05m, 0.15m, at 6.3153e-08 secs (iteration 1071; magnetic fields at 6.31235e-08 secs) with field outputs Ex, Ey, Ez, Hx, Hy, Hz  and filename snap0063.h5 will be created.
Snapshot from 8m, 0m, 14m, to 28.1m, 0.05m, 31.4m, discretisation 0.15m, 0.05m, 0.15m, at 6.41554e-08 secs (iteration 1088; magnetic fields at 6.41259e-08 secs) with field outputs Ex, Ey, Ez, Hx, Hy, Hz  and filename snap0064.h5 will be created.
Snapshot from 8m, 0m, 14m, to 28.1m, 0.05m, 31.4m, discretisation 0.15m, 0.05m, 0.15m, at 6.51578e-08 secs (iteration 1105; magnetic fields at 6.51283e-08 secs) with field outputs Ex, Ey, Ez, Hx, Hy, Hz  and filename snap0065.h5 will be created.
Snapshot from 8m, 0m, 14m, to 28.1m, 0.05m, 31.4m, discretisation 0.15m, 0.05m, 0.15m, at 6.61603e-08 secs (iteration 1122; magnetic fields at 6.61308e-08 secs) with field outputs Ex, Ey, Ez, Hx, Hy, Hz  and filename snap0066.h5 will be created.
Snapshot from 8m, 0m, 14m, to 28.1m, 0.05m, 31.4m, discretisation 0.15m, 0.05m, 0.15m, at 6.71627e-08 secs (iteration 1139; magnetic fields at 6.71332e-08 secs) with field outputs Ex, Ey, Ez, Hx, Hy, Hz  and filename snap0067.h5 will be created.
Snapshot from 8m, 0m, 14m, to 28.1m, 0.05m, 31.4m, discretisation 0.15m, 0.05m, 0.15m, at 6.81651e-08 secs (iteration 1156; magnetic fields at 6.81356e-08 secs) with field outputs Ex, Ey, Ez, Hx, Hy, Hz  and filename snap0068.h5 will be created.
Snapshot from 8m, 0m, 14m, to 28.1m, 0.05m, 31.4m, discretisation 0.15m, 0.05m, 0.15m, at 6.91675e-08 secs (iteration 1173; magnetic fields at 6.91381e-08 secs) with field outputs Ex, Ey, Ez, Hx, Hy, Hz  and filename snap0069.h5 will be created.
Snapshot from 8m, 0m, 14m, to 28.1m, 0.05m, 31.4m, discretisation 0.15m, 0.05m, 0.15m, at 7.017e-08 secs (iteration 1190; magnetic fields at 7.01405e-08 secs) with field outputs Ex, Ey, Ez, Hx, Hy, Hz  and filename snap0070.h5 will be created.
Snapshot from 8m, 0m, 14m, to 28.1m, 0.05m, 31.4m, discretisation 0.15m, 0.05m, 0.15m, at 7.11724e-08 secs (iteration 1207; magnetic fields at 7.11429e-08 secs) with field outputs Ex, Ey, Ez, Hx, Hy, Hz  and filename snap0071.h5 will be created.
Snapshot from 8m, 0m, 14m, to 28.1m, 0.05m, 31.4m, discretisation 0.15m, 0.05m, 0.15m, at 7.21748e-08 secs (iteration 1224; magnetic fields at 7.21453e-08 secs) with field outputs Ex, Ey, Ez, Hx, Hy, Hz  and filename snap0072.h5 will be created.
Snapshot from 8m, 0m, 14m, to 28.1m, 0.05m, 31.4m, discretisation 0.15m, 0.05m, 0.15m, at 7.31773e-08 secs (iteration 1241; magnetic fields at 7.31478e-08 secs) with field outputs Ex, Ey, Ez, Hx, Hy, Hz  and filename snap0073.h5 will be created.
Snapshot from 8m, 0m, 14m, to 28.1m, 0.05m, 31.4m, discretisation 0.15m, 0.05m, 0.15m, at 7.41797e-08 secs (iteration 1258; magnetic fields at 7.41502e-08 secs) with field outputs Ex, Ey, Ez, Hx, Hy, Hz  and filename snap0074.h5 will be created.
Snapshot from 8m, 0m, 14m, to 28.1m, 0.05m, 31.4m, discretisation 0.15m, 0.05m, 0.15m, at 7.51821e-08 secs (iteration 1275; magnetic fields at 7.51526e-08 secs) with field outputs Ex, Ey, Ez, Hx, Hy, Hz  and filename snap0075.h5 will be created.
Snapshot from 8m, 0m, 14m, to 28.1m, 0.05m, 31.4m, discretisation 0.15m, 0.05m, 0.15m, at 7.61845e-08 secs (iteration 1292; magnetic fields at 7.61551e-08 secs) with field outputs Ex, Ey, Ez, Hx, Hy, Hz  and filename snap0076.h5 will be created.
Snapshot from 8m, 0m, 14m, to 28.1m, 0.05m, 31.4m, discretisation 0.15m, 0.05m, 0.15m, at 7.7187e-08 secs (iteration 1309; magnetic fields at 7.71575e-08 secs) with field outputs Ex, Ey, Ez, Hx, Hy, Hz  and filename snap0077.h5 will be created.
Snapshot from 8m, 0m, 14m, to 28.1m, 0.05m, 31.4m, discretisation 0.15m, 0.05m, 0.15m, at 7.81894e-08 secs (iteration 1326; magnetic fields at 7.81599e-08 secs) with field outputs Ex, Ey, Ez, Hx, Hy, Hz  and filename snap0078.h5 will be created.
Snapshot from 8m, 0m, 14m, to 28.1m, 0.05m, 31.4m, discretisation 0.15m, 0.05m, 0.15m, at 7.91918e-08 secs (iteration 1343; magnetic fields at 7.91623e-08 secs) with field outputs Ex, Ey, Ez, Hx, Hy, Hz  and filename snap0079.h5 will be created.
Snapshot from 8m, 0m, 14m, to 28.1m, 0.05m, 31.4m, discretisation 0.15m, 0.05m, 0.15m, at 8.01942e-08 secs (iteration 1360; magnetic fields at 8.01648e-08 secs) with field outputs Ex, Ey, Ez, Hx, Hy, Hz  and filename snap0080.h5 will be created.
Snapshot from 8m, 0m, 14m, to 28.1m, 0.05m, 31.4m, discretisation 0.15m, 0.05m, 0.15m, at 8.11967e-08 secs (iteration 1377; magnetic fields at 8.11672e-08 secs) with field outputs Ex, Ey, Ez, Hx, Hy, Hz  and filename snap0081.h5 will be created.
Snapshot from 8m, 0m, 14m, to 28.1m, 0.05m, 31.4m, discretisation 0.15m, 0.05m, 0.15m, at 8.21991e-08 secs (iteration 1394; magnetic fields at 8.21696e-08 secs) with field outputs Ex, Ey, Ez, Hx, Hy, Hz  and filename snap0082.h5 will be created.
Snapshot from 8m, 0m, 14m, to 28.1m, 0.05m, 31.4m, discretisation 0.15m, 0.05m, 0.15m, at 8.32015e-08 secs (iteration 1411; magnetic fields at 8.3172e-08 secs) with field outputs Ex, Ey, Ez, Hx, Hy, Hz  and filename snap0083.h5 will be created.
Snapshot from 8m, 0m, 14m, to 28.1m, 0.05m, 31.4m, discretisation 0.15m, 0.05m, 0.15m, at 8.4204e-08 secs (iteration 1428; magnetic fields at 8.41745e-08 secs) with field outputs Ex, Ey, Ez, Hx, Hy, Hz  and filename snap0084.h5 will be created.
Snapshot from 8m, 0m, 14m, to 28.1m, 0.05m, 31.4m, discretisation 0.15m, 0.05m, 0.15m, at 8.52064e-08 secs (iteration 1445; magnetic fields at 8.51769e-08 secs) with field outputs Ex, Ey, Ez, Hx, Hy, Hz  and filename snap0085.h5 will be created.
Snapshot from 8m, 0m, 14m, to 28.1m, 0.05m, 31.4m, discretisation 0.15m, 0.05m, 0.15m, at 8.62088e-08 secs (iteration 1462; magnetic fields at 8.61793e-08 secs) with field outputs Ex, Ey, Ez, Hx, Hy, Hz  and filename snap0086.h5 will be created.
Snapshot from 8m, 0m, 14m, to 28.1m, 0.05m, 31.4m, discretisation 0.15m, 0.05m, 0.15m, at 8.72112e-08 secs (iteration 1479; magnetic fields at 8.71818e-08 secs) with field outputs Ex, Ey, Ez, Hx, Hy, Hz  and filename snap0087.h5 will be created.
Snapshot from 8m, 0m, 14m, to 28.1m, 0.05m, 31.4m, discretisation 0.15m, 0.05m, 0.15m, at 8.82137e-08 secs (iteration 1496; magnetic fields at 8.81842e-08 secs) with field outputs Ex, Ey, Ez, Hx, Hy, Hz  and filename snap0088.h5 will be created.
Snapshot from 8m, 0m, 14m, to 28.1m, 0.05m, 31.4m, discretisation 0.15m, 0.05m, 0.15m, at 8.92161e-08 secs (iteration 1513; magnetic fields at 8.91866e-08 secs) with field outputs Ex, Ey, Ez, Hx, Hy, Hz  and filename snap0089.h5 will be created.
Snapshot from 8m, 0m, 14m, to 28.1m, 0.05m, 31.4m, discretisation 0.15m, 0.05m, 0.15m, at 9.02185e-08 secs (iteration 1530; magnetic fields at 9.0189e-08 secs) with field outputs Ex, Ey, Ez, Hx, Hy, Hz  and filename snap0090.h5 will be created.
Snapshot from 8m, 0m, 14m, to 28.1m, 0.05m, 31.4m, discretisation 0.15m, 0.05m, 0.15m, at 9.1221e-08 secs (iteration 1547; magnetic fields at 9.11915e-08 secs) with field outputs Ex, Ey, Ez, Hx, Hy, Hz  and filename snap0091.h5 will be created.
Snapshot from 8m, 0m, 14m, to 28.1m, 0.05m, 31.4m, discretisation 0.15m, 0.05m, 0.15m, at 9.22234e-08 secs (iteration 1564; magnetic fields at 9.21939e-08 secs) with field outputs Ex, Ey, Ez, Hx, Hy, Hz  and filename snap0092.h5 will be created.
Snapshot from 8m, 0m, 14m, to 28.1m, 0.05m, 31.4m, discretisation 0.15m, 0.05m, 0.15m, at 9.32258e-08 secs (iteration 1581; magnetic fields at 9.31963e-08 secs) with field outputs Ex, Ey, Ez, Hx, Hy, Hz  and filename snap0093.h5 will be created.
Snapshot from 8m, 0m, 14m, to 28.1m, 0.05m, 31.4m, discretisation 0.15m, 0.05m, 0.15m, at 9.42282e-08 secs (iteration 1598; magnetic fields at 9.41988e-08 secs) with field outputs Ex, Ey, Ez, Hx, Hy, Hz  and filename snap0094.h5 will be created.
Snapshot from 8m, 0m, 14m, to 28.1m, 0.05m, 31.4m, discretisation 0.15m, 0.05m, 0.15m, at 9.52307e-08 secs (iteration 1615; magnetic fields at 9.52012e-08 secs) with field outputs Ex, Ey, Ez, Hx, Hy, Hz  and filename snap0095.h5 will be created.
Snapshot from 8m, 0m, 14m, to 28.1m, 0.05m, 31.4m, discretisation 0.15m, 0.05m, 0.15m, at 9.62331e-08 secs (iteration 1632; magnetic fields at 9.62036e-08 secs) with field outputs Ex, Ey, Ez, Hx, Hy, Hz  and filename snap0096.h5 will be created.
Snapshot from 8m, 0m, 14m, to 28.1m, 0.05m, 31.4m, discretisation 0.15m, 0.05m, 0.15m, at 9.72355e-08 secs (iteration 1649; magnetic fields at 9.7206e-08 secs) with field outputs Ex, Ey, Ez, Hx, Hy, Hz  and filename snap0097.h5 will be created.
Snapshot from 8m, 0m, 14m, to 28.1m, 0.05m, 31.4m, discretisation 0.15m, 0.05m, 0.15m, at 9.8238e-08 secs (iteration 1666; magnetic fields at 9.82085e-08 secs) with field outputs Ex, Ey, Ez, Hx, Hy, Hz  and filename snap0098.h5 will be created.
Snapshot from 8m, 0m, 14m, to 28.1m, 0.05m, 31.4m, discretisation 0.15m, 0.05m, 0.15m, at 9.92404e-08 secs (iteration 1683; magnetic fields at 9.92109e-08 secs) with field outputs Ex, Ey, Ez, Hx, Hy, Hz  and filename snap0099.h5 will be created.
Snapshot from 8m, 0m, 14m, to 28.1m, 0.05m, 31.4m, discretisation 0.15m, 0.05m, 0.15m, at 1.00243e-07 secs (iteration 1700; magnetic fields at 1.00213e-07 secs) with field outputs Ex, Ey, Ez, Hx, Hy, Hz  and filename snap0100.h5 will be created.
Snapshot from 8m, 0m, 14m, to 28.1m, 0.05m, 31.4m, discretisation 0.15m, 0.05m, 0.15m, at 1.01245e-07 secs (iteration 1717; magnetic fields at 1.01216e-07 secs) with field outputs Ex, Ey, Ez, Hx, Hy, Hz  and filename snap0101.h5 will be created.
Snapshot from 8m, 0m, 14m, to 28.1m, 0.05m, 31.4m, discretisation 0.15m, 0.05m, 0.15m, at 1.02248e-07 secs (iteration 1734; magnetic fields at 1.02218e-07 secs) with field outputs Ex, Ey, Ez, Hx, Hy, Hz  and filename snap0102.h5 will be created.
Snapshot from 8m, 0m, 14m, to 28.1m, 0.05m, 31.4m, discretisation 0.15m, 0.05m, 0.15m, at 1.0325e-07 secs (iteration 1751; magnetic fields at 1.03221e-07 secs) with field outputs Ex, Ey, Ez, Hx, Hy, Hz  and filename snap0103.h5 will be created.
Snapshot from 8m, 0m, 14m, to 28.1m, 0.05m, 31.4m, discretisation 0.15m, 0.05m, 0.15m, at 1.04253e-07 secs (iteration 1768; magnetic fields at 1.04223e-07 secs) with field outputs Ex, Ey, Ez, Hx, Hy, Hz  and filename snap0104.h5 will be created.
Snapshot from 8m, 0m, 14m, to 28.1m, 0.05m, 31.4m, discretisation 0.15m, 0.05m, 0.15m, at 1.05255e-07 secs (iteration 1785; magnetic fields at 1.05225e-07 secs) with field outputs Ex, Ey, Ez, Hx, Hy, Hz  and filename snap0105.h5 will be created.
Snapshot from 8m, 0m, 14m, to 28.1m, 0.05m, 31.4m, discretisation 0.15m, 0.05m, 0.15m, at 1.06257e-07 secs (iteration 1802; magnetic fields at 1.06228e-07 secs) with field outputs Ex, Ey, Ez, Hx, Hy, Hz  and filename snap0106.h5 will be created.
Snapshot from 8m, 0m, 14m, to 28.1m, 0.05m, 31.4m, discretisation 0.15m, 0.05m, 0.15m, at 1.0726e-07 secs (iteration 1819; magnetic fields at 1.0723e-07 secs) with field outputs Ex, Ey, Ez, Hx, Hy, Hz  and filename snap0107.h5 will be created.
Snapshot from 8m, 0m, 14m, to 28.1m, 0.05m, 31.4m, discretisation 0.15m, 0.05m, 0.15m, at 1.08262e-07 secs (iteration 1836; magnetic fields at 1.08233e-07 secs) with field outputs Ex, Ey, Ez, Hx, Hy, Hz  and filename snap0108.h5 will be created.
Snapshot from 8m, 0m, 14m, to 28.1m, 0.05m, 31.4m, discretisation 0.15m, 0.05m, 0.15m, at 1.09265e-07 secs (iteration 1853; magnetic fields at 1.09235e-07 secs) with field outputs Ex, Ey, Ez, Hx, Hy, Hz  and filename snap0109.h5 will be created.
Snapshot from 8m, 0m, 14m, to 28.1m, 0.05m, 31.4m, discretisation 0.15m, 0.05m, 0.15m, at 1.10267e-07 secs (iteration 1870; magnetic fields at 1.10238e-07 secs) with field outputs Ex, Ey, Ez, Hx, Hy, Hz  and filename snap0110.h5 will be created.
Snapshot from 8m, 0m, 14m, to 28.1m, 0.05m, 31.4m, discretisation 0.15m, 0.05m, 0.15m, at 1.1127e-07 secs (iteration 1887; magnetic fields at 1.1124e-07 secs) with field outputs Ex, Ey, Ez, Hx, Hy, Hz  and filename snap0111.h5 will be created.
Snapshot from 8m, 0m, 14m, to 28.1m, 0.05m, 31.4m, discretisation 0.15m, 0.05m, 0.15m, at 1.12272e-07 secs (iteration 1904; magnetic fields at 1.12242e-07 secs) with field outputs Ex, Ey, Ez, Hx, Hy, Hz  and filename snap0112.h5 will be created.
Snapshot from 8m, 0m, 14m, to 28.1m, 0.05m, 31.4m, discretisation 0.15m, 0.05m, 0.15m, at 1.13274e-07 secs (iteration 1921; magnetic fields at 1.13245e-07 secs) with field outputs Ex, Ey, Ez, Hx, Hy, Hz  and filename snap0113.h5 will be created.
Snapshot from 8m, 0m, 14m, to 28.1m, 0.05m, 31.4m, discretisation 0.15m, 0.05m, 0.15m, at 1.14277e-07 secs (iteration 1938; magnetic fields at 1.14247e-07 secs) with field outputs Ex, Ey, Ez, Hx, Hy, Hz  and filename snap0114.h5 will be created.
Snapshot from 8m, 0m, 14m, to 28.1m, 0.05m, 31.4m, discretisation 0.15m, 0.05m, 0.15m, at 1.15279e-07 secs (iteration 1955; magnetic fields at 1.1525e-07 secs) with field outputs Ex, Ey, Ez, Hx, Hy, Hz  and filename snap0115.h5 will be created.
Snapshot from 8m, 0m, 14m, to 28.1m, 0.05m, 31.4m, discretisation 0.15m, 0.05m, 0.15m, at 1.16282e-07 secs (iteration 1972; magnetic fields at 1.16252e-07 secs) with field outputs Ex, Ey, Ez, Hx, Hy, Hz  and filename snap0116.h5 will be created.
Snapshot from 8m, 0m, 14m, to 28.1m, 0.05m, 31.4m, discretisation 0.15m, 0.05m, 0.15m, at 1.17284e-07 secs (iteration 1989; magnetic fields at 1.17255e-07 secs) with field outputs Ex, Ey, Ez, Hx, Hy, Hz  and filename snap0117.h5 will be created.
Snapshot from 8m, 0m, 14m, to 28.1m, 0.05m, 31.4m, discretisation 0.15m, 0.05m, 0.15m, at 1.18287e-07 secs (iteration 2006; magnetic fields at 1.18257e-07 secs) with field outputs Ex, Ey, Ez, Hx, Hy, Hz  and filename snap0118.h5 will be created.
Snapshot from 8m, 0m, 14m, to 28.1m, 0.05m, 31.4m, discretisation 0.15m, 0.05m, 0.15m, at 1.19289e-07 secs (iteration 2023; magnetic fields at 1.19259e-07 secs) with field outputs Ex, Ey, Ez, Hx, Hy, Hz  and filename snap0119.h5 will be created.
Snapshot from 8m, 0m, 14m, to 28.1m, 0.05m, 31.4m, discretisation 0.15m, 0.05m, 0.15m, at 1.20291e-07 secs (iteration 2040; magnetic fields at 1.20262e-07 secs) with field outputs Ex, Ey, Ez, Hx, Hy, Hz  and filename snap0120.h5 will be created.
Snapshot from 8m, 0m, 14m, to 28.1m, 0.05m, 31.4m, discretisation 0.15m, 0.05m, 0.15m, at 1.21294e-07 secs (iteration 2057; magnetic fields at 1.21264e-07 secs) with field outputs Ex, Ey, Ez, Hx, Hy, Hz  and filename snap0121.h5 will be created.
Snapshot from 8m, 0m, 14m, to 28.1m, 0.05m, 31.4m, discretisation 0.15m, 0.05m, 0.15m, at 1.22296e-07 secs (iteration 2074; magnetic fields at 1.22267e-07 secs) with field outputs Ex, Ey, Ez, Hx, Hy, Hz  and filename snap0122.h5 will be created.
Snapshot from 8m, 0m, 14m, to 28.1m, 0.05m, 31.4m, discretisation 0.15m, 0.05m, 0.15m, at 1.23299e-07 secs (iteration 2091; magnetic fields at 1.23269e-07 secs) with field outputs Ex, Ey, Ez, Hx, Hy, Hz  and filename snap0123.h5 will be created.
Snapshot from 8m, 0m, 14m, to 28.1m, 0.05m, 31.4m, discretisation 0.15m, 0.05m, 0.15m, at 1.24301e-07 secs (iteration 2108; magnetic fields at 1.24272e-07 secs) with field outputs Ex, Ey, Ez, Hx, Hy, Hz  and filename snap0124.h5 will be created.
Snapshot from 8m, 0m, 14m, to 28.1m, 0.05m, 31.4m, discretisation 0.15m, 0.05m, 0.15m, at 1.25304e-07 secs (iteration 2125; magnetic fields at 1.25274e-07 secs) with field outputs Ex, Ey, Ez, Hx, Hy, Hz  and filename snap0125.h5 will be created.
Snapshot from 8m, 0m, 14m, to 28.1m, 0.05m, 31.4m, discretisation 0.15m, 0.05m, 0.15m, at 1.26306e-07 secs (iteration 2142; magnetic fields at 1.26276e-07 secs) with field outputs Ex, Ey, Ez, Hx, Hy, Hz  and filename snap0126.h5 will be created.
Snapshot from 8m, 0m, 14m, to 28.1m, 0.05m, 31.4m, discretisation 0.15m, 0.05m, 0.15m, at 1.27308e-07 secs (iteration 2159; magnetic fields at 1.27279e-07 secs) with field outputs Ex, Ey, Ez, Hx, Hy, Hz  and filename snap0127.h5 will be created.
Snapshot from 8m, 0m, 14m, to 28.1m, 0.05m, 31.4m, discretisation 0.15m, 0.05m, 0.15m, at 1.28311e-07 secs (iteration 2176; magnetic fields at 1.28281e-07 secs) with field outputs Ex, Ey, Ez, Hx, Hy, Hz  and filename snap0128.h5 will be created.
Snapshot from 8m, 0m, 14m, to 28.1m, 0.05m, 31.4m, discretisation 0.15m, 0.05m, 0.15m, at 1.29313e-07 secs (iteration 2193; magnetic fields at 1.29284e-07 secs) with field outputs Ex, Ey, Ez, Hx, Hy, Hz  and filename snap0129.h5 will be created.
Snapshot from 8m, 0m, 14m, to 28.1m, 0.05m, 31.4m, discretisation 0.15m, 0.05m, 0.15m, at 1.30316e-07 secs (iteration 2210; magnetic fields at 1.30286e-07 secs) with field outputs Ex, Ey, Ez, Hx, Hy, Hz  and filename snap0130.h5 will be created.
Snapshot from 8m, 0m, 14m, to 28.1m, 0.05m, 31.4m, discretisation 0.15m, 0.05m, 0.15m, at 1.31318e-07 secs (iteration 2227; magnetic fields at 1.31289e-07 secs) with field outputs Ex, Ey, Ez, Hx, Hy, Hz  and filename snap0131.h5 will be created.
Snapshot from 8m, 0m, 14m, to 28.1m, 0.05m, 31.4m, discretisation 0.15m, 0.05m, 0.15m, at 1.32321e-07 secs (iteration 2244; magnetic fields at 1.32291e-07 secs) with field outputs Ex, Ey, Ez, Hx, Hy, Hz  and filename snap0132.h5 will be created.
Snapshot from 8m, 0m, 14m, to 28.1m, 0.05m, 31.4m, discretisation 0.15m, 0.05m, 0.15m, at 1.33323e-07 secs (iteration 2261; magnetic fields at 1.33293e-07 secs) with field outputs Ex, Ey, Ez, Hx, Hy, Hz  and filename snap0133.h5 will be created.
Snapshot from 8m, 0m, 14m, to 28.1m, 0.05m, 31.4m, discretisation 0.15m, 0.05m, 0.15m, at 1.34325e-07 secs (iteration 2278; magnetic fields at 1.34296e-07 secs) with field outputs Ex, Ey, Ez, Hx, Hy, Hz  and filename snap0134.h5 will be created.
Snapshot from 8m, 0m, 14m, to 28.1m, 0.05m, 31.4m, discretisation 0.15m, 0.05m, 0.15m, at 1.35328e-07 secs (iteration 2295; magnetic fields at 1.35298e-07 secs) with field outputs Ex, Ey, Ez, Hx, Hy, Hz  and filename snap0135.h5 will be created.
Snapshot from 8m, 0m, 14m, to 28.1m, 0.05m, 31.4m, discretisation 0.15m, 0.05m, 0.15m, at 1.3633e-07 secs (iteration 2312; magnetic fields at 1.36301e-07 secs) with field outputs Ex, Ey, Ez, Hx, Hy, Hz  and filename snap0136.h5 will be created.
Snapshot from 8m, 0m, 14m, to 28.1m, 0.05m, 31.4m, discretisation 0.15m, 0.05m, 0.15m, at 1.37333e-07 secs (iteration 2329; magnetic fields at 1.37303e-07 secs) with field outputs Ex, Ey, Ez, Hx, Hy, Hz  and filename snap0137.h5 will be created.
Snapshot from 8m, 0m, 14m, to 28.1m, 0.05m, 31.4m, discretisation 0.15m, 0.05m, 0.15m, at 1.38335e-07 secs (iteration 2346; magnetic fields at 1.38306e-07 secs) with field outputs Ex, Ey, Ez, Hx, Hy, Hz  and filename snap0138.h5 will be created.
Snapshot from 8m, 0m, 14m, to 28.1m, 0.05m, 31.4m, discretisation 0.15m, 0.05m, 0.15m, at 1.39338e-07 secs (iteration 2363; magnetic fields at 1.39308e-07 secs) with field outputs Ex, Ey, Ez, Hx, Hy, Hz  and filename snap0139.h5 will be created.
Snapshot from 8m, 0m, 14m, to 28.1m, 0.05m, 31.4m, discretisation 0.15m, 0.05m, 0.15m, at 1.4034e-07 secs (iteration 2380; magnetic fields at 1.4031e-07 secs) with field outputs Ex, Ey, Ez, Hx, Hy, Hz  and filename snap0140.h5 will be created.
Snapshot from 8m, 0m, 14m, to 28.1m, 0.05m, 31.4m, discretisation 0.15m, 0.05m, 0.15m, at 1.41342e-07 secs (iteration 2397; magnetic fields at 1.41313e-07 secs) with field outputs Ex, Ey, Ez, Hx, Hy, Hz  and filename snap0141.h5 will be created.
Snapshot from 8m, 0m, 14m, to 28.1m, 0.05m, 31.4m, discretisation 0.15m, 0.05m, 0.15m, at 1.42345e-07 secs (iteration 2414; magnetic fields at 1.42315e-07 secs) with field outputs Ex, Ey, Ez, Hx, Hy, Hz  and filename snap0142.h5 will be created.
Snapshot from 8m, 0m, 14m, to 28.1m, 0.05m, 31.4m, discretisation 0.15m, 0.05m, 0.15m, at 1.43347e-07 secs (iteration 2431; magnetic fields at 1.43318e-07 secs) with field outputs Ex, Ey, Ez, Hx, Hy, Hz  and filename snap0143.h5 will be created.
Snapshot from 8m, 0m, 14m, to 28.1m, 0.05m, 31.4m, discretisation 0.15m, 0.05m, 0.15m, at 1.4435e-07 secs (iteration 2448; magnetic fields at 1.4432e-07 secs) with field outputs Ex, Ey, Ez, Hx, Hy, Hz  and filename snap0144.h5 will be created.
Snapshot from 8m, 0m, 14m, to 28.1m, 0.05m, 31.4m, discretisation 0.15m, 0.05m, 0.15m, at 1.45352e-07 secs (iteration 2465; magnetic fields at 1.45323e-07 secs) with field outputs Ex, Ey, Ez, Hx, Hy, Hz  and filename snap0145.h5 will be created.
Snapshot from 8m, 0m, 14m, to 28.1m, 0.05m, 31.4m, discretisation 0.15m, 0.05m, 0.15m, at 1.46355e-07 secs (iteration 2482; magnetic fields at 1.46325e-07 secs) with field outputs Ex, Ey, Ez, Hx, Hy, Hz  and filename snap0146.h5 will be created.
Snapshot from 8m, 0m, 14m, to 28.1m, 0.05m, 31.4m, discretisation 0.15m, 0.05m, 0.15m, at 1.47357e-07 secs (iteration 2499; magnetic fields at 1.47327e-07 secs) with field outputs Ex, Ey, Ez, Hx, Hy, Hz  and filename snap0147.h5 will be created.
Snapshot from 8m, 0m, 14m, to 28.1m, 0.05m, 31.4m, discretisation 0.15m, 0.05m, 0.15m, at 1.48359e-07 secs (iteration 2516; magnetic fields at 1.4833e-07 secs) with field outputs Ex, Ey, Ez, Hx, Hy, Hz  and filename snap0148.h5 will be created.
Snapshot from 8m, 0m, 14m, to 28.1m, 0.05m, 31.4m, discretisation 0.15m, 0.05m, 0.15m, at 1.49362e-07 secs (iteration 2533; magnetic fields at 1.49332e-07 secs) with field outputs Ex, Ey, Ez, Hx, Hy, Hz  and filename snap0149.h5 will be created.
Snapshot from 8m, 0m, 14m, to 28.1m, 0.05m, 31.4m, discretisation 0.15m, 0.05m, 0.15m, at 1.50364e-07 secs (iteration 2550; magnetic fields at 1.50335e-07 secs) with field outputs Ex, Ey, Ez, Hx, Hy, Hz  and filename snap0150.h5 will be created.
Snapshot from 8m, 0m, 14m, to 28.1m, 0.05m, 31.4m, discretisation 0.15m, 0.05m, 0.15m, at 1.51367e-07 secs (iteration 2567; magnetic fields at 1.51337e-07 secs) with field outputs Ex, Ey, Ez, Hx, Hy, Hz  and filename snap0151.h5 will be created.
Snapshot from 8m, 0m, 14m, to 28.1m, 0.05m, 31.4m, discretisation 0.15m, 0.05m, 0.15m, at 1.52369e-07 secs (iteration 2584; magnetic fields at 1.5234e-07 secs) with field outputs Ex, Ey, Ez, Hx, Hy, Hz  and filename snap0152.h5 will be created.
Snapshot from 8m, 0m, 14m, to 28.1m, 0.05m, 31.4m, discretisation 0.15m, 0.05m, 0.15m, at 1.53371e-07 secs (iteration 2601; magnetic fields at 1.53342e-07 secs) with field outputs Ex, Ey, Ez, Hx, Hy, Hz  and filename snap0153.h5 will be created.
Snapshot from 8m, 0m, 14m, to 28.1m, 0.05m, 31.4m, discretisation 0.15m, 0.05m, 0.15m, at 1.54374e-07 secs (iteration 2618; magnetic fields at 1.54344e-07 secs) with field outputs Ex, Ey, Ez, Hx, Hy, Hz  and filename snap0154.h5 will be created.
Snapshot from 8m, 0m, 14m, to 28.1m, 0.05m, 31.4m, discretisation 0.15m, 0.05m, 0.15m, at 1.55376e-07 secs (iteration 2635; magnetic fields at 1.55347e-07 secs) with field outputs Ex, Ey, Ez, Hx, Hy, Hz  and filename snap0155.h5 will be created.
Snapshot from 8m, 0m, 14m, to 28.1m, 0.05m, 31.4m, discretisation 0.15m, 0.05m, 0.15m, at 1.56379e-07 secs (iteration 2652; magnetic fields at 1.56349e-07 secs) with field outputs Ex, Ey, Ez, Hx, Hy, Hz  and filename snap0156.h5 will be created.
Snapshot from 8m, 0m, 14m, to 28.1m, 0.05m, 31.4m, discretisation 0.15m, 0.05m, 0.15m, at 1.57381e-07 secs (iteration 2669; magnetic fields at 1.57352e-07 secs) with field outputs Ex, Ey, Ez, Hx, Hy, Hz  and filename snap0157.h5 will be created.
Snapshot from 8m, 0m, 14m, to 28.1m, 0.05m, 31.4m, discretisation 0.15m, 0.05m, 0.15m, at 1.58384e-07 secs (iteration 2686; magnetic fields at 1.58354e-07 secs) with field outputs Ex, Ey, Ez, Hx, Hy, Hz  and filename snap0158.h5 will be created.
Snapshot from 8m, 0m, 14m, to 28.1m, 0.05m, 31.4m, discretisation 0.15m, 0.05m, 0.15m, at 1.59386e-07 secs (iteration 2703; magnetic fields at 1.59357e-07 secs) with field outputs Ex, Ey, Ez, Hx, Hy, Hz  and filename snap0159.h5 will be created.
Snapshot from 8m, 0m, 14m, to 28.1m, 0.05m, 31.4m, discretisation 0.15m, 0.05m, 0.15m, at 1.60388e-07 secs (iteration 2720; magnetic fields at 1.60359e-07 secs) with field outputs Ex, Ey, Ez, Hx, Hy, Hz  and filename snap0160.h5 will be created.
Snapshot from 8m, 0m, 14m, to 28.1m, 0.05m, 31.4m, discretisation 0.15m, 0.05m, 0.15m, at 1.61391e-07 secs (iteration 2737; magnetic fields at 1.61361e-07 secs) with field outputs Ex, Ey, Ez, Hx, Hy, Hz  and filename snap0161.h5 will be created.
Snapshot from 8m, 0m, 14m, to 28.1m, 0.05m, 31.4m, discretisation 0.15m, 0.05m, 0.15m, at 1.62393e-07 secs (iteration 2754; magnetic fields at 1.62364e-07 secs) with field outputs Ex, Ey, Ez, Hx, Hy, Hz  and filename snap0162.h5 will be created.
Snapshot from 8m, 0m, 14m, to 28.1m, 0.05m, 31.4m, discretisation 0.15m, 0.05m, 0.15m, at 1.63396e-07 secs (iteration 2771; magnetic fields at 1.63366e-07 secs) with field outputs Ex, Ey, Ez, Hx, Hy, Hz  and filename snap0163.h5 will be created.
Snapshot from 8m, 0m, 14m, to 28.1m, 0.05m, 31.4m, discretisation 0.15m, 0.05m, 0.15m, at 1.64398e-07 secs (iteration 2788; magnetic fields at 1.64369e-07 secs) with field outputs Ex, Ey, Ez, Hx, Hy, Hz  and filename snap0164.h5 will be created.
Snapshot from 8m, 0m, 14m, to 28.1m, 0.05m, 31.4m, discretisation 0.15m, 0.05m, 0.15m, at 1.65401e-07 secs (iteration 2805; magnetic fields at 1.65371e-07 secs) with field outputs Ex, Ey, Ez, Hx, Hy, Hz  and filename snap0165.h5 will be created.
Snapshot from 8m, 0m, 14m, to 28.1m, 0.05m, 31.4m, discretisation 0.15m, 0.05m, 0.15m, at 1.66403e-07 secs (iteration 2822; magnetic fields at 1.66374e-07 secs) with field outputs Ex, Ey, Ez, Hx, Hy, Hz  and filename snap0166.h5 will be created.
Snapshot from 8m, 0m, 14m, to 28.1m, 0.05m, 31.4m, discretisation 0.15m, 0.05m, 0.15m, at 1.67405e-07 secs (iteration 2839; magnetic fields at 1.67376e-07 secs) with field outputs Ex, Ey, Ez, Hx, Hy, Hz  and filename snap0167.h5 will be created.
Snapshot from 8m, 0m, 14m, to 28.1m, 0.05m, 31.4m, discretisation 0.15m, 0.05m, 0.15m, at 1.68408e-07 secs (iteration 2856; magnetic fields at 1.68378e-07 secs) with field outputs Ex, Ey, Ez, Hx, Hy, Hz  and filename snap0168.h5 will be created.
Snapshot from 8m, 0m, 14m, to 28.1m, 0.05m, 31.4m, discretisation 0.15m, 0.05m, 0.15m, at 1.6941e-07 secs (iteration 2873; magnetic fields at 1.69381e-07 secs) with field outputs Ex, Ey, Ez, Hx, Hy, Hz  and filename snap0169.h5 will be created.
Snapshot from 8m, 0m, 14m, to 28.1m, 0.05m, 31.4m, discretisation 0.15m, 0.05m, 0.15m, at 1.70413e-07 secs (iteration 2890; magnetic fields at 1.70383e-07 secs) with field outputs Ex, Ey, Ez, Hx, Hy, Hz  and filename snap0170.h5 will be created.
Snapshot from 8m, 0m, 14m, to 28.1m, 0.05m, 31.4m, discretisation 0.15m, 0.05m, 0.15m, at 1.71415e-07 secs (iteration 2907; magnetic fields at 1.71386e-07 secs) with field outputs Ex, Ey, Ez, Hx, Hy, Hz  and filename snap0171.h5 will be created.
Snapshot from 8m, 0m, 14m, to 28.1m, 0.05m, 31.4m, discretisation 0.15m, 0.05m, 0.15m, at 1.72418e-07 secs (iteration 2924; magnetic fields at 1.72388e-07 secs) with field outputs Ex, Ey, Ez, Hx, Hy, Hz  and filename snap0172.h5 will be created.
Snapshot from 8m, 0m, 14m, to 28.1m, 0.05m, 31.4m, discretisation 0.15m, 0.05m, 0.15m, at 1.7342e-07 secs (iteration 2941; magnetic fields at 1.73391e-07 secs) with field outputs Ex, Ey, Ez, Hx, Hy, Hz  and filename snap0173.h5 will be created.
Snapshot from 8m, 0m, 14m, to 28.1m, 0.05m, 31.4m, discretisation 0.15m, 0.05m, 0.15m, at 1.74422e-07 secs (iteration 2958; magnetic fields at 1.74393e-07 secs) with field outputs Ex, Ey, Ez, Hx, Hy, Hz  and filename snap0174.h5 will be created.
Snapshot from 8m, 0m, 14m, to 28.1m, 0.05m, 31.4m, discretisation 0.15m, 0.05m, 0.15m, at 1.75425e-07 secs (iteration 2975; magnetic fields at 1.75395e-07 secs) with field outputs Ex, Ey, Ez, Hx, Hy, Hz  and filename snap0175.h5 will be created.
Snapshot from 8m, 0m, 14m, to 28.1m, 0.05m, 31.4m, discretisation 0.15m, 0.05m, 0.15m, at 1.76427e-07 secs (iteration 2992; magnetic fields at 1.76398e-07 secs) with field outputs Ex, Ey, Ez, Hx, Hy, Hz  and filename snap0176.h5 will be created.
Snapshot from 8m, 0m, 14m, to 28.1m, 0.05m, 31.4m, discretisation 0.15m, 0.05m, 0.15m, at 1.7743e-07 secs (iteration 3009; magnetic fields at 1.774e-07 secs) with field outputs Ex, Ey, Ez, Hx, Hy, Hz  and filename snap0177.h5 will be created.
Snapshot from 8m, 0m, 14m, to 28.1m, 0.05m, 31.4m, discretisation 0.15m, 0.05m, 0.15m, at 1.78432e-07 secs (iteration 3026; magnetic fields at 1.78403e-07 secs) with field outputs Ex, Ey, Ez, Hx, Hy, Hz  and filename snap0178.h5 will be created.
Snapshot from 8m, 0m, 14m, to 28.1m, 0.05m, 31.4m, discretisation 0.15m, 0.05m, 0.15m, at 1.79435e-07 secs (iteration 3043; magnetic fields at 1.79405e-07 secs) with field outputs Ex, Ey, Ez, Hx, Hy, Hz  and filename snap0179.h5 will be created.
Snapshot from 8m, 0m, 14m, to 28.1m, 0.05m, 31.4m, discretisation 0.15m, 0.05m, 0.15m, at 1.80437e-07 secs (iteration 3060; magnetic fields at 1.80408e-07 secs) with field outputs Ex, Ey, Ez, Hx, Hy, Hz  and filename snap0180.h5 will be created.
Snapshot from 8m, 0m, 14m, to 28.1m, 0.05m, 31.4m, discretisation 0.15m, 0.05m, 0.15m, at 1.81439e-07 secs (iteration 3077; magnetic fields at 1.8141e-07 secs) with field outputs Ex, Ey, Ez, Hx, Hy, Hz  and filename snap0181.h5 will be created.
Snapshot from 8m, 0m, 14m, to 28.1m, 0.05m, 31.4m, discretisation 0.15m, 0.05m, 0.15m, at 1.82442e-07 secs (iteration 3094; magnetic fields at 1.82412e-07 secs) with field outputs Ex, Ey, Ez, Hx, Hy, Hz  and filename snap0182.h5 will be created.
Snapshot from 8m, 0m, 14m, to 28.1m, 0.05m, 31.4m, discretisation 0.15m, 0.05m, 0.15m, at 1.83444e-07 secs (iteration 3111; magnetic fields at 1.83415e-07 secs) with field outputs Ex, Ey, Ez, Hx, Hy, Hz  and filename snap0183.h5 will be created.
Snapshot from 8m, 0m, 14m, to 28.1m, 0.05m, 31.4m, discretisation 0.15m, 0.05m, 0.15m, at 1.84447e-07 secs (iteration 3128; magnetic fields at 1.84417e-07 secs) with field outputs Ex, Ey, Ez, Hx, Hy, Hz  and filename snap0184.h5 will be created.
Snapshot from 8m, 0m, 14m, to 28.1m, 0.05m, 31.4m, discretisation 0.15m, 0.05m, 0.15m, at 1.85449e-07 secs (iteration 3145; magnetic fields at 1.8542e-07 secs) with field outputs Ex, Ey, Ez, Hx, Hy, Hz  and filename snap0185.h5 will be created.
Snapshot from 8m, 0m, 14m, to 28.1m, 0.05m, 31.4m, discretisation 0.15m, 0.05m, 0.15m, at 1.86452e-07 secs (iteration 3162; magnetic fields at 1.86422e-07 secs) with field outputs Ex, Ey, Ez, Hx, Hy, Hz  and filename snap0186.h5 will be created.
Snapshot from 8m, 0m, 14m, to 28.1m, 0.05m, 31.4m, discretisation 0.15m, 0.05m, 0.15m, at 1.87454e-07 secs (iteration 3179; magnetic fields at 1.87425e-07 secs) with field outputs Ex, Ey, Ez, Hx, Hy, Hz  and filename snap0187.h5 will be created.
Snapshot from 8m, 0m, 14m, to 28.1m, 0.05m, 31.4m, discretisation 0.15m, 0.05m, 0.15m, at 1.88456e-07 secs (iteration 3196; magnetic fields at 1.88427e-07 secs) with field outputs Ex, Ey, Ez, Hx, Hy, Hz  and filename snap0188.h5 will be created.
Snapshot from 8m, 0m, 14m, to 28.1m, 0.05m, 31.4m, discretisation 0.15m, 0.05m, 0.15m, at 1.89459e-07 secs (iteration 3213; magnetic fields at 1.89429e-07 secs) with field outputs Ex, Ey, Ez, Hx, Hy, Hz  and filename snap0189.h5 will be created.
Snapshot from 8m, 0m, 14m, to 28.1m, 0.05m, 31.4m, discretisation 0.15m, 0.05m, 0.15m, at 1.90461e-07 secs (iteration 3230; magnetic fields at 1.90432e-07 secs) with field outputs Ex, Ey, Ez, Hx, Hy, Hz  and filename snap0190.h5 will be created.
Snapshot from 8m, 0m, 14m, to 28.1m, 0.05m, 31.4m, discretisation 0.15m, 0.05m, 0.15m, at 1.91464e-07 secs (iteration 3247; magnetic fields at 1.91434e-07 secs) with field outputs Ex, Ey, Ez, Hx, Hy, Hz  and filename snap0191.h5 will be created.
Snapshot from 8m, 0m, 14m, to 28.1m, 0.05m, 31.4m, discretisation 0.15m, 0.05m, 0.15m, at 1.92466e-07 secs (iteration 3264; magnetic fields at 1.92437e-07 secs) with field outputs Ex, Ey, Ez, Hx, Hy, Hz  and filename snap0192.h5 will be created.
Snapshot from 8m, 0m, 14m, to 28.1m, 0.05m, 31.4m, discretisation 0.15m, 0.05m, 0.15m, at 1.93469e-07 secs (iteration 3281; magnetic fields at 1.93439e-07 secs) with field outputs Ex, Ey, Ez, Hx, Hy, Hz  and filename snap0193.h5 will be created.
Snapshot from 8m, 0m, 14m, to 28.1m, 0.05m, 31.4m, discretisation 0.15m, 0.05m, 0.15m, at 1.94471e-07 secs (iteration 3298; magnetic fields at 1.94442e-07 secs) with field outputs Ex, Ey, Ez, Hx, Hy, Hz  and filename snap0194.h5 will be created.
Snapshot from 8m, 0m, 14m, to 28.1m, 0.05m, 31.4m, discretisation 0.15m, 0.05m, 0.15m, at 1.95473e-07 secs (iteration 3315; magnetic fields at 1.95444e-07 secs) with field outputs Ex, Ey, Ez, Hx, Hy, Hz  and filename snap0195.h5 will be created.
Snapshot from 8m, 0m, 14m, to 28.1m, 0.05m, 31.4m, discretisation 0.15m, 0.05m, 0.15m, at 1.96476e-07 secs (iteration 3332; magnetic fields at 1.96446e-07 secs) with field outputs Ex, Ey, Ez, Hx, Hy, Hz  and filename snap0196.h5 will be created.
Snapshot from 8m, 0m, 14m, to 28.1m, 0.05m, 31.4m, discretisation 0.15m, 0.05m, 0.15m, at 1.97478e-07 secs (iteration 3349; magnetic fields at 1.97449e-07 secs) with field outputs Ex, Ey, Ez, Hx, Hy, Hz  and filename snap0197.h5 will be created.
Snapshot from 8m, 0m, 14m, to 28.1m, 0.05m, 31.4m, discretisation 0.15m, 0.05m, 0.15m, at 1.98481e-07 secs (iteration 3366; magnetic fields at 1.98451e-07 secs) with field outputs Ex, Ey, Ez, Hx, Hy, Hz  and filename snap0198.h5 will be created.
Snapshot from 8m, 0m, 14m, to 28.1m, 0.05m, 31.4m, discretisation 0.15m, 0.05m, 0.15m, at 1.99483e-07 secs (iteration 3383; magnetic fields at 1.99454e-07 secs) with field outputs Ex, Ey, Ez, Hx, Hy, Hz  and filename snap0199.h5 will be created.
Box from 0m, 0m, 0m, to 12.075m, 0.05m, 19.275m of material(s) rock created, dielectric smoothing is on.
Box from 0m, 0m, 19.275m, to 12.075m, 0.05m, 21.5m of material(s) cover created, dielectric smoothing is off.
Box from 12.075m, 0m, 0m, to 12.225m, 0.05m, 19.275m of material(s) rock created, dielectric smoothing is on.
Box from 12.075m, 0m, 19.275m, to 12.225m, 0.05m, 21.475m of material(s) cover created, dielectric smoothing is off.
Box from 12.225m, 0m, 0m, to 12.25m, 0.05m, 19.275m of material(s) rock created, dielectric smoothing is on.
Box from 12.225m, 0m, 19.275m, to 12.25m, 0.05m, 21.45m of material(s) cover created, dielectric smoothing is off.
Box from 12.25m, 0m, 0m, to 12.375m, 0.05m, 19.25m of material(s) rock created, dielectric smoothing is on.
Box from 12.25m, 0m, 19.25m, to 12.375m, 0.05m, 21.45m of material(s) cover created, dielectric smoothing is off.
Box from 12.375m, 0m, 0m, to 12.525m, 0.05m, 19.25m of material(s) rock created, dielectric smoothing is on.
Box from 12.375m, 0m, 19.25m, to 12.525m, 0.05m, 21.425m of material(s) cover created, dielectric smoothing is off.
Box from 12.525m, 0m, 0m, to 12.55m, 0.05m, 19.25m of material(s) rock created, dielectric smoothing is on.
Box from 12.525m, 0m, 19.25m, to 12.55m, 0.05m, 21.4m of material(s) cover created, dielectric smoothing is off.
Box from 12.55m, 0m, 0m, to 12.675m, 0.05m, 19.225m of material(s) rock created, dielectric smoothing is on.
Box from 12.55m, 0m, 19.225m, to 12.675m, 0.05m, 21.4m of material(s) cover created, dielectric smoothing is off.
Box from 12.675m, 0m, 0m, to 12.825m, 0.05m, 19.225m of material(s) rock created, dielectric smoothing is on.
Box from 12.675m, 0m, 19.225m, to 12.825m, 0.05m, 21.375m of material(s) cover created, dielectric smoothing is off.
Box from 12.825m, 0m, 0m, to 12.85m, 0.05m, 19.225m of material(s) rock created, dielectric smoothing is on.
Box from 12.825m, 0m, 19.225m, to 12.85m, 0.05m, 21.35m of material(s) cover created, dielectric smoothing is off.
Box from 12.85m, 0m, 0m, to 12.975m, 0.05m, 19.2m of material(s) rock created, dielectric smoothing is on.
Box from 12.85m, 0m, 19.2m, to 12.975m, 0.05m, 21.35m of material(s) cover created, dielectric smoothing is off.
Box from 12.975m, 0m, 0m, to 13.125m, 0.05m, 19.2m of material(s) rock created, dielectric smoothing is on.
Box from 12.975m, 0m, 19.2m, to 13.125m, 0.05m, 21.325m of material(s) cover created, dielectric smoothing is off.
Box from 13.125m, 0m, 0m, to 13.15m, 0.05m, 19.2m of material(s) rock created, dielectric smoothing is on.
Box from 13.125m, 0m, 19.2m, to 13.15m, 0.05m, 21.3m of material(s) cover created, dielectric smoothing is off.
Box from 13.15m, 0m, 0m, to 13.25m, 0.05m, 19.175m of material(s) rock created, dielectric smoothing is on.
Box from 13.15m, 0m, 19.175m, to 13.25m, 0.05m, 21.3m of material(s) cover created, dielectric smoothing is off.
Box from 13.25m, 0m, 0m, to 13.275m, 0.05m, 19.075m of material(s) rock created, dielectric smoothing is on.
Box from 13.25m, 0m, 19.075m, to 13.275m, 0.05m, 21.3m of material(s) cover created, dielectric smoothing is off.
Box from 13.275m, 0m, 0m, to 13.425m, 0.05m, 19.075m of material(s) rock created, dielectric smoothing is on.
Box from 13.275m, 0m, 19.075m, to 13.425m, 0.05m, 21.275m of material(s) cover created, dielectric smoothing is off.
Box from 13.425m, 0m, 0m, to 13.45m, 0.05m, 19.075m of material(s) rock created, dielectric smoothing is on.
Box from 13.425m, 0m, 19.075m, to 13.45m, 0.05m, 21.25m of material(s) cover created, dielectric smoothing is off.
Box from 13.45m, 0m, 0m, to 13.575m, 0.05m, 19.05m of material(s) rock created, dielectric smoothing is on.
Box from 13.45m, 0m, 19.05m, to 13.575m, 0.05m, 21.25m of material(s) cover created, dielectric smoothing is off.
Box from 13.575m, 0m, 0m, to 13.725m, 0.05m, 19.05m of material(s) rock created, dielectric smoothing is on.
Box from 13.575m, 0m, 19.05m, to 13.725m, 0.05m, 21.225m of material(s) cover created, dielectric smoothing is off.
Box from 13.725m, 0m, 0m, to 13.75m, 0.05m, 19.05m of material(s) rock created, dielectric smoothing is on.
Box from 13.725m, 0m, 19.05m, to 13.75m, 0.05m, 21.2m of material(s) cover created, dielectric smoothing is off.
Box from 13.75m, 0m, 0m, to 13.875m, 0.05m, 18.925m of material(s) rock created, dielectric smoothing is on.
Box from 13.75m, 0m, 18.925m, to 13.875m, 0.05m, 21.2m of material(s) cover created, dielectric smoothing is off.
Box from 13.875m, 0m, 0m, to 14.025m, 0.05m, 18.925m of material(s) rock created, dielectric smoothing is on.
Box from 13.875m, 0m, 18.925m, to 14.025m, 0.05m, 21.175m of material(s) cover created, dielectric smoothing is off.
Box from 14.025m, 0m, 0m, to 14.05m, 0.05m, 18.925m of material(s) rock created, dielectric smoothing is on.
Box from 14.025m, 0m, 18.925m, to 14.05m, 0.05m, 21.15m of material(s) cover created, dielectric smoothing is off.
Box from 14.05m, 0m, 0m, to 14.175m, 0.05m, 18.9m of material(s) rock created, dielectric smoothing is on.
Box from 14.05m, 0m, 18.9m, to 14.175m, 0.05m, 21.15m of material(s) cover created, dielectric smoothing is off.
Box from 14.175m, 0m, 0m, to 14.325m, 0.05m, 18.9m of material(s) rock created, dielectric smoothing is on.
Box from 14.175m, 0m, 18.9m, to 14.325m, 0.05m, 21.125m of material(s) cover created, dielectric smoothing is off.
Box from 14.325m, 0m, 0m, to 14.35m, 0.05m, 18.9m of material(s) rock created, dielectric smoothing is on.
Box from 14.325m, 0m, 18.9m, to 14.35m, 0.05m, 21.1m of material(s) cover created, dielectric smoothing is off.
Box from 14.35m, 0m, 0m, to 14.475m, 0.05m, 18.875m of material(s) rock created, dielectric smoothing is on.
Box from 14.35m, 0m, 18.875m, to 14.475m, 0.05m, 21.1m of material(s) cover created, dielectric smoothing is off.
Box from 14.475m, 0m, 0m, to 14.625m, 0.05m, 18.875m of material(s) rock created, dielectric smoothing is on.
Box from 14.475m, 0m, 18.875m, to 14.625m, 0.05m, 21.075m of material(s) cover created, dielectric smoothing is off.
Box from 14.625m, 0m, 0m, to 14.65m, 0.05m, 18.875m of material(s) rock created, dielectric smoothing is on.
Box from 14.625m, 0m, 18.875m, to 14.65m, 0.05m, 21.05m of material(s) cover created, dielectric smoothing is off.
Box from 14.65m, 0m, 0m, to 14.75m, 0.05m, 18.85m of material(s) rock created, dielectric smoothing is on.
Box from 14.65m, 0m, 18.85m, to 14.75m, 0.05m, 21.05m of material(s) cover created, dielectric smoothing is off.
Box from 14.75m, 0m, 0m, to 14.775m, 0.05m, 18.95m of material(s) rock created, dielectric smoothing is on.
Box from 14.75m, 0m, 18.95m, to 14.775m, 0.05m, 21.05m of material(s) cover created, dielectric smoothing is off.
Box from 14.775m, 0m, 0m, to 14.925m, 0.05m, 18.95m of material(s) rock created, dielectric smoothing is on.
Box from 14.775m, 0m, 18.95m, to 14.925m, 0.05m, 21.025m of material(s) cover created, dielectric smoothing is off.
Box from 14.925m, 0m, 0m, to 14.95m, 0.05m, 18.95m of material(s) rock created, dielectric smoothing is on.
Box from 14.925m, 0m, 18.95m, to 14.95m, 0.05m, 21m of material(s) cover created, dielectric smoothing is off.
Box from 14.95m, 0m, 0m, to 15.075m, 0.05m, 18.925m of material(s) rock created, dielectric smoothing is on.
Box from 14.95m, 0m, 18.925m, to 15.075m, 0.05m, 21m of material(s) cover created, dielectric smoothing is off.
Box from 15.075m, 0m, 0m, to 15.225m, 0.05m, 18.925m of material(s) rock created, dielectric smoothing is on.
Box from 15.075m, 0m, 18.925m, to 15.225m, 0.05m, 20.975m of material(s) cover created, dielectric smoothing is off.
Box from 15.225m, 0m, 0m, to 15.25m, 0.05m, 18.925m of material(s) rock created, dielectric smoothing is on.
Box from 15.225m, 0m, 18.925m, to 15.25m, 0.05m, 20.95m of material(s) cover created, dielectric smoothing is off.
Box from 15.25m, 0m, 0m, to 15.375m, 0.05m, 19m of material(s) rock created, dielectric smoothing is on.
Box from 15.25m, 0m, 19m, to 15.375m, 0.05m, 20.95m of material(s) cover created, dielectric smoothing is off.
Box from 15.375m, 0m, 0m, to 15.5m, 0.05m, 19m of material(s) rock created, dielectric smoothing is on.
Box from 15.375m, 0m, 19m, to 15.5m, 0.05m, 20.925m of material(s) cover created, dielectric smoothing is off.
Box from 15.5m, 0m, 0m, to 15.525m, 0.05m, 19.1m of material(s) rock created, dielectric smoothing is on.
Box from 15.5m, 0m, 19.1m, to 15.525m, 0.05m, 20.925m of material(s) cover created, dielectric smoothing is off.
Box from 15.525m, 0m, 0m, to 15.55m, 0.05m, 19.1m of material(s) rock created, dielectric smoothing is on.
Box from 15.525m, 0m, 19.1m, to 15.55m, 0.05m, 20.9m of material(s) cover created, dielectric smoothing is off.
Box from 15.55m, 0m, 0m, to 15.675m, 0.05m, 19.075m of material(s) rock created, dielectric smoothing is on.
Box from 15.55m, 0m, 19.075m, to 15.675m, 0.05m, 20.9m of material(s) cover created, dielectric smoothing is off.
Box from 15.675m, 0m, 0m, to 15.75m, 0.05m, 19.075m of material(s) rock created, dielectric smoothing is on.
Box from 15.675m, 0m, 19.075m, to 15.75m, 0.05m, 20.875m of material(s) cover created, dielectric smoothing is off.
Box from 15.75m, 0m, 0m, to 15.825m, 0.05m, 19.175m of material(s) rock created, dielectric smoothing is on.
Box from 15.75m, 0m, 19.175m, to 15.825m, 0.05m, 20.875m of material(s) cover created, dielectric smoothing is off.
Box from 15.825m, 0m, 0m, to 15.85m, 0.05m, 19.175m of material(s) rock created, dielectric smoothing is on.
Box from 15.825m, 0m, 19.175m, to 15.85m, 0.05m, 20.85m of material(s) cover created, dielectric smoothing is off.
Box from 15.85m, 0m, 0m, to 15.975m, 0.05m, 19.15m of material(s) rock created, dielectric smoothing is on.
Box from 15.85m, 0m, 19.15m, to 15.975m, 0.05m, 20.85m of material(s) cover created, dielectric smoothing is off.
Box from 15.975m, 0m, 0m, to 16m, 0.05m, 19.15m of material(s) rock created, dielectric smoothing is on.
Box from 15.975m, 0m, 19.15m, to 16m, 0.05m, 20.825m of material(s) cover created, dielectric smoothing is off.
Box from 16m, 0m, 0m, to 16.125m, 0.05m, 19.25m of material(s) rock created, dielectric smoothing is on.
Box from 16m, 0m, 19.25m, to 16.125m, 0.05m, 20.825m of material(s) cover created, dielectric smoothing is off.
Box from 16.125m, 0m, 0m, to 16.15m, 0.05m, 19.25m of material(s) rock created, dielectric smoothing is on.
Box from 16.125m, 0m, 19.25m, to 16.15m, 0.05m, 20.8m of material(s) cover created, dielectric smoothing is off.
Box from 16.15m, 0m, 0m, to 16.25m, 0.05m, 19.225m of material(s) rock created, dielectric smoothing is on.
Box from 16.15m, 0m, 19.225m, to 16.25m, 0.05m, 20.8m of material(s) cover created, dielectric smoothing is off.
Box from 16.25m, 0m, 0m, to 16.275m, 0.05m, 19.325m of material(s) rock created, dielectric smoothing is on.
Box from 16.25m, 0m, 19.325m, to 16.275m, 0.05m, 20.8m of material(s) cover created, dielectric smoothing is off.
Box from 16.275m, 0m, 0m, to 16.425m, 0.05m, 19.325m of material(s) rock created, dielectric smoothing is on.
Box from 16.275m, 0m, 19.325m, to 16.425m, 0.05m, 20.775m of material(s) cover created, dielectric smoothing is off.
Box from 16.425m, 0m, 0m, to 16.45m, 0.05m, 19.325m of material(s) rock created, dielectric smoothing is on.
Box from 16.425m, 0m, 19.325m, to 16.45m, 0.05m, 20.75m of material(s) cover created, dielectric smoothing is off.
Box from 16.45m, 0m, 0m, to 16.5m, 0.05m, 19.3m of material(s) rock created, dielectric smoothing is on.
Box from 16.45m, 0m, 19.3m, to 16.5m, 0.05m, 20.75m of material(s) cover created, dielectric smoothing is off.
Box from 16.5m, 0m, 0m, to 16.575m, 0.05m, 19.4m of material(s) rock created, dielectric smoothing is on.
Box from 16.5m, 0m, 19.4m, to 16.575m, 0.05m, 20.75m of material(s) cover created, dielectric smoothing is off.
Box from 16.575m, 0m, 0m, to 16.725m, 0.05m, 19.4m of material(s) rock created, dielectric smoothing is on.
Box from 16.575m, 0m, 19.4m, to 16.725m, 0.05m, 20.725m of material(s) cover created, dielectric smoothing is off.
Box from 16.725m, 0m, 0m, to 16.75m, 0.05m, 19.4m of material(s) rock created, dielectric smoothing is on.
Box from 16.725m, 0m, 19.4m, to 16.75m, 0.05m, 20.7m of material(s) cover created, dielectric smoothing is off.
Box from 16.75m, 0m, 0m, to 16.875m, 0.05m, 19.375m of material(s) rock created, dielectric smoothing is on.
Box from 16.75m, 0m, 19.375m, to 16.875m, 0.05m, 20.7m of material(s) cover created, dielectric smoothing is off.
Box from 16.875m, 0m, 0m, to 17m, 0.05m, 19.375m of material(s) rock created, dielectric smoothing is on.
Box from 16.875m, 0m, 19.375m, to 17m, 0.05m, 20.675m of material(s) cover created, dielectric smoothing is off.
Box from 17m, 0m, 0m, to 17.025m, 0.05m, 19.475m of material(s) rock created, dielectric smoothing is on.
Box from 17m, 0m, 19.475m, to 17.025m, 0.05m, 20.675m of material(s) cover created, dielectric smoothing is off.
Box from 17.025m, 0m, 0m, to 17.05m, 0.05m, 19.475m of material(s) rock created, dielectric smoothing is on.
Box from 17.025m, 0m, 19.475m, to 17.05m, 0.05m, 20.65m of material(s) cover created, dielectric smoothing is off.
Box from 17.05m, 0m, 0m, to 17.175m, 0.05m, 19.45m of material(s) rock created, dielectric smoothing is on.
Box from 17.05m, 0m, 19.45m, to 17.175m, 0.05m, 20.65m of material(s) cover created, dielectric smoothing is off.
Box from 17.175m, 0m, 0m, to 17.325m, 0.05m, 19.45m of material(s) rock created, dielectric smoothing is on.
Box from 17.175m, 0m, 19.45m, to 17.325m, 0.05m, 20.625m of material(s) cover created, dielectric smoothing is off.
Box from 17.325m, 0m, 0m, to 17.35m, 0.05m, 19.45m of material(s) rock created, dielectric smoothing is on.
Box from 17.325m, 0m, 19.45m, to 17.35m, 0.05m, 20.6m of material(s) cover created, dielectric smoothing is off.
Box from 17.35m, 0m, 0m, to 17.475m, 0.05m, 19.425m of material(s) rock created, dielectric smoothing is on.
Box from 17.35m, 0m, 19.425m, to 17.475m, 0.05m, 20.6m of material(s) cover created, dielectric smoothing is off.
Box from 17.475m, 0m, 0m, to 17.625m, 0.05m, 19.425m of material(s) rock created, dielectric smoothing is on.
Box from 17.475m, 0m, 19.425m, to 17.625m, 0.05m, 20.575m of material(s) cover created, dielectric smoothing is off.
Box from 17.625m, 0m, 0m, to 17.65m, 0.05m, 19.425m of material(s) rock created, dielectric smoothing is on.
Box from 17.625m, 0m, 19.425m, to 17.65m, 0.05m, 20.55m of material(s) cover created, dielectric smoothing is off.
Box from 17.65m, 0m, 0m, to 17.775m, 0.05m, 19.4m of material(s) rock created, dielectric smoothing is on.
Box from 17.65m, 0m, 19.4m, to 17.775m, 0.05m, 20.55m of material(s) cover created, dielectric smoothing is off.
Box from 17.775m, 0m, 0m, to 17.925m, 0.05m, 19.4m of material(s) rock created, dielectric smoothing is on.
Box from 17.775m, 0m, 19.4m, to 17.925m, 0.05m, 20.525m of material(s) cover created, dielectric smoothing is off.
Box from 17.925m, 0m, 0m, to 17.95m, 0.05m, 19.4m of material(s) rock created, dielectric smoothing is on.
Box from 17.925m, 0m, 19.4m, to 17.95m, 0.05m, 20.5m of material(s) cover created, dielectric smoothing is off.
Box from 17.95m, 0m, 0m, to 18.075m, 0.05m, 19.375m of material(s) rock created, dielectric smoothing is on.
Box from 17.95m, 0m, 19.375m, to 18.075m, 0.05m, 20.5m of material(s) cover created, dielectric smoothing is off.
Box from 18.075m, 0m, 0m, to 18.225m, 0.05m, 19.375m of material(s) rock created, dielectric smoothing is on.
Box from 18.075m, 0m, 19.375m, to 18.225m, 0.05m, 20.475m of material(s) cover created, dielectric smoothing is off.
Box from 18.225m, 0m, 0m, to 18.25m, 0.05m, 19.375m of material(s) rock created, dielectric smoothing is on.
Box from 18.225m, 0m, 19.375m, to 18.25m, 0.05m, 20.45m of material(s) cover created, dielectric smoothing is off.
Box from 18.25m, 0m, 0m, to 18.375m, 0.05m, 19.35m of material(s) rock created, dielectric smoothing is on.
Box from 18.25m, 0m, 19.35m, to 18.375m, 0.05m, 20.45m of material(s) cover created, dielectric smoothing is off.
Box from 18.375m, 0m, 0m, to 18.5m, 0.05m, 19.35m of material(s) rock created, dielectric smoothing is on.
Box from 18.375m, 0m, 19.35m, to 18.5m, 0.05m, 20.425m of material(s) cover created, dielectric smoothing is off.
Box from 18.5m, 0m, 0m, to 18.525m, 0.05m, 19.25m of material(s) rock created, dielectric smoothing is on.
Box from 18.5m, 0m, 19.25m, to 18.525m, 0.05m, 20.425m of material(s) cover created, dielectric smoothing is off.
Box from 18.525m, 0m, 0m, to 18.55m, 0.05m, 19.25m of material(s) rock created, dielectric smoothing is on.
Box from 18.525m, 0m, 19.25m, to 18.55m, 0.05m, 20.4m of material(s) cover created, dielectric smoothing is off.
Box from 18.55m, 0m, 0m, to 18.675m, 0.05m, 19.225m of material(s) rock created, dielectric smoothing is on.
Box from 18.55m, 0m, 19.225m, to 18.675m, 0.05m, 20.4m of material(s) cover created, dielectric smoothing is off.
Box from 18.675m, 0m, 0m, to 18.825m, 0.05m, 19.225m of material(s) rock created, dielectric smoothing is on.
Box from 18.675m, 0m, 19.225m, to 18.825m, 0.05m, 20.375m of material(s) cover created, dielectric smoothing is off.
Box from 18.825m, 0m, 0m, to 18.85m, 0.05m, 19.225m of material(s) rock created, dielectric smoothing is on.
Box from 18.825m, 0m, 19.225m, to 18.85m, 0.05m, 20.35m of material(s) cover created, dielectric smoothing is off.
Box from 18.85m, 0m, 0m, to 18.975m, 0.05m, 19.2m of material(s) rock created, dielectric smoothing is on.
Box from 18.85m, 0m, 19.2m, to 18.975m, 0.05m, 20.35m of material(s) cover created, dielectric smoothing is off.
Box from 18.975m, 0m, 0m, to 19m, 0.05m, 19.2m of material(s) rock created, dielectric smoothing is on.
Box from 18.975m, 0m, 19.2m, to 19m, 0.05m, 20.325m of material(s) cover created, dielectric smoothing is off.
Box from 19m, 0m, 0m, to 19.125m, 0.05m, 19.1m of material(s) rock created, dielectric smoothing is on.
Box from 19m, 0m, 19.1m, to 19.125m, 0.05m, 20.325m of material(s) cover created, dielectric smoothing is off.
Box from 19.125m, 0m, 0m, to 19.15m, 0.05m, 19.1m of material(s) rock created, dielectric smoothing is on.
Box from 19.125m, 0m, 19.1m, to 19.15m, 0.05m, 20.3m of material(s) cover created, dielectric smoothing is off.
Box from 19.15m, 0m, 0m, to 19.275m, 0.05m, 19.075m of material(s) rock created, dielectric smoothing is on.
Box from 19.15m, 0m, 19.075m, to 19.275m, 0.05m, 20.3m of material(s) cover created, dielectric smoothing is off.
Box from 19.275m, 0m, 0m, to 19.425m, 0.05m, 19.075m of material(s) rock created, dielectric smoothing is on.
Box from 19.275m, 0m, 19.075m, to 19.425m, 0.05m, 20.275m of material(s) cover created, dielectric smoothing is off.
Box from 19.425m, 0m, 0m, to 19.45m, 0.05m, 19.075m of material(s) rock created, dielectric smoothing is on.
Box from 19.425m, 0m, 19.075m, to 19.45m, 0.05m, 20.25m of material(s) cover created, dielectric smoothing is off.
Box from 19.45m, 0m, 0m, to 19.5m, 0.05m, 19.05m of material(s) rock created, dielectric smoothing is on.
Box from 19.45m, 0m, 19.05m, to 19.5m, 0.05m, 20.25m of material(s) cover created, dielectric smoothing is off.
Box from 19.5m, 0m, 0m, to 19.575m, 0.05m, 18.95m of material(s) rock created, dielectric smoothing is on.
Box from 19.5m, 0m, 18.95m, to 19.575m, 0.05m, 20.25m of material(s) cover created, dielectric smoothing is off.
Box from 19.575m, 0m, 0m, to 19.725m, 0.05m, 18.95m of material(s) rock created, dielectric smoothing is on.
Box from 19.575m, 0m, 18.95m, to 19.725m, 0.05m, 20.225m of material(s) cover created, dielectric smoothing is off.
Box from 19.725m, 0m, 0m, to 19.75m, 0.05m, 18.95m of material(s) rock created, dielectric smoothing is on.
Box from 19.725m, 0m, 18.95m, to 19.75m, 0.05m, 20.2m of material(s) cover created, dielectric smoothing is off.
Box from 19.75m, 0m, 0m, to 19.875m, 0.05m, 18.825m of material(s) rock created, dielectric smoothing is on.
Box from 19.75m, 0m, 18.825m, to 19.875m, 0.05m, 20.2m of material(s) cover created, dielectric smoothing is off.
Box from 19.875m, 0m, 0m, to 20.025m, 0.05m, 18.825m of material(s) rock created, dielectric smoothing is on.
Box from 19.875m, 0m, 18.825m, to 20.025m, 0.05m, 20.175m of material(s) cover created, dielectric smoothing is off.
Box from 20.025m, 0m, 0m, to 20.05m, 0.05m, 18.825m of material(s) rock created, dielectric smoothing is on.
Box from 20.025m, 0m, 18.825m, to 20.05m, 0.05m, 20.15m of material(s) cover created, dielectric smoothing is off.
Box from 20.05m, 0m, 0m, to 20.175m, 0.05m, 18.8m of material(s) rock created, dielectric smoothing is on.
Box from 20.05m, 0m, 18.8m, to 20.175m, 0.05m, 20.15m of material(s) cover created, dielectric smoothing is off.
Box from 20.175m, 0m, 0m, to 20.25m, 0.05m, 18.8m of material(s) rock created, dielectric smoothing is on.
Box from 20.175m, 0m, 18.8m, to 20.25m, 0.05m, 20.125m of material(s) cover created, dielectric smoothing is off.
Box from 20.25m, 0m, 0m, to 20.325m, 0.05m, 18.7m of material(s) rock created, dielectric smoothing is on.
Box from 20.25m, 0m, 18.7m, to 20.325m, 0.05m, 20.125m of material(s) cover created, dielectric smoothing is off.
Box from 20.325m, 0m, 0m, to 20.35m, 0.05m, 18.7m of material(s) rock created, dielectric smoothing is on.
Box from 20.325m, 0m, 18.7m, to 20.35m, 0.05m, 20.1m of material(s) cover created, dielectric smoothing is off.
Box from 20.35m, 0m, 0m, to 20.475m, 0.05m, 18.675m of material(s) rock created, dielectric smoothing is on.
Box from 20.35m, 0m, 18.675m, to 20.475m, 0.05m, 20.1m of material(s) cover created, dielectric smoothing is off.
Box from 20.475m, 0m, 0m, to 20.625m, 0.05m, 18.675m of material(s) rock created, dielectric smoothing is on.
Box from 20.475m, 0m, 18.675m, to 20.625m, 0.05m, 20.075m of material(s) cover created, dielectric smoothing is off.
Box from 20.625m, 0m, 0m, to 20.65m, 0.05m, 18.675m of material(s) rock created, dielectric smoothing is on.
Box from 20.625m, 0m, 18.675m, to 20.65m, 0.05m, 20.05m of material(s) cover created, dielectric smoothing is off.
Box from 20.65m, 0m, 0m, to 20.775m, 0.05m, 18.65m of material(s) rock created, dielectric smoothing is on.
Box from 20.65m, 0m, 18.65m, to 20.775m, 0.05m, 20.05m of material(s) cover created, dielectric smoothing is off.
Box from 20.775m, 0m, 0m, to 20.925m, 0.05m, 18.65m of material(s) rock created, dielectric smoothing is on.
Box from 20.775m, 0m, 18.65m, to 20.925m, 0.05m, 20.025m of material(s) cover created, dielectric smoothing is off.
Box from 20.925m, 0m, 0m, to 20.95m, 0.05m, 18.65m of material(s) rock created, dielectric smoothing is on.
Box from 20.925m, 0m, 18.65m, to 20.95m, 0.05m, 20m of material(s) cover created, dielectric smoothing is off.
Box from 20.95m, 0m, 0m, to 21.075m, 0.05m, 18.625m of material(s) rock created, dielectric smoothing is on.
Box from 20.95m, 0m, 18.625m, to 21.075m, 0.05m, 20m of material(s) cover created, dielectric smoothing is off.
Box from 21.075m, 0m, 0m, to 21.225m, 0.05m, 18.625m of material(s) rock created, dielectric smoothing is on.
Box from 21.075m, 0m, 18.625m, to 21.225m, 0.05m, 19.975m of material(s) cover created, dielectric smoothing is off.
Box from 21.225m, 0m, 0m, to 21.25m, 0.05m, 18.625m of material(s) rock created, dielectric smoothing is on.
Box from 21.225m, 0m, 18.625m, to 21.25m, 0.05m, 19.95m of material(s) cover created, dielectric smoothing is off.
Box from 21.25m, 0m, 0m, to 21.375m, 0.05m, 18.6m of material(s) rock created, dielectric smoothing is on.
Box from 21.25m, 0m, 18.6m, to 21.375m, 0.05m, 19.95m of material(s) cover created, dielectric smoothing is off.
Box from 21.375m, 0m, 0m, to 21.525m, 0.05m, 18.6m of material(s) rock created, dielectric smoothing is on.
Box from 21.375m, 0m, 18.6m, to 21.525m, 0.05m, 19.925m of material(s) cover created, dielectric smoothing is off.
Box from 21.525m, 0m, 0m, to 21.55m, 0.05m, 18.6m of material(s) rock created, dielectric smoothing is on.
Box from 21.525m, 0m, 18.6m, to 21.55m, 0.05m, 19.9m of material(s) cover created, dielectric smoothing is off.
Box from 21.55m, 0m, 0m, to 21.675m, 0.05m, 18.575m of material(s) rock created, dielectric smoothing is on.
Box from 21.55m, 0m, 18.575m, to 21.675m, 0.05m, 19.9m of material(s) cover created, dielectric smoothing is off.
Box from 21.675m, 0m, 0m, to 21.825m, 0.05m, 18.575m of material(s) rock created, dielectric smoothing is on.
Box from 21.675m, 0m, 18.575m, to 21.825m, 0.05m, 19.875m of material(s) cover created, dielectric smoothing is off.
Box from 21.825m, 0m, 0m, to 21.85m, 0.05m, 18.575m of material(s) rock created, dielectric smoothing is on.
Box from 21.825m, 0m, 18.575m, to 21.85m, 0.05m, 19.85m of material(s) cover created, dielectric smoothing is off.
Box from 21.85m, 0m, 0m, to 21.975m, 0.05m, 18.55m of material(s) rock created, dielectric smoothing is on.
Box from 21.85m, 0m, 18.55m, to 21.975m, 0.05m, 19.85m of material(s) cover created, dielectric smoothing is off.
Box from 21.975m, 0m, 0m, to 22m, 0.05m, 18.55m of material(s) rock created, dielectric smoothing is on.
Box from 21.975m, 0m, 18.55m, to 22m, 0.05m, 19.825m of material(s) cover created, dielectric smoothing is off.
Box from 22m, 0m, 0m, to 22.125m, 0.05m, 18.65m of material(s) rock created, dielectric smoothing is on.
Box from 22m, 0m, 18.65m, to 22.125m, 0.05m, 19.825m of material(s) cover created, dielectric smoothing is off.
Box from 22.125m, 0m, 0m, to 22.15m, 0.05m, 18.65m of material(s) rock created, dielectric smoothing is on.
Box from 22.125m, 0m, 18.65m, to 22.15m, 0.05m, 19.8m of material(s) cover created, dielectric smoothing is off.
Box from 22.15m, 0m, 0m, to 22.25m, 0.05m, 18.625m of material(s) rock created, dielectric smoothing is on.
Box from 22.15m, 0m, 18.625m, to 22.25m, 0.05m, 19.8m of material(s) cover created, dielectric smoothing is off.
Box from 22.25m, 0m, 0m, to 22.275m, 0.05m, 18.725m of material(s) rock created, dielectric smoothing is on.
Box from 22.25m, 0m, 18.725m, to 22.275m, 0.05m, 19.8m of material(s) cover created, dielectric smoothing is off.
Box from 22.275m, 0m, 0m, to 22.425m, 0.05m, 18.725m of material(s) rock created, dielectric smoothing is on.
Box from 22.275m, 0m, 18.725m, to 22.425m, 0.05m, 19.775m of material(s) cover created, dielectric smoothing is off.
Box from 22.425m, 0m, 0m, to 22.45m, 0.05m, 18.725m of material(s) rock created, dielectric smoothing is on.
Box from 22.425m, 0m, 18.725m, to 22.45m, 0.05m, 19.75m of material(s) cover created, dielectric smoothing is off.
Box from 22.45m, 0m, 0m, to 22.575m, 0.05m, 18.7m of material(s) rock created, dielectric smoothing is on.
Box from 22.45m, 0m, 18.7m, to 22.575m, 0.05m, 19.75m of material(s) cover created, dielectric smoothing is off.
Box from 22.575m, 0m, 0m, to 22.725m, 0.05m, 18.7m of material(s) rock created, dielectric smoothing is on.
Box from 22.575m, 0m, 18.7m, to 22.725m, 0.05m, 19.725m of material(s) cover created, dielectric smoothing is off.
Box from 22.725m, 0m, 0m, to 22.75m, 0.05m, 18.7m of material(s) rock created, dielectric smoothing is on.
Box from 22.725m, 0m, 18.7m, to 22.75m, 0.05m, 19.7m of material(s) cover created, dielectric smoothing is off.
Box from 22.75m, 0m, 0m, to 22.875m, 0.05m, 18.775m of material(s) rock created, dielectric smoothing is on.
Box from 22.75m, 0m, 18.775m, to 22.875m, 0.05m, 19.7m of material(s) cover created, dielectric smoothing is off.
Box from 22.875m, 0m, 0m, to 23.025m, 0.05m, 18.775m of material(s) rock created, dielectric smoothing is on.
Box from 22.875m, 0m, 18.775m, to 23.025m, 0.05m, 19.675m of material(s) cover created, dielectric smoothing is off.
Box from 23.025m, 0m, 0m, to 23.05m, 0.05m, 18.775m of material(s) rock created, dielectric smoothing is on.
Box from 23.025m, 0m, 18.775m, to 23.05m, 0.05m, 19.65m of material(s) cover created, dielectric smoothing is off.
Box from 23.05m, 0m, 0m, to 23.175m, 0.05m, 18.75m of material(s) rock created, dielectric smoothing is on.
Box from 23.05m, 0m, 18.75m, to 23.175m, 0.05m, 19.65m of material(s) cover created, dielectric smoothing is off.
Box from 23.175m, 0m, 0m, to 23.325m, 0.05m, 18.75m of material(s) rock created, dielectric smoothing is on.
Box from 23.175m, 0m, 18.75m, to 23.325m, 0.05m, 19.625m of material(s) cover created, dielectric smoothing is off.
Box from 23.325m, 0m, 0m, to 23.35m, 0.05m, 18.75m of material(s) rock created, dielectric smoothing is on.
Box from 23.325m, 0m, 18.75m, to 23.35m, 0.05m, 19.6m of material(s) cover created, dielectric smoothing is off.
Box from 23.35m, 0m, 0m, to 23.475m, 0.05m, 18.725m of material(s) rock created, dielectric smoothing is on.
Box from 23.35m, 0m, 18.725m, to 23.475m, 0.05m, 19.6m of material(s) cover created, dielectric smoothing is off.
Box from 23.475m, 0m, 0m, to 23.625m, 0.05m, 18.725m of material(s) rock created, dielectric smoothing is on.
Box from 23.475m, 0m, 18.725m, to 23.625m, 0.05m, 19.575m of material(s) cover created, dielectric smoothing is off.
Box from 23.625m, 0m, 0m, to 23.65m, 0.05m, 18.725m of material(s) rock created, dielectric smoothing is on.
Box from 23.625m, 0m, 18.725m, to 23.65m, 0.05m, 19.55m of material(s) cover created, dielectric smoothing is off.
Box from 23.65m, 0m, 0m, to 23.775m, 0.05m, 18.7m of material(s) rock created, dielectric smoothing is on.
Box from 23.65m, 0m, 18.7m, to 23.775m, 0.05m, 19.55m of material(s) cover created, dielectric smoothing is off.
Box from 23.775m, 0m, 0m, to 23.925m, 0.05m, 18.7m of material(s) rock created, dielectric smoothing is on.
Box from 23.775m, 0m, 18.7m, to 23.925m, 0.05m, 19.525m of material(s) cover created, dielectric smoothing is off.
Box from 23.925m, 0m, 0m, to 23.95m, 0.05m, 18.7m of material(s) rock created, dielectric smoothing is on.
Box from 23.925m, 0m, 18.7m, to 23.95m, 0.05m, 19.5m of material(s) cover created, dielectric smoothing is off.
Box from 23.95m, 0m, 0m, to 36m, 0.05m, 18.675m of material(s) rock created, dielectric smoothing is on.
Box from 23.95m, 0m, 18.675m, to 36m, 0.05m, 19.5m of material(s) cover created, dielectric smoothing is off.

--- Model 1/1, input file: E:\automation_djh\artifacts\research_checks\2026-10-05_slope_bscan_2d_r1\slope_rough_s06\profile.in 


Memory required (estimated): ~477.9 MB [main_grid] + ~65.0 MB overhead = 542.9 MB

PML boundaries [main_grid]: {formulation: HORIPML, order: 1, thickness (cells): x0: 80, y0: 0, z0: 40, xmax: 80, ymax: 0, zmax: 40}


Materials [main_grid]:
    |            |         |       | sigma | Delta | tau        | omega | delta | gamma |      | sigma*  | Dielectric 
 ID | Name       | Type    | eps_r | [S/m] | eps_r | [s]        | [Hz]  | [Hz]  | [Hz]  | mu_r | [Ohm/m] | smoothable 
----+------------+---------+-------+-------+-------+------------+-------+-------+-------+------+---------+------------
  0 | pec        | builtin | 1     | inf   |       |            |       |       |       | 1    | 0       | False      
  1 | pmc        | builtin | 1     | 0     |       |            |       |       |       | 1    | inf     | False      
  2 | free_space | builtin | 1     | 0     |       |            |       |       |       | 1    | 0       | True       
  3 | rock       |         | 9     | 0.001 |       |            |       |       |       | 1    | 0       | True       
  4 | cover      | debye   | 11    | 0.001 | 0.5   | 6.4567e-09 |       |       |       | 1    | 0       | False      

Spatial-resolution analysis [main_grid]: minimum 12.8 cells per phase wavelength in 'cover', at 2.82942e+08 Hz.
[main_grid] continuum phase velocity 9.03743e+07 m/s, wavelength 0.31941 m at that limiting frequency.
[main_grid] minimum 1/e amplitude attenuation length: 419 cells in 'cover' at 2.82942e+08 Hz. Attenuation resolution is separate from phase-wavelength sampling.
Lossless numerical dispersion estimate [main_grid]: grid-axis phase-velocity error -0.05% in 'free_space' at 2.82942e+08 Hz. Propagation axis: x. This is a homogeneous bulk estimate, not an interface or stability guarantee.
Numerical dispersion analysis [main_grid]: lossy, dispersive or anisotropic materials: numerical phase-error estimate unavailable.
Output directory: E:\automation_djh\artifacts\research_checks\2026-10-05_slope_bscan_2d_r1\slope_rough_s06




Model 1/1 solving on LAPTOP-83GRKUNE with CUDA backend using Device 0: NVIDIA GeForce RTX 4090 Laptop GPU

Written output file: profile.h5


Snapshot directory: E:\automation_djh\artifacts\research_checks\2026-10-05_slope_bscan_2d_r1\slope_rough_s06\profile_snaps

Memory used (estimated): ~521.4 MB host + ~1.9 GB device
Time taken: 2.0922 seconds

=== Simulation completed in 6.7231 seconds =====================================

