
=== Electromagnetic modelling software based on the Finite-Difference Time-Domain (FDTD) method 

    www.gprmax.com   __  __
     __ _ _ __  _ __|  \/  | __ ___  __
    / _` | '_ \| '__| |\/| |/ _` \ \/ /
   | (_| | |_) | |  | |  | | (_| |>  <
    \__, | .__/|_|  |_|  |_|\__,_/_/\_\\
    |___/|_|
                     v4.0.0 (Caol Ila)

 Copyright (C) 2015-2026: The University of Edinburgh, United Kingdom

 gprMax is free software: you can redistribute it and/or modify it under the
  terms of the GNU General Public License as published by the Free Software
  Foundation, either version 3 of the License, or (at your option) any later
  version.
 gprMax is distributed in the hope that it will be useful, but WITHOUT ANY
  WARRANTY; without even the implied warranty of MERCHANTABILITY or FITNESS FOR
  A PARTICULAR PURPOSE.  See the GNU General Public License for more details.
 You should have received a copy of the GNU General Public License along with
  gprMax.  If not, see www.gnu.org/licenses.

LAPTOP-83GRKUNE | unknown unknown | unknown x unknown (16 cores, 32 cores with Hyper-Threading) | 63.2 GiB | Windows 11 (64-bit)
|--->OpenMP: 16 threads
|--->CUDA:
     |--->Device 0: NVIDIA GeForce RTX 4090 Laptop GPU | 16.0 GiB
Constants/variables used/available for Python scripting: {c: 299792458.0, current_model_run: 1, e0: 8.8541878188e-12, inputfile: E:\automation_djh\artifacts\research_checks\2026-10-05_local_uav_free_space_fine_4090_r3\d0.05_y_reverse_y\profile.in, m0: 1.25663706127e-06, number_model_runs: 1, z0: 376.7303134118051}

Model title: Local ideal-dipole continuum benchmark; not a UAV hardware model
Spatial discretisation: 0.05 x 0.05 x 0.05m
Domain size: 8 x 8 x 8m (160 x 160 x 160 = 4.096e+06 cells)
Mode: 3D
Time step (at CFL limit): 9.62917e-11 secs
Time window: 1e-07 secs (1040 iterations)
Simulation will use 2 OpenMP threads
PML thickness: x0=20, y0=20, z0=20, xmax=20, ymax=20, zmax=20
Waveform pulse of type ricker with maximum amplitude scaling 20, frequency 1e+08Hz created.
Hertzian dipole with polarity y at 3.4m, 4.7m, 4m, using waveform pulse created.
Receiver at 3.4m, 3.4m, 4m with output component(s) Ex, Ey, Ez created.
PML formulation set to HORIPML

--- Model 1/1, input file: E:\automation_djh\artifacts\research_checks\2026-10-05_local_uav_free_space_fine_4090_r3\d0.05_y_reverse_y\profile.in 


Memory required (estimated): ~503.4 MB [main_grid] + ~65.0 MB overhead = 568.4 MB

PML boundaries [main_grid]: {formulation: HORIPML, order: 1, thickness (cells): 20}


Materials [main_grid]:
    |            |         |       | sigma |      | sigma*  | Dielectric 
 ID | Name       | Type    | eps_r | [S/m] | mu_r | [Ohm/m] | smoothable 
----+------------+---------+-------+-------+------+---------+------------
  0 | pec        | builtin | 1     | inf   | 1    | 0       | False      
  1 | pmc        | builtin | 1     | 0     | 1    | inf     | False      
  2 | free_space | builtin | 1     | 0     | 1    | 0       | True       

Spatial-resolution analysis [main_grid]: minimum 21.2 cells per phase wavelength in 'free_space', at 2.8307e+08 Hz.
[main_grid] continuum phase velocity 2.99792e+08 m/s, wavelength 1.05908 m at that limiting frequency.
Lossless numerical dispersion estimate [main_grid]: grid-axis phase-velocity error -0.25% in 'free_space' at 2.8307e+08 Hz. Propagation axis: x. This is a homogeneous bulk estimate, not an interface or stability guarantee.
Output directory: E:\automation_djh\artifacts\research_checks\2026-10-05_local_uav_free_space_fine_4090_r3\d0.05_y_reverse_y




Model 1/1 solving on LAPTOP-83GRKUNE with CUDA backend using Device 0: NVIDIA GeForce RTX 4090 Laptop GPU

Written output file: profile.h5

Memory used (estimated): ~607.4 MB host + ~1.8 GB device
Time taken: 3.3960 seconds

=== Simulation completed in 7.6635 seconds =====================================

