Traceback (most recent call last):
  File "E:\automation_djh\scripts\gprmax_cached_cuda_entry.py", line 47, in <module>
    runpy.run_module('gprMax',run_name='__main__')
  File "<frozen runpy>", line 229, in run_module
  File "<frozen runpy>", line 88, in _run_code
  File "E:\automation_djh\artifacts\local_checks\gprmax_v4_gpu_env2\Lib\site-packages\gprMax\__main__.py", line 23, in <module>
    gprMax.gprMax.cli()
  File "E:\automation_djh\artifacts\local_checks\gprmax_v4_gpu_env2\Lib\site-packages\gprMax\gprMax.py", line 372, in cli
    results = run_main(args)
              ^^^^^^^^^^^^^^
  File "E:\automation_djh\artifacts\local_checks\gprmax_v4_gpu_env2\Lib\site-packages\gprMax\gprMax.py", line 427, in run_main
    results = context.run()
              ^^^^^^^^^^^^^
  File "E:\automation_djh\artifacts\local_checks\gprmax_v4_gpu_env2\Lib\site-packages\gprMax\contexts.py", line 106, in run
    self._run_model(i)
  File "E:\automation_djh\artifacts\local_checks\gprmax_v4_gpu_env2\Lib\site-packages\gprMax\contexts.py", line 147, in _run_model
    self.model.build()
  File "E:\automation_djh\artifacts\local_checks\gprmax_v4_gpu_env2\Lib\site-packages\gprMax\model.py", line 402, in build
    self.build_geometry()
  File "E:\automation_djh\artifacts\local_checks\gprmax_v4_gpu_env2\Lib\site-packages\gprMax\model.py", line 569, in build_geometry
    grid.build()
  File "E:\automation_djh\artifacts\local_checks\gprmax_v4_gpu_env2\Lib\site-packages\gprMax\grid\fdtd_grid.py", line 411, in build
    self._eigenmode_port_grid_init()
  File "E:\automation_djh\artifacts\local_checks\gprmax_v4_gpu_env2\Lib\site-packages\gprMax\grid\fdtd_grid.py", line 1375, in _eigenmode_port_grid_init
    from gprMax.virtual_waveguide import initialise_virtual_waveguides
  File "E:\automation_djh\artifacts\local_checks\gprmax_v4_gpu_env2\Lib\site-packages\gprMax\virtual_waveguide.py", line 28, in <module>
    from gprMax.cython.virtual_waveguide import (
ImportError: DLL load failed while importing virtual_waveguide: 应用程序控制策略已阻止此文件。
