
=== Electromagnetic modelling software based on the Finite-Difference Time-Domain (FDTD) method 

    www.gprmax.com   __  __
     __ _ _ __  _ __|  \/  | __ ___  __
    / _` | '_ \| '__| |\/| |/ _` \ \/ /
   | (_| | |_) | |  | |  | | (_| |>  <
    \__, | .__/|_|  |_|  |_|\__,_/_/\_\\
    |___/|_|
                     v4.0.0 (Caol Ila)

 Copyright (C) 2015-2026: The University of Edinburgh, United Kingdom

 gprMax is free software: you can redistribute it and/or modify it under the
  terms of the GNU General Public License as published by the Free Software
  Foundation, either version 3 of the License, or (at your option) any later
  version.
 gprMax is distributed in the hope that it will be useful, but WITHOUT ANY
  WARRANTY; without even the implied warranty of MERCHANTABILITY or FITNESS FOR
  A PARTICULAR PURPOSE.  See the GNU General Public License for more details.
 You should have received a copy of the GNU General Public License along with
  gprMax.  If not, see www.gnu.org/licenses.

LAPTOP-83GRKUNE | unknown unknown | unknown x unknown (16 cores, 32 cores with Hyper-Threading) | 63.2 GiB | Windows 11 (64-bit)
|--->OpenMP: 16 threads
|--->CUDA:
     |--->Device 0: NVIDIA GeForce RTX 4090 Laptop GPU | 16.0 GiB
Constants/variables used/available for Python scripting: {c: 299792458.0, current_model_run: 1, e0: 8.8541878188e-12, inputfile: E:\automation_djh\artifacts\research_checks\2026-10-05_hs4_aperture_scan_r1\eps12_s0.001_halfspace_seg0\profile.in, m0: 1.25663706127e-06, number_model_runs: 16, z0: 376.7303134118051}

Model title: HS4T2D aperture scan v0.1 (cover eps_r=12 sigma=0.001; 8m altitude; 30m aperture on 108m domain)
Spatial discretisation: 0.025 x 0.05 x 0.025m
Dispersive material averaging: disabled
Domain size: 108 x 0.05 x 33m (4320 x 1 x 1320 = 5.7024e+06 cells)
#domain: 108.0 0.05 33.0 detected a 2D model from a 1-cell-thick axis (legacy, implicit style) - consider declaring '#domain_mode: TM' explicitly with 'inf' on that axis in '#domain' instead, which also supports TE mode.
Mode: 2D TMy
Time step (at CFL limit): 5.89664e-11 secs
Time window: 6e-07 secs (10177 iterations)
Simulation will use 8 OpenMP threads
PML thickness: x0=80, y0=0, z0=40, xmax=80, ymax=0, zmax=40
Simple sources will step 0.5m, 0m, 0m for each model run.
All receivers will step 0.5m, 0m, 0m for each model run.
Waveform impulse of type impulse with maximum amplitude scaling 1, frequency 1Hz created.
Hertzian dipole with polarity y at 38.6m, 0m, 20m, using waveform impulse created.
Receiver at 39.9m, 0m, 20m with output component(s) Ey created.
Material rock with eps_r=9, sigma=0.001 S/m; mu_r=1, sigma*=0 Ohm/m created.
Material cover with eps_r=12, sigma=0.001 S/m; mu_r=1, sigma*=0 Ohm/m created.
PML formulation set to HORIPML
Geometry view from 0m, 0m, 0m, to 108m, 0.05m, 33m, discretisation 0.025m, 0.05m, 0.025m, with filename base hs4t2d_geom created.
Box from 0m, 0m, 0m, to 108m, 0.05m, 12m of material(s) rock created, dielectric smoothing is on.
Box from 0m, 0m, 0m, to 108m, 0.05m, 12m of material(s) cover created, dielectric smoothing is on.

--- Model 1/16, input file: E:\automation_djh\artifacts\research_checks\2026-10-05_hs4_aperture_scan_r1\eps12_s0.001_halfspace_seg0\profile.in 


Memory required (estimated): ~1.2 GB [main_grid] + ~65.0 MB overhead = 1.3 GB

PML boundaries [main_grid]: {formulation: HORIPML, order: 1, thickness (cells): x0: 80, y0: 0, z0: 40, xmax: 80, ymax: 0, zmax: 40}


Materials [main_grid]:
    |                                        |                     |       | sigma  |      | sigma*  | Dielectric 
 ID | Name                                   | Type                | eps_r | [S/m]  | mu_r | [Ohm/m] | smoothable 
----+----------------------------------------+---------------------+-------+--------+------+---------+------------
  0 | pec                                    | builtin             | 1     | inf    | 1    | 0       | False      
  1 | pmc                                    | builtin             | 1     | 0      | 1    | inf     | False      
  2 | free_space                             | builtin             | 1     | 0      | 1    | 0       | True       
  3 | rock                                   |                     | 9     | 0.001  | 1    | 0       | True       
  4 | cover                                  |                     | 12    | 0.001  | 1    | 0       | True       
  5 | cover+cover+free_space+free_space      | dielectric-smoothed | 6.5   | 0.0005 | 1    | 0       | True       
  6 | Hmag_cover+cover+free_space+free_space | dielectric-smoothed | 6.5   | 0.0005 | 1    | 0       | True       

Numerical dispersion analysis [main_grid] not carried out as impulse waveform used.
Output directory: E:\automation_djh\artifacts\research_checks\2026-10-05_hs4_aperture_scan_r1\eps12_s0.001_halfspace_seg0




Model 1/16 solving on LAPTOP-83GRKUNE with CUDA backend using Device 0: NVIDIA GeForce RTX 4090 Laptop GPU

Written output file: profile1.h5

Memory used (estimated): ~1.1 GB host + ~2.2 GB device
Time taken: 14.9042 seconds


--- Model 2/16, input file (not re-processed, i.e. geometry fixed): E:\automation_djh\artifacts\research_checks\2026-10-05_hs4_aperture_scan_r1\eps12_s0.001_halfspace_seg0\profile.in 


Output directory: E:\automation_djh\artifacts\research_checks\2026-10-05_hs4_aperture_scan_r1\eps12_s0.001_halfspace_seg0




Model 2/16 solving on LAPTOP-83GRKUNE with CUDA backend using Device 0: NVIDIA GeForce RTX 4090 Laptop GPU

Written output file: profile2.h5

Memory used (estimated): ~1.1 GB host + ~2.2 GB device
Time taken: 14.5976 seconds


--- Model 3/16, input file (not re-processed, i.e. geometry fixed): E:\automation_djh\artifacts\research_checks\2026-10-05_hs4_aperture_scan_r1\eps12_s0.001_halfspace_seg0\profile.in 


Output directory: E:\automation_djh\artifacts\research_checks\2026-10-05_hs4_aperture_scan_r1\eps12_s0.001_halfspace_seg0




Model 3/16 solving on LAPTOP-83GRKUNE with CUDA backend using Device 0: NVIDIA GeForce RTX 4090 Laptop GPU

Written output file: profile3.h5

Memory used (estimated): ~1.1 GB host + ~2.2 GB device
Time taken: 14.6024 seconds


--- Model 4/16, input file (not re-processed, i.e. geometry fixed): E:\automation_djh\artifacts\research_checks\2026-10-05_hs4_aperture_scan_r1\eps12_s0.001_halfspace_seg0\profile.in 


Output directory: E:\automation_djh\artifacts\research_checks\2026-10-05_hs4_aperture_scan_r1\eps12_s0.001_halfspace_seg0




Model 4/16 solving on LAPTOP-83GRKUNE with CUDA backend using Device 0: NVIDIA GeForce RTX 4090 Laptop GPU

Written output file: profile4.h5

Memory used (estimated): ~1.1 GB host + ~2.2 GB device
Time taken: 14.6048 seconds


--- Model 5/16, input file (not re-processed, i.e. geometry fixed): E:\automation_djh\artifacts\research_checks\2026-10-05_hs4_aperture_scan_r1\eps12_s0.001_halfspace_seg0\profile.in 


Output directory: E:\automation_djh\artifacts\research_checks\2026-10-05_hs4_aperture_scan_r1\eps12_s0.001_halfspace_seg0




Model 5/16 solving on LAPTOP-83GRKUNE with CUDA backend using Device 0: NVIDIA GeForce RTX 4090 Laptop GPU

Written output file: profile5.h5

Memory used (estimated): ~1.1 GB host + ~2.2 GB device
Time taken: 14.6049 seconds


--- Model 6/16, input file (not re-processed, i.e. geometry fixed): E:\automation_djh\artifacts\research_checks\2026-10-05_hs4_aperture_scan_r1\eps12_s0.001_halfspace_seg0\profile.in 


Output directory: E:\automation_djh\artifacts\research_checks\2026-10-05_hs4_aperture_scan_r1\eps12_s0.001_halfspace_seg0




Model 6/16 solving on LAPTOP-83GRKUNE with CUDA backend using Device 0: NVIDIA GeForce RTX 4090 Laptop GPU

Written output file: profile6.h5

Memory used (estimated): ~1.1 GB host + ~2.2 GB device
Time taken: 14.6048 seconds


--- Model 7/16, input file (not re-processed, i.e. geometry fixed): E:\automation_djh\artifacts\research_checks\2026-10-05_hs4_aperture_scan_r1\eps12_s0.001_halfspace_seg0\profile.in 


Output directory: E:\automation_djh\artifacts\research_checks\2026-10-05_hs4_aperture_scan_r1\eps12_s0.001_halfspace_seg0




Model 7/16 solving on LAPTOP-83GRKUNE with CUDA backend using Device 0: NVIDIA GeForce RTX 4090 Laptop GPU

Written output file: profile7.h5

Memory used (estimated): ~1.1 GB host + ~2.2 GB device
Time taken: 16.0773 seconds


--- Model 8/16, input file (not re-processed, i.e. geometry fixed): E:\automation_djh\artifacts\research_checks\2026-10-05_hs4_aperture_scan_r1\eps12_s0.001_halfspace_seg0\profile.in 


Output directory: E:\automation_djh\artifacts\research_checks\2026-10-05_hs4_aperture_scan_r1\eps12_s0.001_halfspace_seg0




Model 8/16 solving on LAPTOP-83GRKUNE with CUDA backend using Device 0: NVIDIA GeForce RTX 4090 Laptop GPU

Written output file: profile8.h5

Memory used (estimated): ~1.1 GB host + ~2.2 GB device
Time taken: 14.6066 seconds


--- Model 9/16, input file (not re-processed, i.e. geometry fixed): E:\automation_djh\artifacts\research_checks\2026-10-05_hs4_aperture_scan_r1\eps12_s0.001_halfspace_seg0\profile.in 


Output directory: E:\automation_djh\artifacts\research_checks\2026-10-05_hs4_aperture_scan_r1\eps12_s0.001_halfspace_seg0




Model 9/16 solving on LAPTOP-83GRKUNE with CUDA backend using Device 0: NVIDIA GeForce RTX 4090 Laptop GPU

Written output file: profile9.h5

Memory used (estimated): ~1.1 GB host + ~2.2 GB device
Time taken: 15.9553 seconds


--- Model 10/16, input file (not re-processed, i.e. geometry fixed): E:\automation_djh\artifacts\research_checks\2026-10-05_hs4_aperture_scan_r1\eps12_s0.001_halfspace_seg0\profile.in 


Output directory: E:\automation_djh\artifacts\research_checks\2026-10-05_hs4_aperture_scan_r1\eps12_s0.001_halfspace_seg0




Model 10/16 solving on LAPTOP-83GRKUNE with CUDA backend using Device 0: NVIDIA GeForce RTX 4090 Laptop GPU

Written output file: profile10.h5

Memory used (estimated): ~1.1 GB host + ~2.2 GB device
Time taken: 14.6073 seconds


--- Model 11/16, input file (not re-processed, i.e. geometry fixed): E:\automation_djh\artifacts\research_checks\2026-10-05_hs4_aperture_scan_r1\eps12_s0.001_halfspace_seg0\profile.in 


Output directory: E:\automation_djh\artifacts\research_checks\2026-10-05_hs4_aperture_scan_r1\eps12_s0.001_halfspace_seg0




Model 11/16 solving on LAPTOP-83GRKUNE with CUDA backend using Device 0: NVIDIA GeForce RTX 4090 Laptop GPU

Written output file: profile11.h5

Memory used (estimated): ~1.1 GB host + ~2.2 GB device
Time taken: 15.8316 seconds


--- Model 12/16, input file (not re-processed, i.e. geometry fixed): E:\automation_djh\artifacts\research_checks\2026-10-05_hs4_aperture_scan_r1\eps12_s0.001_halfspace_seg0\profile.in 


Output directory: E:\automation_djh\artifacts\research_checks\2026-10-05_hs4_aperture_scan_r1\eps12_s0.001_halfspace_seg0




Model 12/16 solving on LAPTOP-83GRKUNE with CUDA backend using Device 0: NVIDIA GeForce RTX 4090 Laptop GPU

Written output file: profile12.h5

Memory used (estimated): ~1.1 GB host + ~2.2 GB device
Time taken: 14.6073 seconds


--- Model 13/16, input file (not re-processed, i.e. geometry fixed): E:\automation_djh\artifacts\research_checks\2026-10-05_hs4_aperture_scan_r1\eps12_s0.001_halfspace_seg0\profile.in 


Output directory: E:\automation_djh\artifacts\research_checks\2026-10-05_hs4_aperture_scan_r1\eps12_s0.001_halfspace_seg0




Model 13/16 solving on LAPTOP-83GRKUNE with CUDA backend using Device 0: NVIDIA GeForce RTX 4090 Laptop GPU

Written output file: profile13.h5

Memory used (estimated): ~1.1 GB host + ~2.2 GB device
Time taken: 15.8569 seconds


--- Model 14/16, input file (not re-processed, i.e. geometry fixed): E:\automation_djh\artifacts\research_checks\2026-10-05_hs4_aperture_scan_r1\eps12_s0.001_halfspace_seg0\profile.in 


Output directory: E:\automation_djh\artifacts\research_checks\2026-10-05_hs4_aperture_scan_r1\eps12_s0.001_halfspace_seg0




Model 14/16 solving on LAPTOP-83GRKUNE with CUDA backend using Device 0: NVIDIA GeForce RTX 4090 Laptop GPU

Written output file: profile14.h5

Memory used (estimated): ~1.1 GB host + ~2.2 GB device
Time taken: 14.6074 seconds


--- Model 15/16, input file (not re-processed, i.e. geometry fixed): E:\automation_djh\artifacts\research_checks\2026-10-05_hs4_aperture_scan_r1\eps12_s0.001_halfspace_seg0\profile.in 


Output directory: E:\automation_djh\artifacts\research_checks\2026-10-05_hs4_aperture_scan_r1\eps12_s0.001_halfspace_seg0




Model 15/16 solving on LAPTOP-83GRKUNE with CUDA backend using Device 0: NVIDIA GeForce RTX 4090 Laptop GPU

Written output file: profile15.h5

Memory used (estimated): ~1.1 GB host + ~2.2 GB device
Time taken: 15.9496 seconds


--- Model 16/16, input file (not re-processed, i.e. geometry fixed): E:\automation_djh\artifacts\research_checks\2026-10-05_hs4_aperture_scan_r1\eps12_s0.001_halfspace_seg0\profile.in 


Output directory: E:\automation_djh\artifacts\research_checks\2026-10-05_hs4_aperture_scan_r1\eps12_s0.001_halfspace_seg0




Model 16/16 solving on LAPTOP-83GRKUNE with CUDA backend using Device 0: NVIDIA GeForce RTX 4090 Laptop GPU

Written output file: profile16.h5

Memory used (estimated): ~1.1 GB host + ~2.2 GB device
Time taken: 14.6081 seconds

=== Simulation completed in 4 minutes and 17.0241 seconds ======================

