Traceback (most recent call last):
  File "E:\automation_djh\scripts\gprmax_cached_cuda_entry.py", line 47, in <module>
    runpy.run_module('gprMax',run_name='__main__')
  File "<frozen runpy>", line 229, in run_module
  File "<frozen runpy>", line 88, in _run_code
  File "E:\automation_djh\artifacts\local_checks\gprmax_v4_gpu_env2\Lib\site-packages\gprMax\__main__.py", line 23, in <module>
    gprMax.gprMax.cli()
  File "E:\automation_djh\artifacts\local_checks\gprmax_v4_gpu_env2\Lib\site-packages\gprMax\gprMax.py", line 372, in cli
    results = run_main(args)
              ^^^^^^^^^^^^^^
  File "E:\automation_djh\artifacts\local_checks\gprmax_v4_gpu_env2\Lib\site-packages\gprMax\gprMax.py", line 427, in run_main
    results = context.run()
              ^^^^^^^^^^^^^
  File "E:\automation_djh\artifacts\local_checks\gprmax_v4_gpu_env2\Lib\site-packages\gprMax\contexts.py", line 106, in run
    self._run_model(i)
  File "E:\automation_djh\artifacts\local_checks\gprmax_v4_gpu_env2\Lib\site-packages\gprMax\contexts.py", line 150, in _run_model
    solver = create_solver(self.model)
             ^^^^^^^^^^^^^^^^^^^^^^^^^
  File "E:\automation_djh\artifacts\local_checks\gprmax_v4_gpu_env2\Lib\site-packages\gprMax\solvers.py", line 195, in create_solver
    updates = CUDAUpdates(grid)
              ^^^^^^^^^^^^^^^^^
  File "E:\automation_djh\artifacts\local_checks\gprmax_v4_gpu_env2\Lib\site-packages\gprMax\updates\cuda_updates.py", line 101, in __init__
    self._initialise()
  File "E:\automation_djh\artifacts\local_checks\gprmax_v4_gpu_env2\Lib\site-packages\gprMax\updates\cuda_updates.py", line 142, in _initialise
    self._set_field_knls()
  File "E:\automation_djh\artifacts\local_checks\gprmax_v4_gpu_env2\Lib\site-packages\gprMax\updates\cuda_updates.py", line 255, in _set_field_knls
    knlE = self.source_module(bld, options=config.sim_config.devices["nvcc_opts"])
           ^^^^^^^^^^^^^^^^^^^^^^^^^^^^^^^^^^^^^^^^^^^^^^^^^^^^^^^^^^^^^^^^^^^^^^^
  File "E:\automation_djh\artifacts\local_checks\gprmax_v4_gpu_env2\Lib\site-packages\pycuda\compiler.py", line 348, in __init__
    cubin = compile(
            ^^^^^^^^
  File "E:\automation_djh\scripts\gprmax_cached_cuda_entry.py", line 37, in cached_compile
    cache[key] = original_compile(**arguments)
                 ^^^^^^^^^^^^^^^^^^^^^^^^^^^^^
  File "E:\automation_djh\artifacts\local_checks\gprmax_v4_gpu_env2\Lib\site-packages\pycuda\compiler.py", line 295, in compile
    return compile_plain(source, options, keep, nvcc, cache_dir, target)
           ^^^^^^^^^^^^^^^^^^^^^^^^^^^^^^^^^^^^^^^^^^^^^^^^^^^^^^^^^^^^^
  File "E:\automation_djh\artifacts\local_checks\gprmax_v4_gpu_env2\Lib\site-packages\pycuda\compiler.py", line 90, in compile_plain
    checksum.update(preprocess_source(source, options, nvcc).encode("utf-8"))
                    ^^^^^^^^^^^^^^^^^^^^^^^^^^^^^^^^^^^^^^^^
  File "E:\automation_djh\artifacts\local_checks\gprmax_v4_gpu_env2\Lib\site-packages\pycuda\compiler.py", line 58, in preprocess_source
    raise CompileError(
pycuda.driver.CompileError: nvcc preprocessing of C:\Users\ROG\AppData\Local\Temp\tmpheukou_p.cu failed
[command: nvcc --preprocess -w -arch sm_89 -m64 -IE:\automation_djh\artifacts\local_checks\gprmax_v4_gpu_env2\Lib\site-packages\pycuda\cuda C:\Users\ROG\AppData\Local\Temp\tmpheukou_p.cu --compiler-options -EP]
