
=== Electromagnetic modelling software based on the Finite-Difference Time-Domain (FDTD) method 

    www.gprmax.org   __  __
     __ _ _ __  _ __|  \/  | __ ___  __
    / _` | '_ \| '__| |\/| |/ _` \ \/ /
   | (_| | |_) | |  | |  | | (_| |>  <
    \__, | .__/|_|  |_|  |_|\__,_/_/\_\\
    |___/|_|
                     v4.0.1 (Caol Ila)

 Copyright (C) 2015-2026: The University of Edinburgh, United Kingdom

 gprMax is free software: you can redistribute it and/or modify it under the
  terms of the GNU General Public License as published by the Free Software
  Foundation, either version 3 of the License, or (at your option) any later
  version.
 gprMax is distributed in the hope that it will be useful, but WITHOUT ANY
  WARRANTY; without even the implied warranty of MERCHANTABILITY or FITNESS FOR
  A PARTICULAR PURPOSE.  See the GNU General Public License for more details.
 You should have received a copy of the GNU General Public License along with
  gprMax.  If not, see www.gnu.org/licenses.

LAPTOP-83GRKUNE | unknown unknown | unknown x unknown (16 cores, 32 cores with Hyper-Threading) | 63.2 GiB | Windows 11 (64-bit)
|--->OpenMP: 16 threads
|--->CUDA:
     |--->Device 0: NVIDIA GeForce RTX 4090 Laptop GPU | 16.0 GiB
Constants/variables used/available for Python scripting: {c: 299792458.0, current_model_run: 1, e0: 8.8541878188e-12, inputfile: E:\djh\line9_paper_mudstone_20261011_r1\execution\prepared\high_x19000_H0\cases\high_x19000_H0\profile.in, m0: 1.25663706127e-06, number_model_runs: 1, z0: 376.7303134118051}

Model title: high_x19000_H0; dense paired-loss diagnostic; no snapshots
Spatial discretisation: 0.025 x 0.025 x 0.025m
Requested domain mode: TM
Dispersive material averaging: enabled
Domain size: 210 x 42.5 x 0.025m (8400 x 1700 x 1 = 1.428e+07 cells)
Mode: 2D TMz
Time step (at CFL limit): 5.89664e-11 secs
Time window: 2.4e-06 secs (40703 iterations)
Simulation will use 2 OpenMP threads
PML thickness: x0=80, y0=80, z0=0, xmax=80, ymax=80, zmax=0
Waveform impulse of type impulse with maximum amplitude scaling 1, frequency 1Hz created.
Hertzian dipole with polarity z at 169.35m, 38.95m, 0m, using waveform impulse created.
Receiver at 170.65m, 39.025m, 0m with output component(s) Ez created.
PML formulation set to HORIPML
