Processing e:\automation_djh\automation_repo\artifacts\local_checks\gprmax_v4_build\wheels\gprmax-4.0.0-cp312-cp312-win_amd64.whl
Collecting colorama (from gprmax==4.0.0)
  Using cached colorama-0.4.6-py2.py3-none-any.whl.metadata (17 kB)
Requirement already satisfied: cython in e:\automation_djh\automation_repo\artifacts\local_checks\gprmax_v4_env\lib\site-packages (from gprmax==4.0.0) (3.3.0)
Collecting h5py (from gprmax==4.0.0)
  Downloading h5py-3.16.0-cp312-cp312-win_amd64.whl.metadata (3.1 kB)
Collecting humanize (from gprmax==4.0.0)
  Downloading humanize-4.16.0-py3-none-any.whl.metadata (8.0 kB)
Requirement already satisfied: jinja2 in e:\automation_djh\automation_repo\artifacts\local_checks\gprmax_v4_env\lib\site-packages (from gprmax==4.0.0) (3.1.6)
Collecting matplotlib (from gprmax==4.0.0)
  Downloading matplotlib-3.11.2-cp312-cp312-win_amd64.whl.metadata (80 kB)
Requirement already satisfied: numpy in e:\automation_djh\automation_repo\artifacts\local_checks\gprmax_v4_env\lib\site-packages (from gprmax==4.0.0) (2.5.3)
Collecting numpy-stl (from gprmax==4.0.0)
  Downloading numpy_stl-4.0.1-py3-none-any.whl.metadata (9.9 kB)
Collecting Pillow (from gprmax==4.0.0)
  Downloading pillow-12.3.0-cp312-cp312-win_amd64.whl.metadata (9.3 kB)
Collecting psutil (from gprmax==4.0.0)
  Using cached psutil-7.2.2-cp37-abi3-win_amd64.whl.metadata (22 kB)
Collecting scipy (from gprmax==4.0.0)
  Downloading scipy-1.18.1-cp312-cp312-win_amd64.whl.metadata (61 kB)
Collecting terminaltables (from gprmax==4.0.0)
  Using cached terminaltables-3.1.10-py2.py3-none-any.whl.metadata (3.5 kB)
Collecting tqdm (from gprmax==4.0.0)
  Downloading tqdm-4.70.1-py3-none-any.whl.metadata (57 kB)
Collecting typing_extensions (from gprmax==4.0.0)
  Using cached typing_extensions-4.16.0-py3-none-any.whl.metadata (3.3 kB)
Requirement already satisfied: MarkupSafe>=2.0 in e:\automation_djh\automation_repo\artifacts\local_checks\gprmax_v4_env\lib\site-packages (from jinja2->gprmax==4.0.0) (3.0.3)
Collecting contourpy>=1.0.1 (from matplotlib->gprmax==4.0.0)
  Downloading contourpy-1.4.0-cp312-cp312-win_amd64.whl.metadata (3.8 kB)
Collecting cycler>=0.10 (from matplotlib->gprmax==4.0.0)
  Downloading cycler-0.12.1-py3-none-any.whl.metadata (3.8 kB)
Collecting fonttools>=4.28.2 (from matplotlib->gprmax==4.0.0)
  Downloading fonttools-4.66.0-cp312-cp312-win_amd64.whl.metadata (131 kB)
Collecting kiwisolver>=1.3.1 (from matplotlib->gprmax==4.0.0)
  Downloading kiwisolver-1.5.1-cp312-cp312-win_amd64.whl.metadata (5.2 kB)
Requirement already satisfied: packaging>=20.0 in e:\automation_djh\automation_repo\artifacts\local_checks\gprmax_v4_env\lib\site-packages (from matplotlib->gprmax==4.0.0) (26.3)
Collecting pyparsing>=3 (from matplotlib->gprmax==4.0.0)
  Downloading pyparsing-3.3.3-py3-none-any.whl.metadata (5.9 kB)
Collecting python-dateutil>=2.7 (from matplotlib->gprmax==4.0.0)
  Downloading python_dateutil-2.9.0.post0-py2.py3-none-any.whl.metadata (8.4 kB)
Collecting python-utils>=3.4.5 (from numpy-stl->gprmax==4.0.0)
  Downloading python_utils-4.0.1-py3-none-any.whl.metadata (14 kB)
Collecting six>=1.5 (from python-dateutil>=2.7->matplotlib->gprmax==4.0.0)
  Downloading six-1.17.0-py2.py3-none-any.whl.metadata (1.7 kB)
Using cached colorama-0.4.6-py2.py3-none-any.whl (25 kB)
Downloading h5py-3.16.0-cp312-cp312-win_amd64.whl (3.2 MB)
   ---------------------------------------- 3.2/3.2 MB 1.9 MB/s eta 0:00:00
Downloading humanize-4.16.0-py3-none-any.whl (137 kB)
Downloading matplotlib-3.11.2-cp312-cp312-win_amd64.whl (9.3 MB)
   ---------------------------------------- 9.3/9.3 MB 2.9 MB/s eta 0:00:00
Downloading pillow-12.3.0-cp312-cp312-win_amd64.whl (7.2 MB)
   ---------------------------------------- 7.2/7.2 MB 3.0 MB/s eta 0:00:00
Downloading numpy_stl-4.0.1-py3-none-any.whl (32 kB)
Using cached typing_extensions-4.16.0-py3-none-any.whl (45 kB)
Using cached psutil-7.2.2-cp37-abi3-win_amd64.whl (137 kB)
Downloading scipy-1.18.1-cp312-cp312-win_amd64.whl (36.7 MB)
   ---------------------------------------- 36.7/36.7 MB 3.5 MB/s eta 0:00:00
Using cached terminaltables-3.1.10-py2.py3-none-any.whl (15 kB)
Downloading tqdm-4.70.1-py3-none-any.whl (80 kB)
Downloading contourpy-1.4.0-cp312-cp312-win_amd64.whl (234 kB)
Downloading cycler-0.12.1-py3-none-any.whl (8.3 kB)
Downloading fonttools-4.66.0-cp312-cp312-win_amd64.whl (2.5 MB)
   ---------------------------------------- 2.5/2.5 MB 1.5 MB/s eta 0:00:00
Downloading kiwisolver-1.5.1-cp312-cp312-win_amd64.whl (70 kB)
Downloading pyparsing-3.3.3-py3-none-any.whl (126 kB)
Downloading python_dateutil-2.9.0.post0-py2.py3-none-any.whl (229 kB)
Downloading python_utils-4.0.1-py3-none-any.whl (39 kB)
Downloading six-1.17.0-py2.py3-none-any.whl (11 kB)
Installing collected packages: typing_extensions, terminaltables, six, scipy, pyparsing, psutil, Pillow, kiwisolver, humanize, h5py, fonttools, cycler, contourpy, colorama, tqdm, python-utils, python-dateutil, numpy-stl, matplotlib, gprmax
Successfully installed Pillow-12.3.0 colorama-0.4.6 contourpy-1.4.0 cycler-0.12.1 fonttools-4.66.0 gprmax-4.0.0 h5py-3.16.0 humanize-4.16.0 kiwisolver-1.5.1 matplotlib-3.11.2 numpy-stl-4.0.1 psutil-7.2.2 pyparsing-3.3.3 python-dateutil-2.9.0.post0 python-utils-4.0.1 scipy-1.18.1 six-1.17.0 terminaltables-3.1.10 tqdm-4.70.1 typing_extensions-4.16.0

[notice] A new release of pip is available: 25.0.1 -> 26.2.1
[notice] To update, run: E:\automation_djh\automation_repo\artifacts\local_checks\gprmax_v4_env\Scripts\python.exe -m pip install --upgrade pip
